Component: ARM Compiler 5.06 update 7 (build 960) Tool: armlink [4d3601]

==============================================================================

Section Cross References

    main.o(i.AnalyseCommand_Task) refers to queue.o(i.xQueueGenericReceive) for xQueueGenericReceive
    main.o(i.AnalyseCommand_Task) refers to zigbee.o(i.Zigbee_Analyse_Command_Data) for Zigbee_Analyse_Command_Data
    main.o(i.AnalyseCommand_Task) refers to usart.o(i.send_customFrame) for send_customFrame
    main.o(i.AnalyseCommand_Task) refers to timer.o(i.PWM_LED_Light_Set) for PWM_LED_Light_Set
    main.o(i.AnalyseCommand_Task) refers to malloc.o(i.free) for free
    main.o(i.AnalyseCommand_Task) refers to main.o(.data) for cFrame_queue
    main.o(i.Key_Task) refers to key.o(i.key_scan) for key_scan
    main.o(i.Key_Task) refers to main.o(i.Try_To_Link) for Try_To_Link
    main.o(i.Key_Task) refers to stm32f10x_gpio.o(i.GPIO_ReadInputDataBit) for GPIO_ReadInputDataBit
    main.o(i.Key_Task) refers to key.o(.data) for net_key_time
    main.o(i.Key_Task) refers to main.o(.data) for zigbee
    main.o(i.Key_Task) refers to timer.o(.data) for PWMval
    main.o(i.SendHBPack_Task) refers to zigbee.o(i.Zigbee_Change_Mode) for Zigbee_Change_Mode
    main.o(i.SendHBPack_Task) refers to zigbee.o(i.Zigbee_Get_State) for Zigbee_Get_State
    main.o(i.SendHBPack_Task) refers to zigbee.o(i.Zigbee_Set_Send_Target) for Zigbee_Set_Send_Target
    main.o(i.SendHBPack_Task) refers to zigbee.o(i.Zigbee_Update_TerminalOnlineFlag) for Zigbee_Update_TerminalOnlineFlag
    main.o(i.SendHBPack_Task) refers to stm32f10x_gpio.o(i.GPIO_ResetBits) for GPIO_ResetBits
    main.o(i.SendHBPack_Task) refers to tasks.o(i.vTaskDelay) for vTaskDelay
    main.o(i.SendHBPack_Task) refers to usart.o(i.send_customFrame) for send_customFrame
    main.o(i.SendHBPack_Task) refers to stm32f10x_gpio.o(i.GPIO_SetBits) for GPIO_SetBits
    main.o(i.SendHBPack_Task) refers to queue.o(i.xQueueGenericReceive) for xQueueGenericReceive
    main.o(i.SendHBPack_Task) refers to timer.o(.data) for PWMval
    main.o(i.SendHBPack_Task) refers to main.o(.data) for infoFlag_semaphore
    main.o(i.TIM2_IRQHandler) refers to stm32f10x_tim.o(i.TIM_GetITStatus) for TIM_GetITStatus
    main.o(i.TIM2_IRQHandler) refers to malloc.o(i.malloc) for malloc
    main.o(i.TIM2_IRQHandler) refers to queue.o(i.xQueueGenericSendFromISR) for xQueueGenericSendFromISR
    main.o(i.TIM2_IRQHandler) refers to stm32f10x_gpio.o(i.GPIO_SetBits) for GPIO_SetBits
    main.o(i.TIM2_IRQHandler) refers to stm32f10x_tim.o(i.TIM_ClearITPendingBit) for TIM_ClearITPendingBit
    main.o(i.TIM2_IRQHandler) refers to main.o(.data) for millisecond
    main.o(i.TIM2_IRQHandler) refers to usart.o(.data) for usart1RXTime
    main.o(i.TIM2_IRQHandler) refers to usart.o(.bss) for usart1_rx_buffer
    main.o(i.TIM2_IRQHandler) refers to key.o(.data) for net_KeyCD
    main.o(i.TIM2_IRQHandler) refers to led.o(.data) for LED1FlashTime
    main.o(i.Try_To_Link) refers to stm32f10x_gpio.o(i.GPIO_ResetBits) for GPIO_ResetBits
    main.o(i.Try_To_Link) refers to zigbee.o(i.Zigbee_Change_Mode) for Zigbee_Change_Mode
    main.o(i.Try_To_Link) refers to zigbee.o(i.Zigbee_Restore_Factory_Setting) for Zigbee_Restore_Factory_Setting
    main.o(i.Try_To_Link) refers to tasks.o(i.vTaskDelay) for vTaskDelay
    main.o(i.Try_To_Link) refers to zigbee.o(i.Zigbee_Restart) for Zigbee_Restart
    main.o(i.Try_To_Link) refers to zigbee.o(i.Zigbee_Set_Type_To_Active_Terminal) for Zigbee_Set_Type_To_Active_Terminal
    main.o(i.Try_To_Link) refers to zigbee.o(i.Zigbee_Open_Net) for Zigbee_Open_Net
    main.o(i.Try_To_Link) refers to zigbee.o(i.Zigbee_Get_State) for Zigbee_Get_State
    main.o(i.Try_To_Link) refers to stm32f10x_gpio.o(i.GPIO_SetBits) for GPIO_SetBits
    main.o(i.Try_To_Link) refers to zigbee.o(i.Zigbee_Set_Send_Target) for Zigbee_Set_Send_Target
    main.o(i.Try_To_Link) refers to queue.o(i.xQueueGenericSend) for xQueueGenericSend
    main.o(i.Try_To_Link) refers to led.o(.data) for LED1FlashTime
    main.o(i.Try_To_Link) refers to main.o(.data) for APPJudgeFlag
    main.o(i.USART1_IRQHandler) refers to stm32f10x_usart.o(i.USART_GetITStatus) for USART_GetITStatus
    main.o(i.USART1_IRQHandler) refers to stm32f10x_usart.o(i.USART_ReceiveData) for USART_ReceiveData
    main.o(i.USART1_IRQHandler) refers to usart.o(.data) for usart1_rx_len
    main.o(i.USART1_IRQHandler) refers to usart.o(.bss) for usart1_rx_buffer
    main.o(i.main) refers to main.o(i.setup) for setup
    main.o(i.main) refers to queue.o(i.xQueueGenericCreate) for xQueueGenericCreate
    main.o(i.main) refers to tasks.o(i.xTaskCreate) for xTaskCreate
    main.o(i.main) refers to tasks.o(i.vTaskStartScheduler) for vTaskStartScheduler
    main.o(i.main) refers to main.o(.data) for cFrame_queue
    main.o(i.main) refers to main.o(i.Key_Task) for Key_Task
    main.o(i.main) refers to main.o(i.SendHBPack_Task) for SendHBPack_Task
[...]
    malloca.o(i.__malloc$memalign) refers to malloca.o(i.__aligned_malloc) for __aligned_malloc
    mallocra.o(i.__aligned_malloc$realloc) refers to mallocra.o(i.internal_alloc) for internal_alloc
    mallocra.o(i.__aligned_malloc$realloc) refers to mvars.o(.data) for __microlib_freelist_initialised
    mallocra.o(i.__aligned_malloc$realloc) refers to startup_stm32f10x_md.o(HEAP) for __heap_base
    mallocra.o(i.__aligned_malloc$realloc) refers to mvars.o(.data) for __microlib_freelist
    mallocra.o(i.__free$realloc$memalign) refers to mvars.o(.data) for __microlib_freelist
    mallocra.o(i.__malloc$realloc$memalign) refers to mallocra.o(i.__aligned_malloc$realloc) for __aligned_malloc$realloc
    mallocra.o(i.__realloc$memalign) refers to mallocra.o(i.__free$realloc$memalign) for __free$realloc$memalign
    mallocra.o(i.__realloc$memalign) refers to mallocra.o(i.internal_alloc) for internal_alloc
    mallocra.o(i.__realloc$memalign) refers to mallocra.o(i.__malloc$realloc$memalign) for __malloc$realloc$memalign
    mallocra.o(i.__realloc$memalign) refers to mvars.o(.data) for __microlib_freelist
    mallocra.o(i.internal_alloc) refers to memcpya.o(.text) for __aeabi_memcpy
    mallocra.o(i.internal_alloc) refers to mvars.o(.data) for __microlib_freelist
    fadd.o(.text) refers (Special) to iusefp.o(.text) for __I$use$fp
    fadd.o(.text) refers to fepilogue.o(.text) for _float_epilogue
    fmul.o(.text) refers (Special) to iusefp.o(.text) for __I$use$fp
    fflti.o(.text) refers (Special) to iusefp.o(.text) for __I$use$fp
    fflti.o(.text) refers to fepilogue.o(.text) for _float_epilogue
    ffixi.o(.text) refers (Special) to iusefp.o(.text) for __I$use$fp
    entry2.o(.ARM.Collect$$$$00000001) refers to entry2.o(.ARM.Collect$$$$00002712) for __lit__00000000
    entry2.o(.ARM.Collect$$$$00002712) refers to startup_stm32f10x_md.o(STACK) for __initial_sp
    entry2.o(__vectab_stack_and_reset_area) refers to startup_stm32f10x_md.o(STACK) for __initial_sp
    entry2.o(__vectab_stack_and_reset_area) refers to entry.o(.ARM.Collect$$$$00000000) for __main
    entry5.o(.ARM.Collect$$$$00000004) refers to init.o(.text) for __scatterload
    entry9a.o(.ARM.Collect$$$$0000000B) refers to main.o(i.main) for main
    entry9b.o(.ARM.Collect$$$$0000000C) refers to main.o(i.main) for main
    init.o(.text) refers to entry5.o(.ARM.Collect$$$$00000004) for __main_after_scatterload


==============================================================================

Removing Unused input sections from the image.

    Removing main.o(i.vApplicationGetTimerTaskMemory), (24 bytes).
    Removing system_stm32f10x.o(i.SystemCoreClockUpdate), (164 bytes).
    Removing system_stm32f10x.o(.data), (20 bytes).
    Removing delay.o(i.delay_init), (68 bytes).
    Removing delay.o(i.delay_ms), (84 bytes).
    Removing delay.o(i.delay_us), (76 bytes).
    Removing delay.o(.data), (4 bytes).
    Removing usart.o(i._sys_exit), (4 bytes).
    Removing usart.o(i.fputc), (28 bytes).
    Removing core_cm3.o(.emb_text), (32 bytes).
    Removing misc.o(i.NVIC_SetVectorTable), (20 bytes).
    Removing misc.o(i.NVIC_SystemLPConfig), (32 bytes).
    Removing misc.o(i.SysTick_CLKSourceConfig), (40 bytes).
    Removing stm32f10x_gpio.o(i.GPIO_AFIODeInit), (20 bytes).
    Removing stm32f10x_gpio.o(i.GPIO_DeInit), (200 bytes).
    Removing stm32f10x_gpio.o(i.GPIO_ETH_MediaInterfaceConfig), (12 bytes).
    Removing stm32f10x_gpio.o(i.GPIO_EXTILineConfig), (64 bytes).
    Removing stm32f10x_gpio.o(i.GPIO_EventOutputCmd), (12 bytes).
    Removing stm32f10x_gpio.o(i.GPIO_EventOutputConfig), (32 bytes).
    Removing stm32f10x_gpio.o(i.GPIO_PinLockConfig), (18 bytes).
    Removing stm32f10x_gpio.o(i.GPIO_PinRemapConfig), (144 bytes).
    Removing stm32f10x_gpio.o(i.GPIO_ReadInputData), (8 bytes).
    Removing stm32f10x_gpio.o(i.GPIO_ReadOutputData), (8 bytes).
    Removing stm32f10x_gpio.o(i.GPIO_ReadOutputDataBit), (18 bytes).
    Removing stm32f10x_gpio.o(i.GPIO_StructInit), (16 bytes).
    Removing stm32f10x_gpio.o(i.GPIO_Write), (4 bytes).
    Removing stm32f10x_gpio.o(i.GPIO_WriteBit), (10 bytes).
    Removing stm32f10x_dbgmcu.o(i.DBGMCU_Config), (32 bytes).
    Removing stm32f10x_dbgmcu.o(i.DBGMCU_GetDEVID), (16 bytes).
    Removing stm32f10x_dbgmcu.o(i.DBGMCU_GetREVID), (12 bytes).
    Removing stm32f10x_rcc.o(i.RCC_ADCCLKConfig), (24 bytes).
    Removing stm32f10x_rcc.o(i.RCC_AHBPeriphClockCmd), (32 bytes).
    Removing stm32f10x_rcc.o(i.RCC_APB1PeriphResetCmd), (32 bytes).
    Removing stm32f10x_rcc.o(i.RCC_APB2PeriphResetCmd), (32 bytes).
    Removing stm32f10x_rcc.o(i.RCC_AdjustHSICalibrationValue), (24 bytes).
    Removing stm32f10x_rcc.o(i.RCC_BackupResetCmd), (12 bytes).
    Removing stm32f10x_rcc.o(i.RCC_ClearFlag), (20 bytes).
    Removing stm32f10x_rcc.o(i.RCC_ClearITPendingBit), (12 bytes).
    Removing stm32f10x_rcc.o(i.RCC_ClockSecuritySystemCmd), (12 bytes).
    Removing stm32f10x_rcc.o(i.RCC_DeInit), (76 bytes).
    Removing stm32f10x_rcc.o(i.RCC_GetFlagStatus), (60 bytes).
    Removing stm32f10x_rcc.o(i.RCC_GetITStatus), (24 bytes).
    Removing stm32f10x_rcc.o(i.RCC_GetSYSCLKSource), (16 bytes).
    Removing stm32f10x_rcc.o(i.RCC_HCLKConfig), (24 bytes).
    Removing stm32f10x_rcc.o(i.RCC_HSEConfig), (76 bytes).
    Removing stm32f10x_rcc.o(i.RCC_HSICmd), (12 bytes).
    Removing stm32f10x_rcc.o(i.RCC_ITConfig), (32 bytes).
    Removing stm32f10x_rcc.o(i.RCC_LSEConfig), (52 bytes).
    Removing stm32f10x_rcc.o(i.RCC_LSICmd), (12 bytes).
    Removing stm32f10x_rcc.o(i.RCC_MCOConfig), (12 bytes).
    Removing stm32f10x_rcc.o(i.RCC_PCLK1Config), (24 bytes).
    Removing stm32f10x_rcc.o(i.RCC_PCLK2Config), (24 bytes).
    Removing stm32f10x_rcc.o(i.RCC_PLLCmd), (12 bytes).
    Removing stm32f10x_rcc.o(i.RCC_PLLConfig), (28 bytes).
    Removing stm32f10x_rcc.o(i.RCC_RTCCLKCmd), (12 bytes).
    Removing stm32f10x_rcc.o(i.RCC_RTCCLKConfig), (16 bytes).
    Removing stm32f10x_rcc.o(i.RCC_SYSCLKConfig), (24 bytes).
    Removing stm32f10x_rcc.o(i.RCC_USBCLKConfig), (12 bytes).
    Removing stm32f10x_rcc.o(i.RCC_WaitForHSEStartUp), (56 bytes).
    Removing stm32f10x_usart.o(i.USART_ClearITPendingBit), (30 bytes).
    Removing stm32f10x_usart.o(i.USART_ClockInit), (34 bytes).
    Removing stm32f10x_usart.o(i.USART_ClockStructInit), (12 bytes).
    Removing stm32f10x_usart.o(i.USART_DMACmd), (18 bytes).
    Removing stm32f10x_usart.o(i.USART_DeInit), (156 bytes).
    Removing stm32f10x_usart.o(i.USART_HalfDuplexCmd), (24 bytes).
    Removing stm32f10x_usart.o(i.USART_IrDACmd), (24 bytes).
    Removing stm32f10x_usart.o(i.USART_IrDAConfig), (18 bytes).
    Removing stm32f10x_usart.o(i.USART_LINBreakDetectLengthConfig), (18 bytes).
    Removing stm32f10x_usart.o(i.USART_LINCmd), (24 bytes).
    Removing stm32f10x_usart.o(i.USART_OneBitMethodCmd), (24 bytes).
    Removing stm32f10x_usart.o(i.USART_OverSampling8Cmd), (22 bytes).
    Removing stm32f10x_usart.o(i.USART_ReceiverWakeUpCmd), (24 bytes).
    Removing stm32f10x_usart.o(i.USART_SendBreak), (10 bytes).
    Removing stm32f10x_usart.o(i.USART_SetAddress), (18 bytes).
    Removing stm32f10x_usart.o(i.USART_SetGuardTime), (16 bytes).
    Removing stm32f10x_usart.o(i.USART_SetPrescaler), (16 bytes).
    Removing stm32f10x_usart.o(i.USART_SmartCardCmd), (24 bytes).
    Removing stm32f10x_usart.o(i.USART_SmartCardNACKCmd), (24 bytes).
    Removing stm32f10x_usart.o(i.USART_StructInit), (24 bytes).
    Removing stm32f10x_usart.o(i.USART_WakeUpConfig), (18 bytes).
    Removing stm32f10x_iwdg.o(i.IWDG_Enable), (16 bytes).
    Removing stm32f10x_iwdg.o(i.IWDG_GetFlagStatus), (24 bytes).
    Removing stm32f10x_iwdg.o(i.IWDG_ReloadCounter), (16 bytes).
    Removing stm32f10x_iwdg.o(i.IWDG_SetPrescaler), (12 bytes).
    Removing stm32f10x_iwdg.o(i.IWDG_SetReload), (12 bytes).
    Removing stm32f10x_iwdg.o(i.IWDG_WriteAccessCmd), (12 bytes).
    Removing stm32f10x_tim.o(i.TI1_Config), (128 bytes).
    Removing stm32f10x_tim.o(i.TI2_Config), (152 bytes).
    Removing stm32f10x_tim.o(i.TI3_Config), (144 bytes).
    Removing stm32f10x_tim.o(i.TI4_Config), (152 bytes).
    Removing stm32f10x_tim.o(i.TIM_BDTRConfig), (32 bytes).
    Removing stm32f10x_tim.o(i.TIM_BDTRStructInit), (18 bytes).
    Removing stm32f10x_tim.o(i.TIM_CCPreloadControl), (24 bytes).
    Removing stm32f10x_tim.o(i.TIM_CCxCmd), (30 bytes).
    Removing stm32f10x_tim.o(i.TIM_CCxNCmd), (30 bytes).
    Removing stm32f10x_tim.o(i.TIM_ClearFlag), (6 bytes).
    Removing stm32f10x_tim.o(i.TIM_ClearOC1Ref), (18 bytes).
    Removing stm32f10x_tim.o(i.TIM_ClearOC2Ref), (24 bytes).
    Removing stm32f10x_tim.o(i.TIM_ClearOC3Ref), (18 bytes).
    Removing stm32f10x_tim.o(i.TIM_ClearOC4Ref), (24 bytes).
    Removing stm32f10x_tim.o(i.TIM_CounterModeConfig), (18 bytes).
    Removing stm32f10x_tim.o(i.TIM_CtrlPWMOutputs), (30 bytes).
    Removing stm32f10x_tim.o(i.TIM_DMACmd), (18 bytes).
    Removing stm32f10x_tim.o(i.TIM_DMAConfig), (10 bytes).
    Removing stm32f10x_tim.o(i.TIM_DeInit), (488 bytes).
    Removing stm32f10x_tim.o(i.TIM_ETRClockMode1Config), (54 bytes).
    Removing stm32f10x_tim.o(i.TIM_ETRClockMode2Config), (32 bytes).
    Removing stm32f10x_tim.o(i.TIM_ETRConfig), (28 bytes).
    Removing stm32f10x_tim.o(i.TIM_EncoderInterfaceConfig), (66 bytes).
    Removing stm32f10x_tim.o(i.TIM_ForcedOC1Config), (18 bytes).
    Removing stm32f10x_tim.o(i.TIM_ForcedOC2Config), (26 bytes).
    Removing stm32f10x_tim.o(i.TIM_ForcedOC3Config), (18 bytes).
    Removing stm32f10x_tim.o(i.TIM_ForcedOC4Config), (26 bytes).
    Removing stm32f10x_tim.o(i.TIM_GenerateEvent), (4 bytes).
    Removing stm32f10x_tim.o(i.TIM_GetCapture1), (6 bytes).
    Removing stm32f10x_tim.o(i.TIM_GetCapture2), (6 bytes).
    Removing stm32f10x_tim.o(i.TIM_GetCapture3), (6 bytes).
    Removing stm32f10x_tim.o(i.TIM_GetCapture4), (8 bytes).
    Removing stm32f10x_tim.o(i.TIM_GetCounter), (6 bytes).
    Removing stm32f10x_tim.o(i.TIM_GetFlagStatus), (18 bytes).
    Removing stm32f10x_tim.o(i.TIM_GetPrescaler), (6 bytes).
    Removing stm32f10x_tim.o(i.TIM_ICInit), (172 bytes).
    Removing stm32f10x_tim.o(i.TIM_ICStructInit), (18 bytes).
    Removing stm32f10x_tim.o(i.TIM_ITRxExternalClockConfig), (24 bytes).
    Removing stm32f10x_tim.o(i.TIM_InternalClockConfig), (12 bytes).
    Removing stm32f10x_tim.o(i.TIM_OC1FastConfig), (18 bytes).
    Removing stm32f10x_tim.o(i.TIM_OC1NPolarityConfig), (18 bytes).
    Removing stm32f10x_tim.o(i.TIM_OC1PolarityConfig), (18 bytes).
    Removing stm32f10x_tim.o(i.TIM_OC2FastConfig), (26 bytes).
    Removing stm32f10x_tim.o(i.TIM_OC2NPolarityConfig), (26 bytes).
    Removing stm32f10x_tim.o(i.TIM_OC2PolarityConfig), (26 bytes).
    Removing stm32f10x_tim.o(i.TIM_OC3FastConfig), (18 bytes).
    Removing stm32f10x_tim.o(i.TIM_OC3NPolarityConfig), (26 bytes).
    Removing stm32f10x_tim.o(i.TIM_OC3PolarityConfig), (26 bytes).
    Removing stm32f10x_tim.o(i.TIM_OC4FastConfig), (26 bytes).
    Removing stm32f10x_tim.o(i.TIM_OC4PolarityConfig), (26 bytes).
    Removing stm32f10x_tim.o(i.TIM_OCStructInit), (20 bytes).
    Removing stm32f10x_tim.o(i.TIM_PWMIConfig), (124 bytes).
    Removing stm32f10x_tim.o(i.TIM_PrescalerConfig), (6 bytes).
    Removing stm32f10x_tim.o(i.TIM_SelectCCDMA), (24 bytes).
    Removing stm32f10x_tim.o(i.TIM_SelectCOM), (24 bytes).
    Removing stm32f10x_tim.o(i.TIM_SelectHallSensor), (24 bytes).
    Removing stm32f10x_tim.o(i.TIM_SelectInputTrigger), (18 bytes).
    Removing stm32f10x_tim.o(i.TIM_SelectMasterSlaveMode), (18 bytes).
    Removing stm32f10x_tim.o(i.TIM_SelectOCxM), (82 bytes).
    Removing stm32f10x_tim.o(i.TIM_SelectOnePulseMode), (18 bytes).
    Removing stm32f10x_tim.o(i.TIM_SelectOutputTrigger), (18 bytes).
    Removing stm32f10x_tim.o(i.TIM_SelectSlaveMode), (18 bytes).
    Removing stm32f10x_tim.o(i.TIM_SetAutoreload), (4 bytes).
    Removing stm32f10x_tim.o(i.TIM_SetClockDivision), (18 bytes).
    Removing stm32f10x_tim.o(i.TIM_SetCounter), (4 bytes).
    Removing stm32f10x_tim.o(i.TIM_SetIC1Prescaler), (18 bytes).
    Removing stm32f10x_tim.o(i.TIM_SetIC2Prescaler), (26 bytes).
    Removing stm32f10x_tim.o(i.TIM_SetIC3Prescaler), (18 bytes).
    Removing stm32f10x_tim.o(i.TIM_SetIC4Prescaler), (26 bytes).
    Removing stm32f10x_tim.o(i.TIM_TIxExternalClockConfig), (62 bytes).
    Removing stm32f10x_tim.o(i.TIM_TimeBaseStructInit), (18 bytes).
    Removing stm32f10x_tim.o(i.TIM_UpdateDisableConfig), (24 bytes).
    Removing stm32f10x_tim.o(i.TIM_UpdateRequestConfig), (24 bytes).
    Removing stm32f10x_i2c.o(i.I2C_ARPCmd), (24 bytes).
    Removing stm32f10x_i2c.o(i.I2C_AcknowledgeConfig), (24 bytes).
    Removing stm32f10x_i2c.o(i.I2C_CalculatePEC), (24 bytes).
    Removing stm32f10x_i2c.o(i.I2C_CheckEvent), (42 bytes).
    Removing stm32f10x_i2c.o(i.I2C_ClearFlag), (12 bytes).
    Removing stm32f10x_i2c.o(i.I2C_ClearITPendingBit), (12 bytes).
    Removing stm32f10x_i2c.o(i.I2C_Cmd), (24 bytes).
    Removing stm32f10x_i2c.o(i.I2C_DMACmd), (24 bytes).
    Removing stm32f10x_i2c.o(i.I2C_DMALastTransferCmd), (24 bytes).
    Removing stm32f10x_i2c.o(i.I2C_DeInit), (56 bytes).
    Removing stm32f10x_i2c.o(i.I2C_DualAddressCmd), (24 bytes).
    Removing stm32f10x_i2c.o(i.I2C_FastModeDutyCycleConfig), (28 bytes).
    Removing stm32f10x_i2c.o(i.I2C_GeneralCallCmd), (24 bytes).
    Removing stm32f10x_i2c.o(i.I2C_GenerateSTART), (24 bytes).
    Removing stm32f10x_i2c.o(i.I2C_GenerateSTOP), (24 bytes).
    Removing stm32f10x_i2c.o(i.I2C_GetFlagStatus), (58 bytes).
    Removing stm32f10x_i2c.o(i.I2C_GetITStatus), (38 bytes).
    Removing stm32f10x_i2c.o(i.I2C_GetLastEvent), (26 bytes).
    Removing stm32f10x_i2c.o(i.I2C_GetPEC), (8 bytes).
    Removing stm32f10x_i2c.o(i.I2C_ITConfig), (18 bytes).
    Removing stm32f10x_i2c.o(i.I2C_Init), (236 bytes).
    Removing stm32f10x_i2c.o(i.I2C_NACKPositionConfig), (28 bytes).
    Removing stm32f10x_i2c.o(i.I2C_OwnAddress2Config), (22 bytes).
    Removing stm32f10x_i2c.o(i.I2C_PECPositionConfig), (28 bytes).
    Removing stm32f10x_i2c.o(i.I2C_ReadRegister), (22 bytes).
    Removing stm32f10x_i2c.o(i.I2C_ReceiveData), (8 bytes).
    Removing stm32f10x_i2c.o(i.I2C_SMBusAlertConfig), (28 bytes).
    Removing stm32f10x_i2c.o(i.I2C_Send7bitAddress), (18 bytes).
    Removing stm32f10x_i2c.o(i.I2C_SendData), (4 bytes).
    Removing stm32f10x_i2c.o(i.I2C_SoftwareResetCmd), (22 bytes).
    Removing stm32f10x_i2c.o(i.I2C_StretchClockCmd), (24 bytes).
    Removing stm32f10x_i2c.o(i.I2C_StructInit), (30 bytes).
    Removing stm32f10x_i2c.o(i.I2C_TransmitPEC), (24 bytes).
    Removing stm32f10x_exti.o(i.EXTI_ClearFlag), (12 bytes).
    Removing stm32f10x_exti.o(i.EXTI_ClearITPendingBit), (12 bytes).
    Removing stm32f10x_exti.o(i.EXTI_DeInit), (36 bytes).
    Removing stm32f10x_exti.o(i.EXTI_GenerateSWInterrupt), (16 bytes).
    Removing stm32f10x_exti.o(i.EXTI_GetFlagStatus), (24 bytes).
    Removing stm32f10x_exti.o(i.EXTI_GetITStatus), (40 bytes).
    Removing stm32f10x_exti.o(i.EXTI_Init), (148 bytes).
    Removing stm32f10x_exti.o(i.EXTI_StructInit), (16 bytes).
    Removing port.o(i.vPortEndScheduler), (2 bytes).
    Removing heap_4.o(i.vPortInitialiseBlocks), (2 bytes).
    Removing heap_4.o(i.xPortGetFreeHeapSize), (12 bytes).
    Removing heap_4.o(i.xPortGetMinimumEverFreeHeapSize), (12 bytes).
    Removing event_groups.o(i.prvTestWaitCondition), (30 bytes).
    Removing event_groups.o(i.vEventGroupClearBitsCallback), (16 bytes).
    Removing event_groups.o(i.vEventGroupDelete), (46 bytes).
    Removing event_groups.o(i.vEventGroupSetBitsCallback), (16 bytes).
    Removing event_groups.o(i.xEventGroupClearBits), (32 bytes).
    Removing event_groups.o(i.xEventGroupCreate), (30 bytes).
    Removing event_groups.o(i.xEventGroupCreateStatic), (26 bytes).
    Removing event_groups.o(i.xEventGroupGetBitsFromISR), (44 bytes).
    Removing event_groups.o(i.xEventGroupSetBits), (146 bytes).
    Removing event_groups.o(i.xEventGroupSync), (164 bytes).
    Removing event_groups.o(i.xEventGroupWaitBits), (200 bytes).
    Removing queue.o(i.prvInitialiseMutex), (28 bytes).
    Removing queue.o(i.uxQueueMessagesWaiting), (18 bytes).
    Removing queue.o(i.uxQueueMessagesWaitingFromISR), (6 bytes).
    Removing queue.o(i.uxQueueSpacesAvailable), (24 bytes).
    Removing queue.o(i.vQueueDelete), (20 bytes).
    Removing queue.o(i.xQueueCreateCountingSemaphore), (26 bytes).
    Removing queue.o(i.xQueueCreateCountingSemaphoreStatic), (34 bytes).
    Removing queue.o(i.xQueueCreateMutex), (34 bytes).
    Removing queue.o(i.xQueueCreateMutexStatic), (42 bytes).
    Removing queue.o(i.xQueueGenericCreateStatic), (46 bytes).
    Removing queue.o(i.xQueueGiveFromISR), (120 bytes).
    Removing queue.o(i.xQueueIsQueueEmptyFromISR), (14 bytes).
    Removing queue.o(i.xQueueIsQueueFullFromISR), (18 bytes).
    Removing queue.o(i.xQueuePeekFromISR), (74 bytes).
    Removing queue.o(i.xQueueReceiveFromISR), (130 bytes).
    Removing tasks.o(i.pcTaskGetName), (24 bytes).
    Removing tasks.o(i.prvTaskIsTaskSuspended), (64 bytes).
    Removing tasks.o(i.ulTaskNotifyTake), (116 bytes).
    Removing tasks.o(i.uxTaskGetNumberOfTasks), (12 bytes).
    Removing tasks.o(i.uxTaskPriorityGet), (36 bytes).
    Removing tasks.o(i.uxTaskPriorityGetFromISR), (56 bytes).
    Removing tasks.o(i.uxTaskResetEventItemValue), (28 bytes).
    Removing tasks.o(i.vTaskDelayUntil), (116 bytes).
    Removing tasks.o(i.vTaskDelete), (204 bytes).
    Removing tasks.o(i.vTaskEndScheduler), (36 bytes).
    Removing tasks.o(i.vTaskNotifyGiveFromISR), (180 bytes).
    Removing tasks.o(i.vTaskPlaceOnUnorderedEventList), (44 bytes).
    Removing tasks.o(i.vTaskPrioritySet), (244 bytes).
    Removing tasks.o(i.vTaskResume), (120 bytes).
    Removing tasks.o(i.vTaskSuspend), (188 bytes).
    Removing tasks.o(i.xTaskGenericNotify), (196 bytes).
    Removing tasks.o(i.xTaskGenericNotifyFromISR), (252 bytes).
    Removing tasks.o(i.xTaskGetCurrentTaskHandle), (12 bytes).
    Removing tasks.o(i.xTaskGetTickCount), (12 bytes).
    Removing tasks.o(i.xTaskGetTickCountFromISR), (12 bytes).
    Removing tasks.o(i.xTaskNotifyStateClear), (52 bytes).
    Removing tasks.o(i.xTaskNotifyWait), (160 bytes).
    Removing tasks.o(i.xTaskRemoveFromUnorderedEventList), (112 bytes).
    Removing tasks.o(i.xTaskResumeFromISR), (152 bytes).
    Removing pid.o(i.PID_Classic), (106 bytes).
    Removing pid.o(i.PID_Create_Object), (38 bytes).
    Removing tea.o(i.decrypt), (72 bytes).
    Removing tea.o(i.encrypt), (108 bytes).
    Removing tea.o(i.tea_decrypt), (104 bytes).
    Removing tea.o(i.tea_encrypt), (96 bytes).
    Removing zigbee.o(i.Zigbee_Close_Net), (116 bytes).
    Removing fadd.o(.text), (176 bytes).
    Removing fmul.o(.text), (100 bytes).
    Removing fflti.o(.text), (18 bytes).
    Removing ffixi.o(.text), (50 bytes).
    Removing fepilogue.o(.text), (110 bytes).

266 unused section(s) (total 11774 bytes) removed from the image.

==============================================================================

Image Symbol Table

    Local Symbols

    Symbol Name                              Value     Ov Type        Size  Object(Section)

    ../clib/microlib/init/entry.s            0x00000000   Number         0  entry9b.o ABSOLUTE
    ../clib/microlib/init/entry.s            0x00000000   Number         0  entry8b.o ABSOLUTE
    ../clib/microlib/init/entry.s            0x00000000   Number         0  entry5.o ABSOLUTE
    ../clib/microlib/init/entry.s            0x00000000   Number         0  entry.o ABSOLUTE
    ../clib/microlib/init/entry.s            0x00000000   Number         0  entry12b.o ABSOLUTE
    ../clib/microlib/init/entry.s            0x00000000   Number         0  entry12a.o ABSOLUTE
    ../clib/microlib/init/entry.s            0x00000000   Number         0  entry11b.o ABSOLUTE
    ../clib/microlib/init/entry.s            0x00000000   Number         0  entry11a.o ABSOLUTE
    ../clib/microlib/init/entry.s            0x00000000   Number         0  entry10b.o ABSOLUTE
    ../clib/microlib/init/entry.s            0x00000000   Number         0  entry10a.o ABSOLUTE
    ../clib/microlib/init/entry.s            0x00000000   Number         0  entry9a.o ABSOLUTE
    ../clib/microlib/init/entry.s            0x00000000   Number         0  entry2.o ABSOLUTE
    ../clib/microlib/init/entry.s            0x00000000   Number         0  entry8a.o ABSOLUTE
    ../clib/microlib/init/entry.s            0x00000000   Number         0  entry7b.o ABSOLUTE
    ../clib/microlib/init/entry.s            0x00000000   Number         0  entry7a.o ABSOLUTE
    ../clib/microlib/malloc/malloc.c         0x00000000   Number         0  mallocra.o ABSOLUTE
    ../clib/microlib/malloc/malloc.c         0x00000000   Number         0  malloca.o ABSOLUTE
    ../clib/microlib/malloc/malloc.c         0x00000000   Number         0  mallocr.o ABSOLUTE
    ../clib/microlib/malloc/malloc.c         0x00000000   Number         0  malloc.o ABSOLUTE
    ../clib/microlib/malloc/mvars.c          0x00000000   Number         0  mvars.o ABSOLUTE
    ../clib/microlib/string/memcpy.c         0x00000000   Number         0  memcpya.o ABSOLUTE
    ../clib/microlib/string/memcpy.c         0x00000000   Number         0  memcpyb.o ABSOLUTE
    ../clib/microlib/stubs.s                 0x00000000   Number         0  useno.o ABSOLUTE
    ../clib/microlib/stubs.s                 0x00000000   Number         0  iusefp.o ABSOLUTE
    ../fplib/microlib/fpadd.c                0x00000000   Number         0  fadd.o ABSOLUTE
    ../fplib/microlib/fpepilogue.c           0x00000000   Number         0  fepilogue.o ABSOLUTE
    ../fplib/microlib/fpfix.c                0x00000000   Number         0  ffixi.o ABSOLUTE
    ../fplib/microlib/fpflt.c                0x00000000   Number         0  fflti.o ABSOLUTE
    ../fplib/microlib/fpmul.c                0x00000000   Number         0  fmul.o ABSOLUTE
    ..\CORE\core_cm3.c                       0x00000000   Number         0  core_cm3.o ABSOLUTE
    ..\CORE\startup_stm32f10x_md.s           0x00000000   Number         0  startup_stm32f10x_md.o ABSOLUTE
    ..\FreeRTOS\port\MemMang\heap_4.c        0x00000000   Number         0  heap_4.o ABSOLUTE
    ..\FreeRTOS\port\RVDS\ARM_CM3\port.c     0x00000000   Number         0  port.o ABSOLUTE
    ..\FreeRTOS\src\croutine.c               0x00000000   Number         0  croutine.o ABSOLUTE
    ..\FreeRTOS\src\event_groups.c           0x00000000   Number         0  event_groups.o ABSOLUTE
    ..\FreeRTOS\src\list.c                   0x00000000   Number         0  list.o ABSOLUTE
    ..\FreeRTOS\src\queue.c                  0x00000000   Number         0  queue.o ABSOLUTE
    ..\FreeRTOS\src\tasks.c                  0x00000000   Number         0  tasks.o ABSOLUTE
    ..\FreeRTOS\src\timers.c                 0x00000000   Number         0  timers.o ABSOLUTE
    ..\STM32F10x_FWLib\src\misc.c            0x00000000   Number         0  misc.o ABSOLUTE
    ..\STM32F10x_FWLib\src\stm32f10x_dbgmcu.c 0x00000000   Number         0  stm32f10x_dbgmcu.o ABSOLUTE
    ..\STM32F10x_FWLib\src\stm32f10x_exti.c  0x00000000   Number         0  stm32f10x_exti.o ABSOLUTE
    ..\STM32F10x_FWLib\src\stm32f10x_gpio.c  0x00000000   Number         0  stm32f10x_gpio.o ABSOLUTE
    ..\STM32F10x_FWLib\src\stm32f10x_i2c.c   0x00000000   Number         0  stm32f10x_i2c.o ABSOLUTE
    ..\STM32F10x_FWLib\src\stm32f10x_iwdg.c  0x00000000   Number         0  stm32f10x_iwdg.o ABSOLUTE
    ..\STM32F10x_FWLib\src\stm32f10x_rcc.c   0x00000000   Number         0  stm32f10x_rcc.o ABSOLUTE
    ..\STM32F10x_FWLib\src\stm32f10x_tim.c   0x00000000   Number         0  stm32f10x_tim.o ABSOLUTE
    ..\STM32F10x_FWLib\src\stm32f10x_usart.c 0x00000000   Number         0  stm32f10x_usart.o ABSOLUTE
    ..\SYSTEM\delay\delay.c                  0x00000000   Number         0  delay.o ABSOLUTE
    ..\SYSTEM\timer\timer.c                  0x00000000   Number         0  timer.o ABSOLUTE
    ..\SYSTEM\usart\usart.c                  0x00000000   Number         0  usart.o ABSOLUTE
    ..\\CORE\\core_cm3.c                     0x00000000   Number         0  core_cm3.o ABSOLUTE
    ..\\FreeRTOS\\port\\RVDS\\ARM_CM3\\port.c 0x00000000   Number         0  port.o ABSOLUTE
    ..\components\KEY\key.c                  0x00000000   Number         0  key.o ABSOLUTE
    ..\components\LED\led.c                  0x00000000   Number         0  led.o ABSOLUTE
    ..\components\PID\PID.c                  0x00000000   Number         0  pid.o ABSOLUTE
    ..\components\TEA\tea.c                  0x00000000   Number         0  tea.o ABSOLUTE
    ..\components\Zigbee\Zigbee.c            0x00000000   Number         0  zigbee.o ABSOLUTE
    dc.s                                     0x00000000   Number         0  dc.o ABSOLUTE
    handlers.s                               0x00000000   Number         0  handlers.o ABSOLUTE
    init.s                                   0x00000000   Number         0  init.o ABSOLUTE
    main.c                                   0x00000000   Number         0  main.o ABSOLUTE
    stm32f10x_it.c                           0x00000000   Number         0  stm32f10x_it.o ABSOLUTE
    system_stm32f10x.c                       0x00000000   Number         0  system_stm32f10x.o ABSOLUTE
    RESET                                    0x08000000   Section      236  startup_stm32f10x_md.o(RESET)
    .ARM.Collect$$$$00000000                 0x080000ec   Section        0  entry.o(.ARM.Collect$$$$00000000)
    .ARM.Collect$$$$00000001                 0x080000ec   Section        4  entry2.o(.ARM.Collect$$$$00000001)
    .ARM.Collect$$$$00000004                 0x080000f0   Section        4  entry5.o(.ARM.Collect$$$$00000004)
    .ARM.Collect$$$$00000008                 0x080000f4   Section        0  entry7b.o(.ARM.Collect$$$$00000008)
    .ARM.Collect$$$$0000000A                 0x080000f4   Section        0  entry8b.o(.ARM.Collect$$$$0000000A)
    .ARM.Collect$$$$0000000B                 0x080000f4   Section        8  entry9a.o(.ARM.Collect$$$$0000000B)
    .ARM.Collect$$$$0000000E                 0x080000fc   Section        4  entry12b.o(.ARM.Collect$$$$0000000E)
    .ARM.Collect$$$$0000000F                 0x08000100   Section        0  entry10a.o(.ARM.Collect$$$$0000000F)
    .ARM.Collect$$$$00000011                 0x08000100   Section        0  entry11a.o(.ARM.Collect$$$$00000011)
    .ARM.Collect$$$$00002712                 0x08000100   Section        4  entry2.o(.ARM.Collect$$$$00002712)
    __lit__00000000                          0x08000100   Data           4  entry2.o(.ARM.Collect$$$$00002712)
    .emb_text                                0x08000104   Section      150  port.o(.emb_text)
    .text                                    0x0800019c   Section       36  startup_stm32f10x_md.o(.text)
    .text                                    0x080001c0   Section        0  memcpya.o(.text)
    .text                                    0x080001e4   Section       36  init.o(.text)
    i.AnalyseCommand_Task                    0x08000208   Section        0  main.o(i.AnalyseCommand_Task)
    AnalyseCommand_Task                      0x08000209   Thumb Code   160  main.o(i.AnalyseCommand_Task)
    i.BusFault_Handler                       0x080002b0   Section        0  stm32f10x_it.o(i.BusFault_Handler)
    i.DebugMon_Handler                       0x080002b4   Section        0  stm32f10x_it.o(i.DebugMon_Handler)
    i.GPIO_Init                              0x080002b6   Section        0  stm32f10x_gpio.o(i.GPIO_Init)
    i.GPIO_ReadInputDataBit                  0x080003cc   Section        0  stm32f10x_gpio.o(i.GPIO_ReadInputDataBit)
    i.GPIO_ResetBits                         0x080003de   Section        0  stm32f10x_gpio.o(i.GPIO_ResetBits)
    i.GPIO_SetBits                           0x080003e2   Section        0  stm32f10x_gpio.o(i.GPIO_SetBits)
    i.HardFault_Handler                      0x080003e6   Section        0  stm32f10x_it.o(i.HardFault_Handler)
    i.Key_Task                               0x080003ec   Section        0  main.o(i.Key_Task)
    Key_Task                                 0x080003ed   Thumb Code   408  main.o(i.Key_Task)
    i.LED1_Init                              0x080005b4   Section        0  led.o(i.LED1_Init)
    i.LED2_Init                              0x080005ec   Section        0  led.o(i.LED2_Init)
    i.LED_Init                               0x08000624   Section        0  led.o(i.LED_Init)
    i.MemManage_Handler                      0x08000630   Section        0  stm32f10x_it.o(i.MemManage_Handler)
    i.NMI_Handler                            0x08000634   Section        0  stm32f10x_it.o(i.NMI_Handler)
    i.NVIC_Init                              0x08000638   Section        0  misc.o(i.NVIC_Init)
    i.NVIC_PriorityGroupConfig               0x080006a8   Section        0  misc.o(i.NVIC_PriorityGroupConfig)
    i.PWM_LED_Light_Set                      0x080006bc   Section        0  timer.o(i.PWM_LED_Light_Set)
    i.RCC_APB1PeriphClockCmd                 0x08000710   Section        0  stm32f10x_rcc.o(i.RCC_APB1PeriphClockCmd)
    i.RCC_APB2PeriphClockCmd                 0x08000730   Section        0  stm32f10x_rcc.o(i.RCC_APB2PeriphClockCmd)
    i.RCC_GetClocksFreq                      0x08000750   Section        0  stm32f10x_rcc.o(i.RCC_GetClocksFreq)
    i.SendHBPack_Task                        0x08000824   Section        0  main.o(i.SendHBPack_Task)
    SendHBPack_Task                          0x08000825   Thumb Code   276  main.o(i.SendHBPack_Task)
    i.SetSysClock                            0x08000948   Section        0  system_stm32f10x.o(i.SetSysClock)
    SetSysClock                              0x08000949   Thumb Code     8  system_stm32f10x.o(i.SetSysClock)
    i.SetSysClockTo72                        0x08000950   Section        0  system_stm32f10x.o(i.SetSysClockTo72)
    SetSysClockTo72                          0x08000951   Thumb Code   214  system_stm32f10x.o(i.SetSysClockTo72)
    i.SysTick_Handler                        0x08000a30   Section        0  stm32f10x_it.o(i.SysTick_Handler)
    i.SystemInit                             0x08000a38   Section        0  system_stm32f10x.o(i.SystemInit)
    i.TIM2_IRQHandler                        0x08000a98   Section        0  main.o(i.TIM2_IRQHandler)
    i.TIM2_Int_Init                          0x08000c00   Section        0  timer.o(i.TIM2_Int_Init)
    i.TIM3_PWM_Init                          0x08000c58   Section        0  timer.o(i.TIM3_PWM_Init)
    i.TIM_ARRPreloadConfig                   0x08000d88   Section        0  stm32f10x_tim.o(i.TIM_ARRPreloadConfig)
    i.TIM_ClearITPendingBit                  0x08000da0   Section        0  stm32f10x_tim.o(i.TIM_ClearITPendingBit)
    i.TIM_Cmd                                0x08000da6   Section        0  stm32f10x_tim.o(i.TIM_Cmd)
    i.TIM_GetITStatus                        0x08000dbe   Section        0  stm32f10x_tim.o(i.TIM_GetITStatus)
    i.TIM_ITConfig                           0x08000de0   Section        0  stm32f10x_tim.o(i.TIM_ITConfig)
    i.TIM_OC1Init                            0x08000df4   Section        0  stm32f10x_tim.o(i.TIM_OC1Init)
    i.TIM_OC1PreloadConfig                   0x08000e8c   Section        0  stm32f10x_tim.o(i.TIM_OC1PreloadConfig)
    i.TIM_OC2Init                            0x08000ea0   Section        0  stm32f10x_tim.o(i.TIM_OC2Init)
    i.TIM_OC2PreloadConfig                   0x08000f44   Section        0  stm32f10x_tim.o(i.TIM_OC2PreloadConfig)
    i.TIM_OC3Init                            0x08000f60   Section        0  stm32f10x_tim.o(i.TIM_OC3Init)
    i.TIM_OC3PreloadConfig                   0x08001000   Section        0  stm32f10x_tim.o(i.TIM_OC3PreloadConfig)
    i.TIM_OC4Init                            0x08001014   Section        0  stm32f10x_tim.o(i.TIM_OC4Init)
    i.TIM_OC4PreloadConfig                   0x08001090   Section        0  stm32f10x_tim.o(i.TIM_OC4PreloadConfig)
    i.TIM_SetCompare1                        0x080010aa   Section        0  stm32f10x_tim.o(i.TIM_SetCompare1)
    i.TIM_SetCompare2                        0x080010ae   Section        0  stm32f10x_tim.o(i.TIM_SetCompare2)
    i.TIM_SetCompare3                        0x080010b2   Section        0  stm32f10x_tim.o(i.TIM_SetCompare3)
    i.TIM_SetCompare4                        0x080010b6   Section        0  stm32f10x_tim.o(i.TIM_SetCompare4)
    i.TIM_TimeBaseInit                       0x080010bc   Section        0  stm32f10x_tim.o(i.TIM_TimeBaseInit)
    i.Try_To_Link                            0x08001160   Section        0  main.o(i.Try_To_Link)
    i.USART1_IRQHandler                      0x08001294   Section        0  main.o(i.USART1_IRQHandler)
    i.USART_ClearFlag                        0x080012e4   Section        0  stm32f10x_usart.o(i.USART_ClearFlag)
    i.USART_Cmd                              0x080012f6   Section        0  stm32f10x_usart.o(i.USART_Cmd)
    i.USART_GetFlagStatus                    0x0800130e   Section        0  stm32f10x_usart.o(i.USART_GetFlagStatus)
    i.USART_GetITStatus                      0x08001328   Section        0  stm32f10x_usart.o(i.USART_GetITStatus)
    i.USART_ITConfig                         0x0800137c   Section        0  stm32f10x_usart.o(i.USART_ITConfig)
    i.USART_Init                             0x080013c8   Section        0  stm32f10x_usart.o(i.USART_Init)
    i.USART_ReceiveData                      0x080014a0   Section        0  stm32f10x_usart.o(i.USART_ReceiveData)
    i.USART_SendData                         0x080014aa   Section        0  stm32f10x_usart.o(i.USART_SendData)
    i.UsageFault_Handler                     0x080014b2   Section        0  stm32f10x_it.o(i.UsageFault_Handler)
    i.Zigbee_Analyse_Command_Data            0x080014b8   Section        0  zigbee.o(i.Zigbee_Analyse_Command_Data)
    i.Zigbee_Change_Mode                     0x08001650   Section        0  zigbee.o(i.Zigbee_Change_Mode)
    i.Zigbee_Get_State                       0x080016e8   Section        0  zigbee.o(i.Zigbee_Get_State)
    i.Zigbee_Open_Net                        0x08001738   Section        0  zigbee.o(i.Zigbee_Open_Net)
    i.Zigbee_Restart                         0x08001788   Section        0  zigbee.o(i.Zigbee_Restart)
    i.Zigbee_Restore_Factory_Setting         0x080017fc   Section        0  zigbee.o(i.Zigbee_Restore_Factory_Setting)
    i.Zigbee_Set_Send_Target                 0x08001880   Section        0  zigbee.o(i.Zigbee_Set_Send_Target)
    i.Zigbee_Set_Type_To_Active_Terminal     0x0800191c   Section        0  zigbee.o(i.Zigbee_Set_Type_To_Active_Terminal)
    i.Zigbee_Update_TerminalOnlineFlag       0x0800196c   Section        0  zigbee.o(i.Zigbee_Update_TerminalOnlineFlag)
    i.__scatterload_copy                     0x08001a30   Section       14  handlers.o(i.__scatterload_copy)
    i.__scatterload_null                     0x08001a3e   Section        2  handlers.o(i.__scatterload_null)
    i.__scatterload_zeroinit                 0x08001a40   Section       14  handlers.o(i.__scatterload_zeroinit)
    i.free                                   0x08001a50   Section        0  malloc.o(i.free)
    i.key1_init                              0x08001aa0   Section        0  key.o(i.key1_init)
    i.key2_init                              0x08001ac4   Section        0  key.o(i.key2_init)
    i.key3_init                              0x08001ae8   Section        0  key.o(i.key3_init)
    i.key4_init                              0x08001b0c   Section        0  key.o(i.key4_init)
    i.key_init                               0x08001b30   Section        0  key.o(i.key_init)
    i.key_scan                               0x08001b48   Section        0  key.o(i.key_scan)
    i.main                                   0x08001bf8   Section        0  main.o(i.main)
    i.malloc                                 0x08001ca8   Section        0  malloc.o(i.malloc)
    i.net_key_init                           0x08001d14   Section        0  key.o(i.net_key_init)
    i.prvAddCurrentTaskToDelayedList         0x08001d3c   Section        0  tasks.o(i.prvAddCurrentTaskToDelayedList)
    prvAddCurrentTaskToDelayedList           0x08001d3d   Thumb Code   124  tasks.o(i.prvAddCurrentTaskToDelayedList)
    i.prvAddNewTaskToReadyList               0x08001dd4   Section        0  tasks.o(i.prvAddNewTaskToReadyList)
    prvAddNewTaskToReadyList                 0x08001dd5   Thumb Code   150  tasks.o(i.prvAddNewTaskToReadyList)
    i.prvCheckTasksWaitingTermination        0x08001e88   Section        0  tasks.o(i.prvCheckTasksWaitingTermination)
    prvCheckTasksWaitingTermination          0x08001e89   Thumb Code    86  tasks.o(i.prvCheckTasksWaitingTermination)
    i.prvCopyDataFromQueue                   0x08001eec   Section        0  queue.o(i.prvCopyDataFromQueue)
    prvCopyDataFromQueue                     0x08001eed   Thumb Code    42  queue.o(i.prvCopyDataFromQueue)
    i.prvCopyDataToQueue                     0x08001f16   Section        0  queue.o(i.prvCopyDataToQueue)
    prvCopyDataToQueue                       0x08001f17   Thumb Code   124  queue.o(i.prvCopyDataToQueue)
    i.prvDeleteTCB                           0x08001f92   Section        0  tasks.o(i.prvDeleteTCB)
    prvDeleteTCB                             0x08001f93   Thumb Code    40  tasks.o(i.prvDeleteTCB)
    i.prvHeapInit                            0x08001fbc   Section        0  heap_4.o(i.prvHeapInit)
    prvHeapInit                              0x08001fbd   Thumb Code    98  heap_4.o(i.prvHeapInit)
    i.prvIdleTask                            0x08002038   Section        0  tasks.o(i.prvIdleTask)
    prvIdleTask                              0x08002039   Thumb Code    32  tasks.o(i.prvIdleTask)
    i.prvInitialiseNewQueue                  0x08002060   Section        0  queue.o(i.prvInitialiseNewQueue)
    prvInitialiseNewQueue                    0x08002061   Thumb Code    38  queue.o(i.prvInitialiseNewQueue)
    i.prvInitialiseNewTask                   0x08002086   Section        0  tasks.o(i.prvInitialiseNewTask)
    prvInitialiseNewTask                     0x08002087   Thumb Code   134  tasks.o(i.prvInitialiseNewTask)
    i.prvInitialiseTaskLists                 0x0800210c   Section        0  tasks.o(i.prvInitialiseTaskLists)
    prvInitialiseTaskLists                   0x0800210d   Thumb Code    70  tasks.o(i.prvInitialiseTaskLists)
    i.prvInsertBlockIntoFreeList             0x08002174   Section        0  heap_4.o(i.prvInsertBlockIntoFreeList)
    prvInsertBlockIntoFreeList               0x08002175   Thumb Code    96  heap_4.o(i.prvInsertBlockIntoFreeList)
    i.prvIsQueueEmpty                        0x080021dc   Section        0  queue.o(i.prvIsQueueEmpty)
    prvIsQueueEmpty                          0x080021dd   Thumb Code    26  queue.o(i.prvIsQueueEmpty)
    i.prvIsQueueFull                         0x080021f6   Section        0  queue.o(i.prvIsQueueFull)
    prvIsQueueFull                           0x080021f7   Thumb Code    30  queue.o(i.prvIsQueueFull)
    i.prvResetNextTaskUnblockTime            0x08002214   Section        0  tasks.o(i.prvResetNextTaskUnblockTime)
    prvResetNextTaskUnblockTime              0x08002215   Thumb Code    42  tasks.o(i.prvResetNextTaskUnblockTime)
    i.prvTaskExitError                       0x08002248   Section        0  port.o(i.prvTaskExitError)
    prvTaskExitError                         0x08002249   Thumb Code    22  port.o(i.prvTaskExitError)
    i.prvUnlockQueue                         0x0800225e   Section        0  queue.o(i.prvUnlockQueue)
    prvUnlockQueue                           0x0800225f   Thumb Code   126  queue.o(i.prvUnlockQueue)
    i.pvPortMalloc                           0x080022dc   Section        0  heap_4.o(i.pvPortMalloc)
    i.pvTaskIncrementMutexHeldCount          0x080023ac   Section        0  tasks.o(i.pvTaskIncrementMutexHeldCount)
    i.pxPortInitialiseStack                  0x080023cc   Section        0  port.o(i.pxPortInitialiseStack)
    i.send_customFrame                       0x080023f0   Section        0  usart.o(i.send_customFrame)
    i.setup                                  0x080024dc   Section        0  main.o(i.setup)
    setup                                    0x080024dd   Thumb Code    58  main.o(i.setup)
    i.usart1_init                            0x0800251c   Section        0  usart.o(i.usart1_init)
    i.uxListRemove                           0x080025c8   Section        0  list.o(i.uxListRemove)
    i.vApplicationGetIdleTaskMemory          0x080025f0   Section        0  main.o(i.vApplicationGetIdleTaskMemory)
    i.vListInitialise                        0x08002608   Section        0  list.o(i.vListInitialise)
    i.vListInitialiseItem                    0x08002622   Section        0  list.o(i.vListInitialiseItem)
    i.vListInsert                            0x08002628   Section        0  list.o(i.vListInsert)
    i.vListInsertEnd                         0x0800265c   Section        0  list.o(i.vListInsertEnd)
    i.vPortEnterCritical                     0x08002674   Section        0  port.o(i.vPortEnterCritical)
    i.vPortExitCritical                      0x08002698   Section        0  port.o(i.vPortExitCritical)
    i.vPortFree                              0x080026b8   Section        0  heap_4.o(i.vPortFree)
    i.vPortSetupTimerInterrupt               0x08002700   Section        0  port.o(i.vPortSetupTimerInterrupt)
    i.vTaskDelay                             0x08002714   Section        0  tasks.o(i.vTaskDelay)
    i.vTaskMissedYield                       0x08002748   Section        0  tasks.o(i.vTaskMissedYield)
    i.vTaskPlaceOnEventList                  0x08002754   Section        0  tasks.o(i.vTaskPlaceOnEventList)
    i.vTaskPriorityInherit                   0x08002774   Section        0  tasks.o(i.vTaskPriorityInherit)
    i.vTaskSetTimeOutState                   0x08002824   Section        0  tasks.o(i.vTaskSetTimeOutState)
    i.vTaskStartScheduler                    0x0800283c   Section        0  tasks.o(i.vTaskStartScheduler)
    i.vTaskSuspendAll                        0x080028c8   Section        0  tasks.o(i.vTaskSuspendAll)
    i.vTaskSwitchContext                     0x080028d8   Section        0  tasks.o(i.vTaskSwitchContext)
    i.xPortStartScheduler                    0x08002938   Section        0  port.o(i.xPortStartScheduler)
    i.xPortSysTickHandler                    0x0800296c   Section        0  port.o(i.xPortSysTickHandler)
    i.xQueueGenericCreate                    0x080029a0   Section        0  queue.o(i.xQueueGenericCreate)
    i.xQueueGenericReceive                   0x080029e0   Section        0  queue.o(i.xQueueGenericReceive)
    i.xQueueGenericReset                     0x08002b3c   Section        0  queue.o(i.xQueueGenericReset)
    i.xQueueGenericSend                      0x08002bbc   Section        0  queue.o(i.xQueueGenericSend)
    i.xQueueGenericSendFromISR               0x08002cd4   Section        0  queue.o(i.xQueueGenericSendFromISR)
    i.xTaskCheckForTimeOut                   0x08002d5c   Section        0  tasks.o(i.xTaskCheckForTimeOut)
    i.xTaskCreate                            0x08002db8   Section        0  tasks.o(i.xTaskCreate)
    i.xTaskCreateStatic                      0x08002e1c   Section        0  tasks.o(i.xTaskCreateStatic)
    i.xTaskIncrementTick                     0x08002e6c   Section        0  tasks.o(i.xTaskIncrementTick)
    i.xTaskPriorityDisinherit                0x08002f88   Section        0  tasks.o(i.xTaskPriorityDisinherit)
    i.xTaskRemoveFromEventList               0x0800300c   Section        0  tasks.o(i.xTaskRemoveFromEventList)
    i.xTaskResumeAll                         0x0800308c   Section        0  tasks.o(i.xTaskResumeAll)
    .data                                    0x20000000   Section       48  main.o(.data)
    cFrame_queue                             0x20000018   Data           4  main.o(.data)
    infoFlag_semaphore                       0x2000001c   Data           4  main.o(.data)
    millisecond                              0x20000024   Data           4  main.o(.data)
    command                                  0x20000028   Data           8  main.o(.data)
    .data                                    0x20000030   Section        7  usart.o(.data)
    .data                                    0x20000038   Section       48  timer.o(.data)
    .data                                    0x20000068   Section       20  stm32f10x_rcc.o(.data)
    APBAHBPrescTable                         0x20000068   Data          16  stm32f10x_rcc.o(.data)
    ADCPrescTable                            0x20000078   Data           4  stm32f10x_rcc.o(.data)
    .data                                    0x2000007c   Section        4  port.o(.data)
    uxCriticalNesting                        0x2000007c   Data           4  port.o(.data)
    .data                                    0x20000080   Section       24  heap_4.o(.data)
    xStart                                   0x20000080   Data           8  heap_4.o(.data)
    pxEnd                                    0x20000088   Data           4  heap_4.o(.data)
    xFreeBytesRemaining                      0x2000008c   Data           4  heap_4.o(.data)
    xMinimumEverFreeBytesRemaining           0x20000090   Data           4  heap_4.o(.data)
    xBlockAllocatedBit                       0x20000094   Data           4  heap_4.o(.data)
    .data                                    0x20000098   Section       60  tasks.o(.data)
    pxDelayedTaskList                        0x2000009c   Data           4  tasks.o(.data)
    pxOverflowDelayedTaskList                0x200000a0   Data           4  tasks.o(.data)
    uxDeletedTasksWaitingCleanUp             0x200000a4   Data           4  tasks.o(.data)
    uxCurrentNumberOfTasks                   0x200000a8   Data           4  tasks.o(.data)
    xTickCount                               0x200000ac   Data           4  tasks.o(.data)
    uxTopReadyPriority                       0x200000b0   Data           4  tasks.o(.data)
    xSchedulerRunning                        0x200000b4   Data           4  tasks.o(.data)
    uxPendedTicks                            0x200000b8   Data           4  tasks.o(.data)
    xYieldPending                            0x200000bc   Data           4  tasks.o(.data)
    xNumOfOverflows                          0x200000c0   Data           4  tasks.o(.data)
    uxTaskNumber                             0x200000c4   Data           4  tasks.o(.data)
    xNextTaskUnblockTime                     0x200000c8   Data           4  tasks.o(.data)
    xIdleTaskHandle                          0x200000cc   Data           4  tasks.o(.data)
    uxSchedulerSuspended                     0x200000d0   Data           4  tasks.o(.data)
    .data                                    0x200000d4   Section        6  key.o(.data)
    .data                                    0x200000da   Section        1  led.o(.data)
    .data                                    0x200000dc   Section        4  mvars.o(.data)
    .data                                    0x200000e0   Section        4  mvars.o(.data)
    .bss                                     0x200000e4   Section     1192  main.o(.bss)
    Idle_Task_Stack                          0x200000e4   Data         512  main.o(.bss)
    Idle_Task_TCB                            0x200002e4   Data          84  main.o(.bss)
    Timer_Task_Stack                         0x20000338   Data         512  main.o(.bss)
    Timer_Task_TCB                           0x20000538   Data          84  main.o(.bss)
    .bss                                     0x2000058c   Section      200  usart.o(.bss)
    .bss                                     0x20000654   Section    10240  heap_4.o(.bss)
    ucHeap                                   0x20000654   Data       10240  heap_4.o(.bss)
    .bss                                     0x20002e54   Section      200  tasks.o(.bss)
    pxReadyTasksLists                        0x20002e54   Data         100  tasks.o(.bss)
    xDelayedTaskList1                        0x20002eb8   Data          20  tasks.o(.bss)
    xDelayedTaskList2                        0x20002ecc   Data          20  tasks.o(.bss)
    xPendingReadyList                        0x20002ee0   Data          20  tasks.o(.bss)
    xTasksWaitingTermination                 0x20002ef4   Data          20  tasks.o(.bss)
    xSuspendedTaskList                       0x20002f08   Data          20  tasks.o(.bss)
    HEAP                                     0x20002f20   Section      512  startup_stm32f10x_md.o(HEAP)
    STACK                                    0x20003120   Section     1024  startup_stm32f10x_md.o(STACK)

    Global Symbols

    Symbol Name                              Value     Ov Type        Size  Object(Section)

    BuildAttributes$$THM_ISAv4$P$D$K$B$S$PE$A:L22UL41UL21$X:L11$S22US41US21$IEEE1$IW$USESV6$~STKCKD$USESV7$~SHL$OTIME$ROPI$EBA8$MICROLIB$REQ8$PRES8$EABIv2 0x00000000   Number         0  anon$$obj.o ABSOLUTE
    __ARM_use_no_argv                        0x00000000   Number         0  main.o ABSOLUTE
    __use_no_errno                           0x00000000   Number         0  useno.o ABSOLUTE
    __use_no_exception_handling              0x00000000   Number         0  useno.o ABSOLUTE
    __use_no_fp                              0x00000000   Number         0  useno.o ABSOLUTE
    __use_no_heap                            0x00000000   Number         0  useno.o ABSOLUTE
    __use_no_heap_region                     0x00000000   Number         0  useno.o ABSOLUTE
    __use_no_semihosting                     0x00000000   Number         0  useno.o ABSOLUTE
    __use_no_semihosting_swi                 0x00000000   Number         0  useno.o ABSOLUTE
    __use_no_signal_handling                 0x00000000   Number         0  useno.o ABSOLUTE
    __arm_fini_                               - Undefined Weak Reference
    __cpp_initialize__aeabi_                  - Undefined Weak Reference
    __cxa_finalize                            - Undefined Weak Reference
    __decompress                              - Undefined Weak Reference
    _clock_init                               - Undefined Weak Reference
    _microlib_exit                            - Undefined Weak Reference
    __Vectors_Size                           0x000000ec   Number         0  startup_stm32f10x_md.o ABSOLUTE
    __Vectors                                0x08000000   Data           4  startup_stm32f10x_md.o(RESET)
    __Vectors_End                            0x080000ec   Data           0  startup_stm32f10x_md.o(RESET)
    __main                                   0x080000ed   Thumb Code     0  entry.o(.ARM.Collect$$$$00000000)
    _main_stk                                0x080000ed   Thumb Code     0  entry2.o(.ARM.Collect$$$$00000001)
    _main_scatterload                        0x080000f1   Thumb Code     0  entry5.o(.ARM.Collect$$$$00000004)
    __main_after_scatterload                 0x080000f5   Thumb Code     0  entry5.o(.ARM.Collect$$$$00000004)
    _main_clock                              0x080000f5   Thumb Code     0  entry7b.o(.ARM.Collect$$$$00000008)
    _main_cpp_init                           0x080000f5   Thumb Code     0  entry8b.o(.ARM.Collect$$$$0000000A)
    _main_init                               0x080000f5   Thumb Code     0  entry9a.o(.ARM.Collect$$$$0000000B)
    __rt_lib_shutdown_fini                   0x080000fd   Thumb Code     0  entry12b.o(.ARM.Collect$$$$0000000E)
    __rt_final_cpp                           0x08000101   Thumb Code     0  entry10a.o(.ARM.Collect$$$$0000000F)
    __rt_final_exit                          0x08000101   Thumb Code     0  entry11a.o(.ARM.Collect$$$$00000011)
    SVC_Handler                              0x08000105   Thumb Code    32  port.o(.emb_text)
    __asm___6_port_c_39a90d8d__prvStartFirstTask 0x08000129   Thumb Code    28  port.o(.emb_text)
    PendSV_Handler                           0x08000149   Thumb Code    72  port.o(.emb_text)
    vPortGetIPSR                             0x08000195   Thumb Code     6  port.o(.emb_text)
    Reset_Handler                            0x0800019d   Thumb Code     8  startup_stm32f10x_md.o(.text)
    ADC1_2_IRQHandler                        0x080001b7   Thumb Code     0  startup_stm32f10x_md.o(.text)
    CAN1_RX1_IRQHandler                      0x080001b7   Thumb Code     0  startup_stm32f10x_md.o(.text)
    CAN1_SCE_IRQHandler                      0x080001b7   Thumb Code     0  startup_stm32f10x_md.o(.text)
    DMA1_Channel1_IRQHandler                 0x080001b7   Thumb Code     0  startup_stm32f10x_md.o(.text)
    DMA1_Channel2_IRQHandler                 0x080001b7   Thumb Code     0  startup_stm32f10x_md.o(.text)
    DMA1_Channel3_IRQHandler                 0x080001b7   Thumb Code     0  startup_stm32f10x_md.o(.text)
    DMA1_Channel4_IRQHandler                 0x080001b7   Thumb Code     0  startup_stm32f10x_md.o(.text)
    DMA1_Channel5_IRQHandler                 0x080001b7   Thumb Code     0  startup_stm32f10x_md.o(.text)
    DMA1_Channel6_IRQHandler                 0x080001b7   Thumb Code     0  startup_stm32f10x_md.o(.text)
    DMA1_Channel7_IRQHandler                 0x080001b7   Thumb Code     0  startup_stm32f10x_md.o(.text)
    EXTI0_IRQHandler                         0x080001b7   Thumb Code     0  startup_stm32f10x_md.o(.text)
    EXTI15_10_IRQHandler                     0x080001b7   Thumb Code     0  startup_stm32f10x_md.o(.text)
    EXTI1_IRQHandler                         0x080001b7   Thumb Code     0  startup_stm32f10x_md.o(.text)
    EXTI2_IRQHandler                         0x080001b7   Thumb Code     0  startup_stm32f10x_md.o(.text)
    EXTI3_IRQHandler                         0x080001b7   Thumb Code     0  startup_stm32f10x_md.o(.text)
    EXTI4_IRQHandler                         0x080001b7   Thumb Code     0  startup_stm32f10x_md.o(.text)
    EXTI9_5_IRQHandler                       0x080001b7   Thumb Code     0  startup_stm32f10x_md.o(.text)
    FLASH_IRQHandler                         0x080001b7   Thumb Code     0  startup_stm32f10x_md.o(.text)
    I2C1_ER_IRQHandler                       0x080001b7   Thumb Code     0  startup_stm32f10x_md.o(.text)
    I2C1_EV_IRQHandler                       0x080001b7   Thumb Code     0  startup_stm32f10x_md.o(.text)
    I2C2_ER_IRQHandler                       0x080001b7   Thumb Code     0  startup_stm32f10x_md.o(.text)
    I2C2_EV_IRQHandler                       0x080001b7   Thumb Code     0  startup_stm32f10x_md.o(.text)
    PVD_IRQHandler                           0x080001b7   Thumb Code     0  startup_stm32f10x_md.o(.text)
    RCC_IRQHandler                           0x080001b7   Thumb Code     0  startup_stm32f10x_md.o(.text)
    RTCAlarm_IRQHandler                      0x080001b7   Thumb Code     0  startup_stm32f10x_md.o(.text)
    RTC_IRQHandler                           0x080001b7   Thumb Code     0  startup_stm32f10x_md.o(.text)
    SPI1_IRQHandler                          0x080001b7   Thumb Code     0  startup_stm32f10x_md.o(.text)
    SPI2_IRQHandler                          0x080001b7   Thumb Code     0  startup_stm32f10x_md.o(.text)
    TAMPER_IRQHandler                        0x080001b7   Thumb Code     0  startup_stm32f10x_md.o(.text)
    TIM1_BRK_IRQHandler                      0x080001b7   Thumb Code     0  startup_stm32f10x_md.o(.text)
    TIM1_CC_IRQHandler                       0x080001b7   Thumb Code     0  startup_stm32f10x_md.o(.text)
    TIM1_TRG_COM_IRQHandler                  0x080001b7   Thumb Code     0  startup_stm32f10x_md.o(.text)
    TIM1_UP_IRQHandler                       0x080001b7   Thumb Code     0  startup_stm32f10x_md.o(.text)
    TIM3_IRQHandler                          0x080001b7   Thumb Code     0  startup_stm32f10x_md.o(.text)
    TIM4_IRQHandler                          0x080001b7   Thumb Code     0  startup_stm32f10x_md.o(.text)
    USART2_IRQHandler                        0x080001b7   Thumb Code     0  startup_stm32f10x_md.o(.text)
    USART3_IRQHandler                        0x080001b7   Thumb Code     0  startup_stm32f10x_md.o(.text)
    USBWakeUp_IRQHandler                     0x080001b7   Thumb Code     0  startup_stm32f10x_md.o(.text)
    USB_HP_CAN1_TX_IRQHandler                0x080001b7   Thumb Code     0  startup_stm32f10x_md.o(.text)
    USB_LP_CAN1_RX0_IRQHandler               0x080001b7   Thumb Code     0  startup_stm32f10x_md.o(.text)
    WWDG_IRQHandler                          0x080001b7   Thumb Code     0  startup_stm32f10x_md.o(.text)
    __aeabi_memcpy                           0x080001c1   Thumb Code    36  memcpya.o(.text)
    __aeabi_memcpy4                          0x080001c1   Thumb Code     0  memcpya.o(.text)
    __aeabi_memcpy8                          0x080001c1   Thumb Code     0  memcpya.o(.text)
    __scatterload                            0x080001e5   Thumb Code    28  init.o(.text)
    __scatterload_rt2                        0x080001e5   Thumb Code     0  init.o(.text)
    BusFault_Handler                         0x080002b1   Thumb Code     4  stm32f10x_it.o(i.BusFault_Handler)
    DebugMon_Handler                         0x080002b5   Thumb Code     2  stm32f10x_it.o(i.DebugMon_Handler)
    GPIO_Init                                0x080002b7   Thumb Code   278  stm32f10x_gpio.o(i.GPIO_Init)
    GPIO_ReadInputDataBit                    0x080003cd   Thumb Code    18  stm32f10x_gpio.o(i.GPIO_ReadInputDataBit)
    GPIO_ResetBits                           0x080003df   Thumb Code     4  stm32f10x_gpio.o(i.GPIO_ResetBits)
    GPIO_SetBits                             0x080003e3   Thumb Code     4  stm32f10x_gpio.o(i.GPIO_SetBits)
    HardFault_Handler                        0x080003e7   Thumb Code     4  stm32f10x_it.o(i.HardFault_Handler)
    LED1_Init                                0x080005b5   Thumb Code    50  led.o(i.LED1_Init)
    LED2_Init                                0x080005ed   Thumb Code    50  led.o(i.LED2_Init)
    LED_Init                                 0x08000625   Thumb Code    12  led.o(i.LED_Init)
    MemManage_Handler                        0x08000631   Thumb Code     4  stm32f10x_it.o(i.MemManage_Handler)
    NMI_Handler                              0x08000635   Thumb Code     2  stm32f10x_it.o(i.NMI_Handler)
    NVIC_Init                                0x08000639   Thumb Code   100  misc.o(i.NVIC_Init)
    NVIC_PriorityGroupConfig                 0x080006a9   Thumb Code    10  misc.o(i.NVIC_PriorityGroupConfig)
    PWM_LED_Light_Set                        0x080006bd   Thumb Code    72  timer.o(i.PWM_LED_Light_Set)
    RCC_APB1PeriphClockCmd                   0x08000711   Thumb Code    26  stm32f10x_rcc.o(i.RCC_APB1PeriphClockCmd)
    RCC_APB2PeriphClockCmd                   0x08000731   Thumb Code    26  stm32f10x_rcc.o(i.RCC_APB2PeriphClockCmd)
    RCC_GetClocksFreq                        0x08000751   Thumb Code   192  stm32f10x_rcc.o(i.RCC_GetClocksFreq)
    SysTick_Handler                          0x08000a31   Thumb Code     8  stm32f10x_it.o(i.SysTick_Handler)
    SystemInit                               0x08000a39   Thumb Code    78  system_stm32f10x.o(i.SystemInit)
    TIM2_IRQHandler                          0x08000a99   Thumb Code   304  main.o(i.TIM2_IRQHandler)
    TIM2_Int_Init                            0x08000c01   Thumb Code    88  timer.o(i.TIM2_Int_Init)
    TIM3_PWM_Init                            0x08000c59   Thumb Code   290  timer.o(i.TIM3_PWM_Init)
    TIM_ARRPreloadConfig                     0x08000d89   Thumb Code    24  stm32f10x_tim.o(i.TIM_ARRPreloadConfig)
    TIM_ClearITPendingBit                    0x08000da1   Thumb Code     6  stm32f10x_tim.o(i.TIM_ClearITPendingBit)
    TIM_Cmd                                  0x08000da7   Thumb Code    24  stm32f10x_tim.o(i.TIM_Cmd)
    TIM_GetITStatus                          0x08000dbf   Thumb Code    34  stm32f10x_tim.o(i.TIM_GetITStatus)
    TIM_ITConfig                             0x08000de1   Thumb Code    18  stm32f10x_tim.o(i.TIM_ITConfig)
    TIM_OC1Init                              0x08000df5   Thumb Code   132  stm32f10x_tim.o(i.TIM_OC1Init)
    TIM_OC1PreloadConfig                     0x08000e8d   Thumb Code    18  stm32f10x_tim.o(i.TIM_OC1PreloadConfig)
    TIM_OC2Init                              0x08000ea1   Thumb Code   154  stm32f10x_tim.o(i.TIM_OC2Init)
    TIM_OC2PreloadConfig                     0x08000f45   Thumb Code    26  stm32f10x_tim.o(i.TIM_OC2PreloadConfig)
    TIM_OC3Init                              0x08000f61   Thumb Code   150  stm32f10x_tim.o(i.TIM_OC3Init)
    TIM_OC3PreloadConfig                     0x08001001   Thumb Code    18  stm32f10x_tim.o(i.TIM_OC3PreloadConfig)
    TIM_OC4Init                              0x08001015   Thumb Code   114  stm32f10x_tim.o(i.TIM_OC4Init)
    TIM_OC4PreloadConfig                     0x08001091   Thumb Code    26  stm32f10x_tim.o(i.TIM_OC4PreloadConfig)
    TIM_SetCompare1                          0x080010ab   Thumb Code     4  stm32f10x_tim.o(i.TIM_SetCompare1)
    TIM_SetCompare2                          0x080010af   Thumb Code     4  stm32f10x_tim.o(i.TIM_SetCompare2)
    TIM_SetCompare3                          0x080010b3   Thumb Code     4  stm32f10x_tim.o(i.TIM_SetCompare3)
    TIM_SetCompare4                          0x080010b7   Thumb Code     6  stm32f10x_tim.o(i.TIM_SetCompare4)
    TIM_TimeBaseInit                         0x080010bd   Thumb Code   122  stm32f10x_tim.o(i.TIM_TimeBaseInit)
    Try_To_Link                              0x08001161   Thumb Code   292  main.o(i.Try_To_Link)
    USART1_IRQHandler                        0x08001295   Thumb Code    62  main.o(i.USART1_IRQHandler)
    USART_ClearFlag                          0x080012e5   Thumb Code    18  stm32f10x_usart.o(i.USART_ClearFlag)
    USART_Cmd                                0x080012f7   Thumb Code    24  stm32f10x_usart.o(i.USART_Cmd)
    USART_GetFlagStatus                      0x0800130f   Thumb Code    26  stm32f10x_usart.o(i.USART_GetFlagStatus)
    USART_GetITStatus                        0x08001329   Thumb Code    84  stm32f10x_usart.o(i.USART_GetITStatus)
    USART_ITConfig                           0x0800137d   Thumb Code    74  stm32f10x_usart.o(i.USART_ITConfig)
    USART_Init                               0x080013c9   Thumb Code   210  stm32f10x_usart.o(i.USART_Init)
    USART_ReceiveData                        0x080014a1   Thumb Code    10  stm32f10x_usart.o(i.USART_ReceiveData)
    USART_SendData                           0x080014ab   Thumb Code     8  stm32f10x_usart.o(i.USART_SendData)
    UsageFault_Handler                       0x080014b3   Thumb Code     4  stm32f10x_it.o(i.UsageFault_Handler)
    Zigbee_Analyse_Command_Data              0x080014b9   Thumb Code   402  zigbee.o(i.Zigbee_Analyse_Command_Data)
    Zigbee_Change_Mode                       0x08001651   Thumb Code   130  zigbee.o(i.Zigbee_Change_Mode)
    Zigbee_Get_State                         0x080016e9   Thumb Code    68  zigbee.o(i.Zigbee_Get_State)
    Zigbee_Open_Net                          0x08001739   Thumb Code    68  zigbee.o(i.Zigbee_Open_Net)
    Zigbee_Restart                           0x08001789   Thumb Code    98  zigbee.o(i.Zigbee_Restart)
    Zigbee_Restore_Factory_Setting           0x080017fd   Thumb Code   114  zigbee.o(i.Zigbee_Restore_Factory_Setting)
    Zigbee_Set_Send_Target                   0x08001881   Thumb Code   130  zigbee.o(i.Zigbee_Set_Send_Target)
    Zigbee_Set_Type_To_Active_Terminal       0x0800191d   Thumb Code    68  zigbee.o(i.Zigbee_Set_Type_To_Active_Terminal)
    Zigbee_Update_TerminalOnlineFlag         0x0800196d   Thumb Code   182  zigbee.o(i.Zigbee_Update_TerminalOnlineFlag)
    __scatterload_copy                       0x08001a31   Thumb Code    14  handlers.o(i.__scatterload_copy)
    __scatterload_null                       0x08001a3f   Thumb Code     2  handlers.o(i.__scatterload_null)
    __scatterload_zeroinit                   0x08001a41   Thumb Code    14  handlers.o(i.__scatterload_zeroinit)
    free                                     0x08001a51   Thumb Code    76  malloc.o(i.free)
    key1_init                                0x08001aa1   Thumb Code    32  key.o(i.key1_init)
    key2_init                                0x08001ac5   Thumb Code    32  key.o(i.key2_init)
    key3_init                                0x08001ae9   Thumb Code    32  key.o(i.key3_init)
    key4_init                                0x08001b0d   Thumb Code    32  key.o(i.key4_init)
    key_init                                 0x08001b31   Thumb Code    24  key.o(i.key_init)
    key_scan                                 0x08001b49   Thumb Code   146  key.o(i.key_scan)
    main                                     0x08001bf9   Thumb Code   102  main.o(i.main)
    malloc                                   0x08001ca9   Thumb Code    92  malloc.o(i.malloc)
    net_key_init                             0x08001d15   Thumb Code    34  key.o(i.net_key_init)
    pvPortMalloc                             0x080022dd   Thumb Code   188  heap_4.o(i.pvPortMalloc)
    pvTaskIncrementMutexHeldCount            0x080023ad   Thumb Code    26  tasks.o(i.pvTaskIncrementMutexHeldCount)
    pxPortInitialiseStack                    0x080023cd   Thumb Code    30  port.o(i.pxPortInitialiseStack)
    send_customFrame                         0x080023f1   Thumb Code   230  usart.o(i.send_customFrame)
    usart1_init                              0x0800251d   Thumb Code   162  usart.o(i.usart1_init)
    uxListRemove                             0x080025c9   Thumb Code    40  list.o(i.uxListRemove)
    vApplicationGetIdleTaskMemory            0x080025f1   Thumb Code    14  main.o(i.vApplicationGetIdleTaskMemory)
    vListInitialise                          0x08002609   Thumb Code    26  list.o(i.vListInitialise)
    vListInitialiseItem                      0x08002623   Thumb Code     6  list.o(i.vListInitialiseItem)
    vListInsert                              0x08002629   Thumb Code    52  list.o(i.vListInsert)
    vListInsertEnd                           0x0800265d   Thumb Code    24  list.o(i.vListInsertEnd)
    vPortEnterCritical                       0x08002675   Thumb Code    30  port.o(i.vPortEnterCritical)
    vPortExitCritical                        0x08002699   Thumb Code    28  port.o(i.vPortExitCritical)
    vPortFree                                0x080026b9   Thumb Code    64  heap_4.o(i.vPortFree)
    vPortSetupTimerInterrupt                 0x08002701   Thumb Code    14  port.o(i.vPortSetupTimerInterrupt)
    vTaskDelay                               0x08002715   Thumb Code    46  tasks.o(i.vTaskDelay)
    vTaskMissedYield                         0x08002749   Thumb Code     8  tasks.o(i.vTaskMissedYield)
    vTaskPlaceOnEventList                    0x08002755   Thumb Code    28  tasks.o(i.vTaskPlaceOnEventList)
    vTaskPriorityInherit                     0x08002775   Thumb Code   164  tasks.o(i.vTaskPriorityInherit)
    vTaskSetTimeOutState                     0x08002825   Thumb Code    14  tasks.o(i.vTaskSetTimeOutState)
    vTaskStartScheduler                      0x0800283d   Thumb Code   110  tasks.o(i.vTaskStartScheduler)
    vTaskSuspendAll                          0x080028c9   Thumb Code    12  tasks.o(i.vTaskSuspendAll)
    vTaskSwitchContext                       0x080028d9   Thumb Code    76  tasks.o(i.vTaskSwitchContext)
    xPortStartScheduler                      0x08002939   Thumb Code    42  port.o(i.xPortStartScheduler)
    xPortSysTickHandler                      0x0800296d   Thumb Code    46  port.o(i.xPortSysTickHandler)
    xQueueGenericCreate                      0x080029a1   Thumb Code    62  queue.o(i.xQueueGenericCreate)
    xQueueGenericReceive                     0x080029e1   Thumb Code   342  queue.o(i.xQueueGenericReceive)
    xQueueGenericReset                       0x08002b3d   Thumb Code   122  queue.o(i.xQueueGenericReset)
    xQueueGenericSend                        0x08002bbd   Thumb Code   276  queue.o(i.xQueueGenericSend)
    xQueueGenericSendFromISR                 0x08002cd5   Thumb Code   134  queue.o(i.xQueueGenericSendFromISR)
    xTaskCheckForTimeOut                     0x08002d5d   Thumb Code    84  tasks.o(i.xTaskCheckForTimeOut)
    xTaskCreate                              0x08002db9   Thumb Code   100  tasks.o(i.xTaskCreate)
    xTaskCreateStatic                        0x08002e1d   Thumb Code    78  tasks.o(i.xTaskCreateStatic)
    xTaskIncrementTick                       0x08002e6d   Thumb Code   238  tasks.o(i.xTaskIncrementTick)
    xTaskPriorityDisinherit                  0x08002f89   Thumb Code   122  tasks.o(i.xTaskPriorityDisinherit)
    xTaskRemoveFromEventList                 0x0800300d   Thumb Code   104  tasks.o(i.xTaskRemoveFromEventList)
    xTaskResumeAll                           0x0800308d   Thumb Code   196  tasks.o(i.xTaskResumeAll)
    Region$$Table$$Base                      0x08003174   Number         0  anon$$obj.o(Region$$Table)
    Region$$Table$$Limit                     0x08003194   Number         0  anon$$obj.o(Region$$Table)
    zigbee                                   0x20000000   Data          22  main.o(.data)
    APPJudgeFlag                             0x20000020   Data           1  main.o(.data)
    __stdout                                 0x20000030   Data           4  usart.o(.data)
    usart1_rx_len                            0x20000034   Data           2  usart.o(.data)
    usart1RXTime                             0x20000036   Data           1  usart.o(.data)
    PWMval                                   0x20000038   Data           8  timer.o(.data)
    LEDmode                                  0x20000040   Data           4  timer.o(.data)
    direction                                0x20000044   Data           4  timer.o(.data)
    TIM_SetCompare                           0x20000048   Data          32  timer.o(.data)
    pxCurrentTCB                             0x20000098   Data           4  tasks.o(.data)
    net_KeyCD                                0x200000d4   Data           1  key.o(.data)
    key1CD                                   0x200000d5   Data           1  key.o(.data)
    key2CD                                   0x200000d6   Data           1  key.o(.data)
    key3CD                                   0x200000d7   Data           1  key.o(.data)
    key4CD                                   0x200000d8   Data           1  key.o(.data)
    net_key_time                             0x200000d9   Data           1  key.o(.data)
    LED1FlashTime                            0x200000da   Data           1  led.o(.data)
    __microlib_freelist                      0x200000dc   Data           4  mvars.o(.data)
    __microlib_freelist_initialised          0x200000e0   Data           4  mvars.o(.data)
    usart1_rx_buffer                         0x2000058c   Data         200  usart.o(.bss)
    __heap_base                              0x20002f20   Data           0  startup_stm32f10x_md.o(HEAP)
    __heap_limit                             0x20003120   Data           0  startup_stm32f10x_md.o(HEAP)
    __initial_sp                             0x20003520   Data           0  startup_stm32f10x_md.o(STACK)



==============================================================================

Memory Map of the image

  Image Entry point : 0x0800019d

  Load Region LR_1 (Base: 0x08000000, Size: 0x00003278, Max: 0xffffffff, ABSOLUTE)

    Execution Region ER_RO (Exec base: 0x08000000, Load base: 0x08000000, Size: 0x00003194, Max: 0xffffffff, ABSOLUTE)

    Exec Addr    Load Addr    Size         Type   Attr      Idx    E Section Name        Object

    0x08000000   0x08000000   0x000000ec   Data   RO          446    RESET               startup_stm32f10x_md.o
    0x080000ec   0x080000ec   0x00000000   Code   RO         2783  * .ARM.Collect$$$$00000000  mc_w.l(entry.o)
    0x080000ec   0x080000ec   0x00000004   Code   RO         2826    .ARM.Collect$$$$00000001  mc_w.l(entry2.o)
    0x080000f0   0x080000f0   0x00000004   Code   RO         2829    .ARM.Collect$$$$00000004  mc_w.l(entry5.o)
    0x080000f4   0x080000f4   0x00000000   Code   RO         2831    .ARM.Collect$$$$00000008  mc_w.l(entry7b.o)
    0x080000f4   0x080000f4   0x00000000   Code   RO         2833    .ARM.Collect$$$$0000000A  mc_w.l(entry8b.o)
    0x080000f4   0x080000f4   0x00000008   Code   RO         2834    .ARM.Collect$$$$0000000B  mc_w.l(entry9a.o)
    0x080000fc   0x080000fc   0x00000004   Code   RO         2841    .ARM.Collect$$$$0000000E  mc_w.l(entry12b.o)
    0x08000100   0x08000100   0x00000000   Code   RO         2836    .ARM.Collect$$$$0000000F  mc_w.l(entry10a.o)
    0x08000100   0x08000100   0x00000000   Code   RO         2838    .ARM.Collect$$$$00000011  mc_w.l(entry11a.o)
    0x08000100   0x08000100   0x00000004   Code   RO         2827    .ARM.Collect$$$$00002712  mc_w.l(entry2.o)
    0x08000104   0x08000104   0x00000096   Code   RO         1853    .emb_text           port.o
    0x0800019a   0x0800019a   0x00000002   PAD
    0x0800019c   0x0800019c   0x00000024   Code   RO          447  * .text               startup_stm32f10x_md.o
    0x080001c0   0x080001c0   0x00000024   Code   RO         2786    .text               mc_w.l(memcpya.o)
    0x080001e4   0x080001e4   0x00000024   Code   RO         2847    .text               mc_w.l(init.o)
    0x08000208   0x08000208   0x000000a8   Code   RO            1    i.AnalyseCommand_Task  main.o
    0x080002b0   0x080002b0   0x00000004   Code   RO          219    i.BusFault_Handler  stm32f10x_it.o
    0x080002b4   0x080002b4   0x00000002   Code   RO          220    i.DebugMon_Handler  stm32f10x_it.o
    0x080002b6   0x080002b6   0x00000116   Code   RO          493    i.GPIO_Init         stm32f10x_gpio.o
    0x080003cc   0x080003cc   0x00000012   Code   RO          497    i.GPIO_ReadInputDataBit  stm32f10x_gpio.o
    0x080003de   0x080003de   0x00000004   Code   RO          500    i.GPIO_ResetBits    stm32f10x_gpio.o
    0x080003e2   0x080003e2   0x00000004   Code   RO          501    i.GPIO_SetBits      stm32f10x_gpio.o
    0x080003e6   0x080003e6   0x00000004   Code   RO          221    i.HardFault_Handler  stm32f10x_it.o
    0x080003ea   0x080003ea   0x00000002   PAD
    0x080003ec   0x080003ec   0x000001c8   Code   RO            2    i.Key_Task          main.o
    0x080005b4   0x080005b4   0x00000038   Code   RO         2635    i.LED1_Init         led.o
    0x080005ec   0x080005ec   0x00000038   Code   RO         2636    i.LED2_Init         led.o
    0x08000624   0x08000624   0x0000000c   Code   RO         2637    i.LED_Init          led.o
    0x08000630   0x08000630   0x00000004   Code   RO          222    i.MemManage_Handler  stm32f10x_it.o
    0x08000634   0x08000634   0x00000002   Code   RO          223    i.NMI_Handler       stm32f10x_it.o
    0x08000636   0x08000636   0x00000002   PAD
    0x08000638   0x08000638   0x00000070   Code   RO          451    i.NVIC_Init         misc.o
    0x080006a8   0x080006a8   0x00000014   Code   RO          452    i.NVIC_PriorityGroupConfig  misc.o
    0x080006bc   0x080006bc   0x00000054   Code   RO          403    i.PWM_LED_Light_Set  timer.o
    0x08000710   0x08000710   0x00000020   Code   RO          627    i.RCC_APB1PeriphClockCmd  stm32f10x_rcc.o
    0x08000730   0x08000730   0x00000020   Code   RO          629    i.RCC_APB2PeriphClockCmd  stm32f10x_rcc.o
    0x08000750   0x08000750   0x000000d4   Code   RO          637    i.RCC_GetClocksFreq  stm32f10x_rcc.o
    0x08000824   0x08000824   0x00000124   Code   RO            3    i.SendHBPack_Task   main.o
    0x08000948   0x08000948   0x00000008   Code   RO          296    i.SetSysClock       system_stm32f10x.o
    0x08000950   0x08000950   0x000000e0   Code   RO          297    i.SetSysClockTo72   system_stm32f10x.o
    0x08000a30   0x08000a30   0x00000008   Code   RO          224    i.SysTick_Handler   stm32f10x_it.o
    0x08000a38   0x08000a38   0x00000060   Code   RO          299    i.SystemInit        system_stm32f10x.o
    0x08000a98   0x08000a98   0x00000168   Code   RO            4    i.TIM2_IRQHandler   main.o
    0x08000c00   0x08000c00   0x00000058   Code   RO          404    i.TIM2_Int_Init     timer.o
    0x08000c58   0x08000c58   0x00000130   Code   RO          405    i.TIM3_PWM_Init     timer.o
    0x08000d88   0x08000d88   0x00000018   Code   RO         1051    i.TIM_ARRPreloadConfig  stm32f10x_tim.o
    0x08000da0   0x08000da0   0x00000006   Code   RO         1058    i.TIM_ClearITPendingBit  stm32f10x_tim.o
    0x08000da6   0x08000da6   0x00000018   Code   RO         1063    i.TIM_Cmd           stm32f10x_tim.o
    0x08000dbe   0x08000dbe   0x00000022   Code   RO         1084    i.TIM_GetITStatus   stm32f10x_tim.o
    0x08000de0   0x08000de0   0x00000012   Code   RO         1088    i.TIM_ITConfig      stm32f10x_tim.o
    0x08000df2   0x08000df2   0x00000002   PAD
    0x08000df4   0x08000df4   0x00000098   Code   RO         1092    i.TIM_OC1Init       stm32f10x_tim.o
    0x08000e8c   0x08000e8c   0x00000012   Code   RO         1095    i.TIM_OC1PreloadConfig  stm32f10x_tim.o
    0x08000e9e   0x08000e9e   0x00000002   PAD
    0x08000ea0   0x08000ea0   0x000000a4   Code   RO         1097    i.TIM_OC2Init       stm32f10x_tim.o
    0x08000f44   0x08000f44   0x0000001a   Code   RO         1100    i.TIM_OC2PreloadConfig  stm32f10x_tim.o
    0x08000f5e   0x08000f5e   0x00000002   PAD
    0x08000f60   0x08000f60   0x000000a0   Code   RO         1102    i.TIM_OC3Init       stm32f10x_tim.o
    0x08001000   0x08001000   0x00000012   Code   RO         1105    i.TIM_OC3PreloadConfig  stm32f10x_tim.o
    0x08001012   0x08001012   0x00000002   PAD
    0x08001014   0x08001014   0x0000007c   Code   RO         1107    i.TIM_OC4Init       stm32f10x_tim.o
    0x08001090   0x08001090   0x0000001a   Code   RO         1109    i.TIM_OC4PreloadConfig  stm32f10x_tim.o
    0x080010aa   0x080010aa   0x00000004   Code   RO         1124    i.TIM_SetCompare1   stm32f10x_tim.o
    0x080010ae   0x080010ae   0x00000004   Code   RO         1125    i.TIM_SetCompare2   stm32f10x_tim.o
    0x080010b2   0x080010b2   0x00000004   Code   RO         1126    i.TIM_SetCompare3   stm32f10x_tim.o
    0x080010b6   0x080010b6   0x00000006   Code   RO         1127    i.TIM_SetCompare4   stm32f10x_tim.o
    0x080010bc   0x080010bc   0x000000a4   Code   RO         1134    i.TIM_TimeBaseInit  stm32f10x_tim.o
    0x08001160   0x08001160   0x00000134   Code   RO            5    i.Try_To_Link       main.o
    0x08001294   0x08001294   0x00000050   Code   RO            6    i.USART1_IRQHandler  main.o
    0x080012e4   0x080012e4   0x00000012   Code   RO          825    i.USART_ClearFlag   stm32f10x_usart.o
    0x080012f6   0x080012f6   0x00000018   Code   RO          829    i.USART_Cmd         stm32f10x_usart.o
    0x0800130e   0x0800130e   0x0000001a   Code   RO          832    i.USART_GetFlagStatus  stm32f10x_usart.o
    0x08001328   0x08001328   0x00000054   Code   RO          833    i.USART_GetITStatus  stm32f10x_usart.o
    0x0800137c   0x0800137c   0x0000004a   Code   RO          835    i.USART_ITConfig    stm32f10x_usart.o
    0x080013c6   0x080013c6   0x00000002   PAD
    0x080013c8   0x080013c8   0x000000d8   Code   RO          836    i.USART_Init        stm32f10x_usart.o
    0x080014a0   0x080014a0   0x0000000a   Code   RO          843    i.USART_ReceiveData  stm32f10x_usart.o
    0x080014aa   0x080014aa   0x00000008   Code   RO          846    i.USART_SendData    stm32f10x_usart.o
    0x080014b2   0x080014b2   0x00000004   Code   RO          225    i.UsageFault_Handler  stm32f10x_it.o
    0x080014b6   0x080014b6   0x00000002   PAD
    0x080014b8   0x080014b8   0x00000198   Code   RO         2714    i.Zigbee_Analyse_Command_Data  zigbee.o
    0x08001650   0x08001650   0x00000098   Code   RO         2715    i.Zigbee_Change_Mode  zigbee.o
    0x080016e8   0x080016e8   0x00000050   Code   RO         2717    i.Zigbee_Get_State  zigbee.o
    0x08001738   0x08001738   0x00000050   Code   RO         2718    i.Zigbee_Open_Net   zigbee.o
    0x08001788   0x08001788   0x00000074   Code   RO         2719    i.Zigbee_Restart    zigbee.o
    0x080017fc   0x080017fc   0x00000084   Code   RO         2720    i.Zigbee_Restore_Factory_Setting  zigbee.o
    0x08001880   0x08001880   0x0000009c   Code   RO         2721    i.Zigbee_Set_Send_Target  zigbee.o
    0x0800191c   0x0800191c   0x00000050   Code   RO         2722    i.Zigbee_Set_Type_To_Active_Terminal  zigbee.o
    0x0800196c   0x0800196c   0x000000c4   Code   RO         2723    i.Zigbee_Update_TerminalOnlineFlag  zigbee.o
    0x08001a30   0x08001a30   0x0000000e   Code   RO         2851    i.__scatterload_copy  mc_w.l(handlers.o)
    0x08001a3e   0x08001a3e   0x00000002   Code   RO         2852    i.__scatterload_null  mc_w.l(handlers.o)
    0x08001a40   0x08001a40   0x0000000e   Code   RO         2853    i.__scatterload_zeroinit  mc_w.l(handlers.o)
    0x08001a4e   0x08001a4e   0x00000002   PAD
    0x08001a50   0x08001a50   0x00000050   Code   RO         2790    i.free              mc_w.l(malloc.o)
    0x08001aa0   0x08001aa0   0x00000024   Code   RO         2581    i.key1_init         key.o
    0x08001ac4   0x08001ac4   0x00000024   Code   RO         2582    i.key2_init         key.o
    0x08001ae8   0x08001ae8   0x00000024   Code   RO         2583    i.key3_init         key.o
    0x08001b0c   0x08001b0c   0x00000024   Code   RO         2584    i.key4_init         key.o
    0x08001b30   0x08001b30   0x00000018   Code   RO         2585    i.key_init          key.o
    0x08001b48   0x08001b48   0x000000b0   Code   RO         2586    i.key_scan          key.o
    0x08001bf8   0x08001bf8   0x000000b0   Code   RO            7    i.main              main.o
    0x08001ca8   0x08001ca8   0x0000006c   Code   RO         2791    i.malloc            mc_w.l(malloc.o)
    0x08001d14   0x08001d14   0x00000028   Code   RO         2587    i.net_key_init      key.o
    0x08001d3c   0x08001d3c   0x00000098   Code   RO         2272    i.prvAddCurrentTaskToDelayedList  tasks.o
    0x08001dd4   0x08001dd4   0x000000b4   Code   RO         2273    i.prvAddNewTaskToReadyList  tasks.o
    0x08001e88   0x08001e88   0x00000064   Code   RO         2274    i.prvCheckTasksWaitingTermination  tasks.o
    0x08001eec   0x08001eec   0x0000002a   Code   RO         2113    i.prvCopyDataFromQueue  queue.o
    0x08001f16   0x08001f16   0x0000007c   Code   RO         2114    i.prvCopyDataToQueue  queue.o
    0x08001f92   0x08001f92   0x00000028   Code   RO         2275    i.prvDeleteTCB      tasks.o
    0x08001fba   0x08001fba   0x00000002   PAD
    0x08001fbc   0x08001fbc   0x0000007c   Code   RO         1924    i.prvHeapInit       heap_4.o
    0x08002038   0x08002038   0x00000028   Code   RO         2276    i.prvIdleTask       tasks.o
    0x08002060   0x08002060   0x00000026   Code   RO         2116    i.prvInitialiseNewQueue  queue.o
    0x08002086   0x08002086   0x00000086   Code   RO         2277    i.prvInitialiseNewTask  tasks.o
    0x0800210c   0x0800210c   0x00000068   Code   RO         2278    i.prvInitialiseTaskLists  tasks.o
    0x08002174   0x08002174   0x00000068   Code   RO         1925    i.prvInsertBlockIntoFreeList  heap_4.o
    0x080021dc   0x080021dc   0x0000001a   Code   RO         2117    i.prvIsQueueEmpty   queue.o
    0x080021f6   0x080021f6   0x0000001e   Code   RO         2118    i.prvIsQueueFull    queue.o
    0x08002214   0x08002214   0x00000034   Code   RO         2279    i.prvResetNextTaskUnblockTime  tasks.o
    0x08002248   0x08002248   0x00000016   Code   RO         1854    i.prvTaskExitError  port.o
    0x0800225e   0x0800225e   0x0000007e   Code   RO         2119    i.prvUnlockQueue    queue.o
    0x080022dc   0x080022dc   0x000000d0   Code   RO         1926    i.pvPortMalloc      heap_4.o
    0x080023ac   0x080023ac   0x00000020   Code   RO         2281    i.pvTaskIncrementMutexHeldCount  tasks.o
    0x080023cc   0x080023cc   0x00000024   Code   RO         1855    i.pxPortInitialiseStack  port.o
    0x080023f0   0x080023f0   0x000000ec   Code   RO          358    i.send_customFrame  usart.o
    0x080024dc   0x080024dc   0x00000040   Code   RO            8    i.setup             main.o
    0x0800251c   0x0800251c   0x000000ac   Code   RO          359    i.usart1_init       usart.o
    0x080025c8   0x080025c8   0x00000028   Code   RO         2077    i.uxListRemove      list.o
    0x080025f0   0x080025f0   0x00000018   Code   RO            9    i.vApplicationGetIdleTaskMemory  main.o
    0x08002608   0x08002608   0x0000001a   Code   RO         2078    i.vListInitialise   list.o
    0x08002622   0x08002622   0x00000006   Code   RO         2079    i.vListInitialiseItem  list.o
    0x08002628   0x08002628   0x00000034   Code   RO         2080    i.vListInsert       list.o
    0x0800265c   0x0800265c   0x00000018   Code   RO         2081    i.vListInsertEnd    list.o
    0x08002674   0x08002674   0x00000024   Code   RO         1857    i.vPortEnterCritical  port.o
    0x08002698   0x08002698   0x00000020   Code   RO         1858    i.vPortExitCritical  port.o
    0x080026b8   0x080026b8   0x00000048   Code   RO         1927    i.vPortFree         heap_4.o
    0x08002700   0x08002700   0x00000014   Code   RO         1859    i.vPortSetupTimerInterrupt  port.o
    0x08002714   0x08002714   0x00000034   Code   RO         2287    i.vTaskDelay        tasks.o
    0x08002748   0x08002748   0x0000000c   Code   RO         2291    i.vTaskMissedYield  tasks.o
    0x08002754   0x08002754   0x00000020   Code   RO         2293    i.vTaskPlaceOnEventList  tasks.o
    0x08002774   0x08002774   0x000000b0   Code   RO         2295    i.vTaskPriorityInherit  tasks.o
    0x08002824   0x08002824   0x00000018   Code   RO         2298    i.vTaskSetTimeOutState  tasks.o
    0x0800283c   0x0800283c   0x0000008c   Code   RO         2299    i.vTaskStartScheduler  tasks.o
    0x080028c8   0x080028c8   0x00000010   Code   RO         2301    i.vTaskSuspendAll   tasks.o
    0x080028d8   0x080028d8   0x00000060   Code   RO         2302    i.vTaskSwitchContext  tasks.o
    0x08002938   0x08002938   0x00000034   Code   RO         1860    i.xPortStartScheduler  port.o
    0x0800296c   0x0800296c   0x00000034   Code   RO         1861    i.xPortSysTickHandler  port.o
    0x080029a0   0x080029a0   0x0000003e   Code   RO         2128    i.xQueueGenericCreate  queue.o
    0x080029de   0x080029de   0x00000002   PAD
    0x080029e0   0x080029e0   0x0000015c   Code   RO         2130    i.xQueueGenericReceive  queue.o
    0x08002b3c   0x08002b3c   0x00000080   Code   RO         2131    i.xQueueGenericReset  queue.o
    0x08002bbc   0x08002bbc   0x00000118   Code   RO         2132    i.xQueueGenericSend  queue.o
    0x08002cd4   0x08002cd4   0x00000086   Code   RO         2133    i.xQueueGenericSendFromISR  queue.o
    0x08002d5a   0x08002d5a   0x00000002   PAD
    0x08002d5c   0x08002d5c   0x0000005c   Code   RO         2303    i.xTaskCheckForTimeOut  tasks.o
    0x08002db8   0x08002db8   0x00000064   Code   RO         2304    i.xTaskCreate       tasks.o
    0x08002e1c   0x08002e1c   0x0000004e   Code   RO         2305    i.xTaskCreateStatic  tasks.o
    0x08002e6a   0x08002e6a   0x00000002   PAD
    0x08002e6c   0x08002e6c   0x0000011c   Code   RO         2311    i.xTaskIncrementTick  tasks.o
    0x08002f88   0x08002f88   0x00000084   Code   RO         2314    i.xTaskPriorityDisinherit  tasks.o
    0x0800300c   0x0800300c   0x00000080   Code   RO         2315    i.xTaskRemoveFromEventList  tasks.o
    0x0800308c   0x0800308c   0x000000e8   Code   RO         2317    i.xTaskResumeAll    tasks.o
    0x08003174   0x08003174   0x00000020   Data   RO         2849    Region$$Table       anon$$obj.o


    Execution Region ER_RW (Exec base: 0x20000000, Load base: 0x08003194, Size: 0x000000e4, Max: 0xffffffff, ABSOLUTE)

    Exec Addr    Load Addr    Size         Type   Attr      Idx    E Section Name        Object

    0x20000000   0x08003194   0x00000030   Data   RW           12    .data               main.o
    0x20000030   0x080031c4   0x00000007   Data   RW          361    .data               usart.o
    0x20000037   0x080031cb   0x00000001   PAD
    0x20000038   0x080031cc   0x00000030   Data   RW          406    .data               timer.o
    0x20000068   0x080031fc   0x00000014   Data   RW          657    .data               stm32f10x_rcc.o
    0x2000007c   0x08003210   0x00000004   Data   RW         1862    .data               port.o
    0x20000080   0x08003214   0x00000018   Data   RW         1932    .data               heap_4.o
    0x20000098   0x0800322c   0x0000003c   Data   RW         2320    .data               tasks.o
    0x200000d4   0x08003268   0x00000006   Data   RW         2588    .data               key.o
    0x200000da   0x0800326e   0x00000001   Data   RW         2638    .data               led.o
    0x200000db   0x0800326f   0x00000001   PAD
    0x200000dc   0x08003270   0x00000004   Data   RW         2842    .data               mc_w.l(mvars.o)
    0x200000e0   0x08003274   0x00000004   Data   RW         2843    .data               mc_w.l(mvars.o)


    Execution Region ER_ZI (Exec base: 0x200000e4, Load base: 0x08003278, Size: 0x0000343c, Max: 0xffffffff, ABSOLUTE)

    Exec Addr    Load Addr    Size         Type   Attr      Idx    E Section Name        Object

    0x200000e4        -       0x000004a8   Zero   RW           11    .bss                main.o
    0x2000058c        -       0x000000c8   Zero   RW          360    .bss                usart.o
    0x20000654        -       0x00002800   Zero   RW         1931    .bss                heap_4.o
    0x20002e54        -       0x000000c8   Zero   RW         2319    .bss                tasks.o
    0x20002f1c   0x08003278   0x00000004   PAD
    0x20002f20        -       0x00000200   Zero   RW          445    HEAP                startup_stm32f10x_md.o
    0x20003120        -       0x00000400   Zero   RW          444    STACK               startup_stm32f10x_md.o


==============================================================================

Image component sizes


      Code (inc. data)   RO Data    RW Data    ZI Data      Debug   Object Name

         0          0          0          0          0         32   core_cm3.o
         0          0          0          0          0      15420   event_groups.o
       508         62          0         24      10240       3803   heap_4.o
       384         52          0          6          0       3938   key.o
       124         12          0          1          0       1695   led.o
       148          0          0          0          0       3130   list.o
      1928        258          0         48       1192     278465   main.o
       132         22          0          0          0       1547   misc.o
       400         50          0          4          0       9028   port.o
      1338         16          0          0          0      10433   queue.o
        36          8        236          0       1536        804   startup_stm32f10x_md.o
       304          0          0          0          0       3684   stm32f10x_gpio.o
        28          0          0          0          0       2959   stm32f10x_it.o
       276         32          0         20          0       4466   stm32f10x_rcc.o
       976         92          0          0          0      11557   stm32f10x_tim.o
       460          6          0          0          0       6775   stm32f10x_usart.o
       328         28          0          0          0       1825   system_stm32f10x.o
      2428        344          0         60        200      34982   tasks.o
       476         26          0         48          0       2902   timer.o
       408         16          0          7        200       5183   usart.o
      1400        140          0          0          0       7723   zigbee.o

    ----------------------------------------------------------------------
     12108       1164        268        220      13372     410351   Object Totals
         0          0         32          0          0          0   (incl. Generated)
        26          0          0          2          4          0   (incl. Padding)

    ----------------------------------------------------------------------

      Code (inc. data)   RO Data    RW Data    ZI Data      Debug   Library Member Name

         0          0          0          0          0          0   entry.o
         0          0          0          0          0          0   entry10a.o
         0          0          0          0          0          0   entry11a.o
         4          0          0          0          0          0   entry12b.o
         8          4          0          0          0          0   entry2.o
         4          0          0          0          0          0   entry5.o
         0          0          0          0          0          0   entry7b.o
         0          0          0          0          0          0   entry8b.o
         8          4          0          0          0          0   entry9a.o
        30          0          0          0          0          0   handlers.o
        36          8          0          0          0         68   init.o
       188         20          0          0          0        160   malloc.o
        36          0          0          0          0         68   memcpya.o
         0          0          0          8          0          0   mvars.o

    ----------------------------------------------------------------------
       316         36          0          8          0        296   Library Totals
         2          0          0          0          0          0   (incl. Padding)

    ----------------------------------------------------------------------

      Code (inc. data)   RO Data    RW Data    ZI Data      Debug   Library Name

       314         36          0          8          0        296   mc_w.l

    ----------------------------------------------------------------------
       316         36          0          8          0        296   Library Totals

    ----------------------------------------------------------------------

==============================================================================


      Code (inc. data)   RO Data    RW Data    ZI Data      Debug   

     12424       1200        268        228      13372     404143   Grand Totals
     12424       1200        268        228      13372     404143   ELF Image Totals
     12424       1200        268        228          0          0   ROM Totals

==============================================================================

    Total RO  Size (Code + RO Data)                12692 (  12.39kB)
    Total RW  Size (RW Data + ZI Data)             13600 (  13.28kB)
    Total ROM Size (Code + RO Data + RW Data)      12920 (  12.62kB)

==============================================================================

