Component: ARM Compiler 5.06 update 7 (build 960) Tool: armlink [4d3601]

==============================================================================

Section Cross References

    main.o(i.AnalyseCommand_Task) refers to queue.o(i.xQueueGenericReceive) for xQueueGenericReceive
    main.o(i.AnalyseCommand_Task) refers to zigbee.o(i.Zigbee_Analyse_Command_Data) for Zigbee_Analyse_Command_Data
    main.o(i.AnalyseCommand_Task) refers to usart.o(i.send_customFrame) for send_customFrame
    main.o(i.AnalyseCommand_Task) refers to timer.o(i.PWM_Curtain_Set) for PWM_Curtain_Set
    main.o(i.AnalyseCommand_Task) refers to malloc.o(i.free) for free
    main.o(i.AnalyseCommand_Task) refers to main.o(.data) for cFrame_queue
    main.o(i.Key_Task) refers to key.o(i.key_scan) for key_scan
    main.o(i.Key_Task) refers to main.o(i.Try_To_Link) for Try_To_Link
    main.o(i.Key_Task) refers to stm32f10x_gpio.o(i.GPIO_ReadInputDataBit) for GPIO_ReadInputDataBit
    main.o(i.Key_Task) refers to key.o(.data) for net_key_time
    main.o(i.Key_Task) refers to main.o(.data) for zigbee
    main.o(i.SendHBPack_Task) refers to dht11.o(i.DHT11_Init) for DHT11_Init
    main.o(i.SendHBPack_Task) refers to dht11.o(i.DHT11_Update_Data) for DHT11_Update_Data
    main.o(i.SendHBPack_Task) refers to zigbee.o(i.Zigbee_Change_Mode) for Zigbee_Change_Mode
    main.o(i.SendHBPack_Task) refers to zigbee.o(i.Zigbee_Get_State) for Zigbee_Get_State
    main.o(i.SendHBPack_Task) refers to zigbee.o(i.Zigbee_Set_Send_Target) for Zigbee_Set_Send_Target
    main.o(i.SendHBPack_Task) refers to zigbee.o(i.Zigbee_Update_TerminalOnlineFlag) for Zigbee_Update_TerminalOnlineFlag
    main.o(i.SendHBPack_Task) refers to stm32f10x_gpio.o(i.GPIO_ResetBits) for GPIO_ResetBits
    main.o(i.SendHBPack_Task) refers to tasks.o(i.vTaskDelay) for vTaskDelay
    main.o(i.SendHBPack_Task) refers to usart.o(i.send_customFrame) for send_customFrame
    main.o(i.SendHBPack_Task) refers to stm32f10x_gpio.o(i.GPIO_SetBits) for GPIO_SetBits
    main.o(i.SendHBPack_Task) refers to queue.o(i.xQueueGenericReceive) for xQueueGenericReceive
    main.o(i.SendHBPack_Task) refers to timer.o(.data) for PWMval
    main.o(i.SendHBPack_Task) refers to dht11.o(.data) for dht11_data
    main.o(i.SendHBPack_Task) refers to main.o(.data) for infoFlag_semaphore
    main.o(i.TIM2_IRQHandler) refers to stm32f10x_tim.o(i.TIM_GetITStatus) for TIM_GetITStatus
    main.o(i.TIM2_IRQHandler) refers to malloc.o(i.malloc) for malloc
    main.o(i.TIM2_IRQHandler) refers to queue.o(i.xQueueGenericSendFromISR) for xQueueGenericSendFromISR
    main.o(i.TIM2_IRQHandler) refers to stm32f10x_gpio.o(i.GPIO_SetBits) for GPIO_SetBits
    main.o(i.TIM2_IRQHandler) refers to stm32f10x_tim.o(i.TIM_ClearITPendingBit) for TIM_ClearITPendingBit
    main.o(i.TIM2_IRQHandler) refers to main.o(.data) for millisecond
    main.o(i.TIM2_IRQHandler) refers to usart.o(.data) for usart1RXTime
    main.o(i.TIM2_IRQHandler) refers to usart.o(.bss) for usart1_rx_buffer
    main.o(i.TIM2_IRQHandler) refers to key.o(.data) for net_KeyCD
    main.o(i.TIM2_IRQHandler) refers to led.o(.data) for LED1FlashTime
    main.o(i.Try_To_Link) refers to stm32f10x_gpio.o(i.GPIO_ResetBits) for GPIO_ResetBits
    main.o(i.Try_To_Link) refers to zigbee.o(i.Zigbee_Change_Mode) for Zigbee_Change_Mode
    main.o(i.Try_To_Link) refers to zigbee.o(i.Zigbee_Restore_Factory_Setting) for Zigbee_Restore_Factory_Setting
    main.o(i.Try_To_Link) refers to tasks.o(i.vTaskDelay) for vTaskDelay
    main.o(i.Try_To_Link) refers to zigbee.o(i.Zigbee_Restart) for Zigbee_Restart
    main.o(i.Try_To_Link) refers to zigbee.o(i.Zigbee_Set_Type_To_Active_Terminal) for Zigbee_Set_Type_To_Active_Terminal
    main.o(i.Try_To_Link) refers to zigbee.o(i.Zigbee_Open_Net) for Zigbee_Open_Net
    main.o(i.Try_To_Link) refers to zigbee.o(i.Zigbee_Get_State) for Zigbee_Get_State
    main.o(i.Try_To_Link) refers to stm32f10x_gpio.o(i.GPIO_SetBits) for GPIO_SetBits
    main.o(i.Try_To_Link) refers to zigbee.o(i.Zigbee_Set_Send_Target) for Zigbee_Set_Send_Target
    main.o(i.Try_To_Link) refers to queue.o(i.xQueueGenericSend) for xQueueGenericSend
    main.o(i.Try_To_Link) refers to led.o(.data) for LED1FlashTime
    main.o(i.Try_To_Link) refers to main.o(.data) for APPJudgeFlag
    main.o(i.USART1_IRQHandler) refers to stm32f10x_usart.o(i.USART_GetITStatus) for USART_GetITStatus
    main.o(i.USART1_IRQHandler) refers to stm32f10x_usart.o(i.USART_ReceiveData) for USART_ReceiveData
    main.o(i.USART1_IRQHandler) refers to usart.o(.data) for usart1_rx_len
    main.o(i.USART1_IRQHandler) refers to usart.o(.bss) for usart1_rx_buffer
    main.o(i.main) refers to main.o(i.setup) for setup
    main.o(i.main) refers to queue.o(i.xQueueGenericCreate) for xQueueGenericCreate
    main.o(i.main) refers to tasks.o(i.xTaskCreate) for xTaskCreate
    main.o(i.main) refers to tasks.o(i.vTaskStartScheduler) for vTaskStartScheduler
    main.o(i.main) refers to main.o(.data) for cFrame_queue
[...]
    mallocr.o(i.__malloc$realloc) refers to startup_stm32f10x_md.o(HEAP) for __heap_base
    mallocr.o(i.__malloc$realloc) refers to mvars.o(.data) for __microlib_freelist
    mallocr.o(i.internal_alloc) refers to memcpya.o(.text) for __aeabi_memcpy
    mallocr.o(i.internal_alloc) refers to mvars.o(.data) for __microlib_freelist
    mallocr.o(i.realloc) refers to mallocr.o(i.__free$realloc) for __free$realloc
    mallocr.o(i.realloc) refers to mallocr.o(i.internal_alloc) for internal_alloc
    mallocr.o(i.realloc) refers to mallocr.o(i.__malloc$realloc) for __malloc$realloc
    mallocr.o(i.realloc) refers to mvars.o(.data) for __microlib_freelist
    malloca.o(i.__aligned_malloc) refers to mvars.o(.data) for __microlib_freelist_initialised
    malloca.o(i.__aligned_malloc) refers to mvars.o(.data) for __microlib_freelist
    malloca.o(i.__aligned_malloc) refers to startup_stm32f10x_md.o(HEAP) for __heap_base
    malloca.o(i.__free$memalign) refers to mvars.o(.data) for __microlib_freelist
    malloca.o(i.__malloc$memalign) refers to malloca.o(i.__aligned_malloc) for __aligned_malloc
    mallocra.o(i.__aligned_malloc$realloc) refers to mallocra.o(i.internal_alloc) for internal_alloc
    mallocra.o(i.__aligned_malloc$realloc) refers to mvars.o(.data) for __microlib_freelist_initialised
    mallocra.o(i.__aligned_malloc$realloc) refers to startup_stm32f10x_md.o(HEAP) for __heap_base
    mallocra.o(i.__aligned_malloc$realloc) refers to mvars.o(.data) for __microlib_freelist
    mallocra.o(i.__free$realloc$memalign) refers to mvars.o(.data) for __microlib_freelist
    mallocra.o(i.__malloc$realloc$memalign) refers to mallocra.o(i.__aligned_malloc$realloc) for __aligned_malloc$realloc
    mallocra.o(i.__realloc$memalign) refers to mallocra.o(i.__free$realloc$memalign) for __free$realloc$memalign
    mallocra.o(i.__realloc$memalign) refers to mallocra.o(i.internal_alloc) for internal_alloc
    mallocra.o(i.__realloc$memalign) refers to mallocra.o(i.__malloc$realloc$memalign) for __malloc$realloc$memalign
    mallocra.o(i.__realloc$memalign) refers to mvars.o(.data) for __microlib_freelist
    mallocra.o(i.internal_alloc) refers to memcpya.o(.text) for __aeabi_memcpy
    mallocra.o(i.internal_alloc) refers to mvars.o(.data) for __microlib_freelist
    entry2.o(.ARM.Collect$$$$00000001) refers to entry2.o(.ARM.Collect$$$$00002712) for __lit__00000000
    entry2.o(.ARM.Collect$$$$00002712) refers to startup_stm32f10x_md.o(STACK) for __initial_sp
    entry2.o(__vectab_stack_and_reset_area) refers to startup_stm32f10x_md.o(STACK) for __initial_sp
    entry2.o(__vectab_stack_and_reset_area) refers to entry.o(.ARM.Collect$$$$00000000) for __main
    entry5.o(.ARM.Collect$$$$00000004) refers to init.o(.text) for __scatterload
    entry9a.o(.ARM.Collect$$$$0000000B) refers to main.o(i.main) for main
    entry9b.o(.ARM.Collect$$$$0000000C) refers to main.o(i.main) for main
    init.o(.text) refers to entry5.o(.ARM.Collect$$$$00000004) for __main_after_scatterload


==============================================================================

Removing Unused input sections from the image.

    Removing main.o(i.vApplicationGetTimerTaskMemory), (24 bytes).
    Removing system_stm32f10x.o(i.SystemCoreClockUpdate), (164 bytes).
    Removing usart.o(i._sys_exit), (4 bytes).
    Removing usart.o(i.fputc), (28 bytes).
    Removing core_cm3.o(.emb_text), (32 bytes).
    Removing misc.o(i.NVIC_SetVectorTable), (20 bytes).
    Removing misc.o(i.NVIC_SystemLPConfig), (32 bytes).
    Removing misc.o(i.SysTick_CLKSourceConfig), (40 bytes).
    Removing stm32f10x_gpio.o(i.GPIO_AFIODeInit), (20 bytes).
    Removing stm32f10x_gpio.o(i.GPIO_DeInit), (200 bytes).
    Removing stm32f10x_gpio.o(i.GPIO_ETH_MediaInterfaceConfig), (12 bytes).
    Removing stm32f10x_gpio.o(i.GPIO_EXTILineConfig), (64 bytes).
    Removing stm32f10x_gpio.o(i.GPIO_EventOutputCmd), (12 bytes).
    Removing stm32f10x_gpio.o(i.GPIO_EventOutputConfig), (32 bytes).
    Removing stm32f10x_gpio.o(i.GPIO_PinLockConfig), (18 bytes).
    Removing stm32f10x_gpio.o(i.GPIO_PinRemapConfig), (144 bytes).
    Removing stm32f10x_gpio.o(i.GPIO_ReadInputData), (8 bytes).
    Removing stm32f10x_gpio.o(i.GPIO_ReadOutputData), (8 bytes).
    Removing stm32f10x_gpio.o(i.GPIO_ReadOutputDataBit), (18 bytes).
    Removing stm32f10x_gpio.o(i.GPIO_StructInit), (16 bytes).
    Removing stm32f10x_gpio.o(i.GPIO_Write), (4 bytes).
    Removing stm32f10x_gpio.o(i.GPIO_WriteBit), (10 bytes).
    Removing stm32f10x_dbgmcu.o(i.DBGMCU_Config), (32 bytes).
    Removing stm32f10x_dbgmcu.o(i.DBGMCU_GetDEVID), (16 bytes).
    Removing stm32f10x_dbgmcu.o(i.DBGMCU_GetREVID), (12 bytes).
    Removing stm32f10x_rcc.o(i.RCC_ADCCLKConfig), (24 bytes).
    Removing stm32f10x_rcc.o(i.RCC_AHBPeriphClockCmd), (32 bytes).
    Removing stm32f10x_rcc.o(i.RCC_APB1PeriphResetCmd), (32 bytes).
    Removing stm32f10x_rcc.o(i.RCC_APB2PeriphResetCmd), (32 bytes).
    Removing stm32f10x_rcc.o(i.RCC_AdjustHSICalibrationValue), (24 bytes).
    Removing stm32f10x_rcc.o(i.RCC_BackupResetCmd), (12 bytes).
    Removing stm32f10x_rcc.o(i.RCC_ClearFlag), (20 bytes).
    Removing stm32f10x_rcc.o(i.RCC_ClearITPendingBit), (12 bytes).
    Removing stm32f10x_rcc.o(i.RCC_ClockSecuritySystemCmd), (12 bytes).
    Removing stm32f10x_rcc.o(i.RCC_DeInit), (76 bytes).
    Removing stm32f10x_rcc.o(i.RCC_GetFlagStatus), (60 bytes).
    Removing stm32f10x_rcc.o(i.RCC_GetITStatus), (24 bytes).
    Removing stm32f10x_rcc.o(i.RCC_GetSYSCLKSource), (16 bytes).
    Removing stm32f10x_rcc.o(i.RCC_HCLKConfig), (24 bytes).
    Removing stm32f10x_rcc.o(i.RCC_HSEConfig), (76 bytes).
    Removing stm32f10x_rcc.o(i.RCC_HSICmd), (12 bytes).
    Removing stm32f10x_rcc.o(i.RCC_ITConfig), (32 bytes).
    Removing stm32f10x_rcc.o(i.RCC_LSEConfig), (52 bytes).
    Removing stm32f10x_rcc.o(i.RCC_LSICmd), (12 bytes).
    Removing stm32f10x_rcc.o(i.RCC_MCOConfig), (12 bytes).
    Removing stm32f10x_rcc.o(i.RCC_PCLK1Config), (24 bytes).
    Removing stm32f10x_rcc.o(i.RCC_PCLK2Config), (24 bytes).
    Removing stm32f10x_rcc.o(i.RCC_PLLCmd), (12 bytes).
    Removing stm32f10x_rcc.o(i.RCC_PLLConfig), (28 bytes).
    Removing stm32f10x_rcc.o(i.RCC_RTCCLKCmd), (12 bytes).
    Removing stm32f10x_rcc.o(i.RCC_RTCCLKConfig), (16 bytes).
    Removing stm32f10x_rcc.o(i.RCC_SYSCLKConfig), (24 bytes).
    Removing stm32f10x_rcc.o(i.RCC_USBCLKConfig), (12 bytes).
    Removing stm32f10x_rcc.o(i.RCC_WaitForHSEStartUp), (56 bytes).
    Removing stm32f10x_usart.o(i.USART_ClearITPendingBit), (30 bytes).
    Removing stm32f10x_usart.o(i.USART_ClockInit), (34 bytes).
    Removing stm32f10x_usart.o(i.USART_ClockStructInit), (12 bytes).
    Removing stm32f10x_usart.o(i.USART_DMACmd), (18 bytes).
    Removing stm32f10x_usart.o(i.USART_DeInit), (156 bytes).
    Removing stm32f10x_usart.o(i.USART_HalfDuplexCmd), (24 bytes).
    Removing stm32f10x_usart.o(i.USART_IrDACmd), (24 bytes).
    Removing stm32f10x_usart.o(i.USART_IrDAConfig), (18 bytes).
    Removing stm32f10x_usart.o(i.USART_LINBreakDetectLengthConfig), (18 bytes).
    Removing stm32f10x_usart.o(i.USART_LINCmd), (24 bytes).
    Removing stm32f10x_usart.o(i.USART_OneBitMethodCmd), (24 bytes).
    Removing stm32f10x_usart.o(i.USART_OverSampling8Cmd), (22 bytes).
    Removing stm32f10x_usart.o(i.USART_ReceiverWakeUpCmd), (24 bytes).
    Removing stm32f10x_usart.o(i.USART_SendBreak), (10 bytes).
    Removing stm32f10x_usart.o(i.USART_SetAddress), (18 bytes).
    Removing stm32f10x_usart.o(i.USART_SetGuardTime), (16 bytes).
    Removing stm32f10x_usart.o(i.USART_SetPrescaler), (16 bytes).
    Removing stm32f10x_usart.o(i.USART_SmartCardCmd), (24 bytes).
    Removing stm32f10x_usart.o(i.USART_SmartCardNACKCmd), (24 bytes).
    Removing stm32f10x_usart.o(i.USART_StructInit), (24 bytes).
    Removing stm32f10x_usart.o(i.USART_WakeUpConfig), (18 bytes).
    Removing stm32f10x_iwdg.o(i.IWDG_Enable), (16 bytes).
    Removing stm32f10x_iwdg.o(i.IWDG_GetFlagStatus), (24 bytes).
    Removing stm32f10x_iwdg.o(i.IWDG_ReloadCounter), (16 bytes).
    Removing stm32f10x_iwdg.o(i.IWDG_SetPrescaler), (12 bytes).
    Removing stm32f10x_iwdg.o(i.IWDG_SetReload), (12 bytes).
    Removing stm32f10x_iwdg.o(i.IWDG_WriteAccessCmd), (12 bytes).
    Removing stm32f10x_tim.o(i.TI1_Config), (128 bytes).
    Removing stm32f10x_tim.o(i.TI2_Config), (152 bytes).
    Removing stm32f10x_tim.o(i.TI3_Config), (144 bytes).
    Removing stm32f10x_tim.o(i.TI4_Config), (152 bytes).
    Removing stm32f10x_tim.o(i.TIM_BDTRConfig), (32 bytes).
    Removing stm32f10x_tim.o(i.TIM_BDTRStructInit), (18 bytes).
    Removing stm32f10x_tim.o(i.TIM_CCPreloadControl), (24 bytes).
    Removing stm32f10x_tim.o(i.TIM_CCxCmd), (30 bytes).
    Removing stm32f10x_tim.o(i.TIM_CCxNCmd), (30 bytes).
    Removing stm32f10x_tim.o(i.TIM_ClearFlag), (6 bytes).
    Removing stm32f10x_tim.o(i.TIM_ClearOC1Ref), (18 bytes).
    Removing stm32f10x_tim.o(i.TIM_ClearOC2Ref), (24 bytes).
    Removing stm32f10x_tim.o(i.TIM_ClearOC3Ref), (18 bytes).
    Removing stm32f10x_tim.o(i.TIM_ClearOC4Ref), (24 bytes).
    Removing stm32f10x_tim.o(i.TIM_CounterModeConfig), (18 bytes).
    Removing stm32f10x_tim.o(i.TIM_CtrlPWMOutputs), (30 bytes).
    Removing stm32f10x_tim.o(i.TIM_DMACmd), (18 bytes).
    Removing stm32f10x_tim.o(i.TIM_DMAConfig), (10 bytes).
    Removing stm32f10x_tim.o(i.TIM_DeInit), (488 bytes).
    Removing stm32f10x_tim.o(i.TIM_ETRClockMode1Config), (54 bytes).
    Removing stm32f10x_tim.o(i.TIM_ETRClockMode2Config), (32 bytes).
    Removing stm32f10x_tim.o(i.TIM_ETRConfig), (28 bytes).
    Removing stm32f10x_tim.o(i.TIM_EncoderInterfaceConfig), (66 bytes).
    Removing stm32f10x_tim.o(i.TIM_ForcedOC1Config), (18 bytes).
    Removing stm32f10x_tim.o(i.TIM_ForcedOC2Config), (26 bytes).
    Removing stm32f10x_tim.o(i.TIM_ForcedOC3Config), (18 bytes).
    Removing stm32f10x_tim.o(i.TIM_ForcedOC4Config), (26 bytes).
    Removing stm32f10x_tim.o(i.TIM_GenerateEvent), (4 bytes).
    Removing stm32f10x_tim.o(i.TIM_GetCapture1), (6 bytes).
    Removing stm32f10x_tim.o(i.TIM_GetCapture2), (6 bytes).
    Removing stm32f10x_tim.o(i.TIM_GetCapture3), (6 bytes).
    Removing stm32f10x_tim.o(i.TIM_GetCapture4), (8 bytes).
    Removing stm32f10x_tim.o(i.TIM_GetCounter), (6 bytes).
    Removing stm32f10x_tim.o(i.TIM_GetFlagStatus), (18 bytes).
    Removing stm32f10x_tim.o(i.TIM_GetPrescaler), (6 bytes).
    Removing stm32f10x_tim.o(i.TIM_ICInit), (172 bytes).
    Removing stm32f10x_tim.o(i.TIM_ICStructInit), (18 bytes).
    Removing stm32f10x_tim.o(i.TIM_ITRxExternalClockConfig), (24 bytes).
    Removing stm32f10x_tim.o(i.TIM_InternalClockConfig), (12 bytes).
    Removing stm32f10x_tim.o(i.TIM_OC1FastConfig), (18 bytes).
    Removing stm32f10x_tim.o(i.TIM_OC1NPolarityConfig), (18 bytes).
    Removing stm32f10x_tim.o(i.TIM_OC1PolarityConfig), (18 bytes).
    Removing stm32f10x_tim.o(i.TIM_OC2FastConfig), (26 bytes).
    Removing stm32f10x_tim.o(i.TIM_OC2NPolarityConfig), (26 bytes).
    Removing stm32f10x_tim.o(i.TIM_OC2PolarityConfig), (26 bytes).
    Removing stm32f10x_tim.o(i.TIM_OC3FastConfig), (18 bytes).
    Removing stm32f10x_tim.o(i.TIM_OC3Init), (160 bytes).
    Removing stm32f10x_tim.o(i.TIM_OC3NPolarityConfig), (26 bytes).
    Removing stm32f10x_tim.o(i.TIM_OC3PolarityConfig), (26 bytes).
    Removing stm32f10x_tim.o(i.TIM_OC3PreloadConfig), (18 bytes).
    Removing stm32f10x_tim.o(i.TIM_OC4FastConfig), (26 bytes).
    Removing stm32f10x_tim.o(i.TIM_OC4Init), (124 bytes).
    Removing stm32f10x_tim.o(i.TIM_OC4PolarityConfig), (26 bytes).
    Removing stm32f10x_tim.o(i.TIM_OC4PreloadConfig), (26 bytes).
    Removing stm32f10x_tim.o(i.TIM_OCStructInit), (20 bytes).
    Removing stm32f10x_tim.o(i.TIM_PWMIConfig), (124 bytes).
    Removing stm32f10x_tim.o(i.TIM_PrescalerConfig), (6 bytes).
    Removing stm32f10x_tim.o(i.TIM_SelectCCDMA), (24 bytes).
    Removing stm32f10x_tim.o(i.TIM_SelectCOM), (24 bytes).
    Removing stm32f10x_tim.o(i.TIM_SelectHallSensor), (24 bytes).
    Removing stm32f10x_tim.o(i.TIM_SelectInputTrigger), (18 bytes).
    Removing stm32f10x_tim.o(i.TIM_SelectMasterSlaveMode), (18 bytes).
    Removing stm32f10x_tim.o(i.TIM_SelectOCxM), (82 bytes).
    Removing stm32f10x_tim.o(i.TIM_SelectOnePulseMode), (18 bytes).
    Removing stm32f10x_tim.o(i.TIM_SelectOutputTrigger), (18 bytes).
    Removing stm32f10x_tim.o(i.TIM_SelectSlaveMode), (18 bytes).
    Removing stm32f10x_tim.o(i.TIM_SetAutoreload), (4 bytes).
    Removing stm32f10x_tim.o(i.TIM_SetClockDivision), (18 bytes).
    Removing stm32f10x_tim.o(i.TIM_SetCompare3), (4 bytes).
    Removing stm32f10x_tim.o(i.TIM_SetCompare4), (6 bytes).
    Removing stm32f10x_tim.o(i.TIM_SetCounter), (4 bytes).
    Removing stm32f10x_tim.o(i.TIM_SetIC1Prescaler), (18 bytes).
    Removing stm32f10x_tim.o(i.TIM_SetIC2Prescaler), (26 bytes).
    Removing stm32f10x_tim.o(i.TIM_SetIC3Prescaler), (18 bytes).
    Removing stm32f10x_tim.o(i.TIM_SetIC4Prescaler), (26 bytes).
    Removing stm32f10x_tim.o(i.TIM_TIxExternalClockConfig), (62 bytes).
    Removing stm32f10x_tim.o(i.TIM_TimeBaseStructInit), (18 bytes).
    Removing stm32f10x_tim.o(i.TIM_UpdateDisableConfig), (24 bytes).
    Removing stm32f10x_tim.o(i.TIM_UpdateRequestConfig), (24 bytes).
    Removing stm32f10x_i2c.o(i.I2C_ARPCmd), (24 bytes).
    Removing stm32f10x_i2c.o(i.I2C_AcknowledgeConfig), (24 bytes).
    Removing stm32f10x_i2c.o(i.I2C_CalculatePEC), (24 bytes).
    Removing stm32f10x_i2c.o(i.I2C_CheckEvent), (42 bytes).
    Removing stm32f10x_i2c.o(i.I2C_ClearFlag), (12 bytes).
    Removing stm32f10x_i2c.o(i.I2C_ClearITPendingBit), (12 bytes).
    Removing stm32f10x_i2c.o(i.I2C_Cmd), (24 bytes).
    Removing stm32f10x_i2c.o(i.I2C_DMACmd), (24 bytes).
    Removing stm32f10x_i2c.o(i.I2C_DMALastTransferCmd), (24 bytes).
    Removing stm32f10x_i2c.o(i.I2C_DeInit), (56 bytes).
    Removing stm32f10x_i2c.o(i.I2C_DualAddressCmd), (24 bytes).
    Removing stm32f10x_i2c.o(i.I2C_FastModeDutyCycleConfig), (28 bytes).
    Removing stm32f10x_i2c.o(i.I2C_GeneralCallCmd), (24 bytes).
    Removing stm32f10x_i2c.o(i.I2C_GenerateSTART), (24 bytes).
    Removing stm32f10x_i2c.o(i.I2C_GenerateSTOP), (24 bytes).
    Removing stm32f10x_i2c.o(i.I2C_GetFlagStatus), (58 bytes).
    Removing stm32f10x_i2c.o(i.I2C_GetITStatus), (38 bytes).
    Removing stm32f10x_i2c.o(i.I2C_GetLastEvent), (26 bytes).
    Removing stm32f10x_i2c.o(i.I2C_GetPEC), (8 bytes).
    Removing stm32f10x_i2c.o(i.I2C_ITConfig), (18 bytes).
    Removing stm32f10x_i2c.o(i.I2C_Init), (236 bytes).
    Removing stm32f10x_i2c.o(i.I2C_NACKPositionConfig), (28 bytes).
    Removing stm32f10x_i2c.o(i.I2C_OwnAddress2Config), (22 bytes).
    Removing stm32f10x_i2c.o(i.I2C_PECPositionConfig), (28 bytes).
    Removing stm32f10x_i2c.o(i.I2C_ReadRegister), (22 bytes).
    Removing stm32f10x_i2c.o(i.I2C_ReceiveData), (8 bytes).
    Removing stm32f10x_i2c.o(i.I2C_SMBusAlertConfig), (28 bytes).
    Removing stm32f10x_i2c.o(i.I2C_Send7bitAddress), (18 bytes).
    Removing stm32f10x_i2c.o(i.I2C_SendData), (4 bytes).
    Removing stm32f10x_i2c.o(i.I2C_SoftwareResetCmd), (22 bytes).
    Removing stm32f10x_i2c.o(i.I2C_StretchClockCmd), (24 bytes).
    Removing stm32f10x_i2c.o(i.I2C_StructInit), (30 bytes).
    Removing stm32f10x_i2c.o(i.I2C_TransmitPEC), (24 bytes).
    Removing stm32f10x_exti.o(i.EXTI_ClearFlag), (12 bytes).
    Removing stm32f10x_exti.o(i.EXTI_ClearITPendingBit), (12 bytes).
    Removing stm32f10x_exti.o(i.EXTI_DeInit), (36 bytes).
    Removing stm32f10x_exti.o(i.EXTI_GenerateSWInterrupt), (16 bytes).
    Removing stm32f10x_exti.o(i.EXTI_GetFlagStatus), (24 bytes).
    Removing stm32f10x_exti.o(i.EXTI_GetITStatus), (40 bytes).
    Removing stm32f10x_exti.o(i.EXTI_Init), (148 bytes).
    Removing stm32f10x_exti.o(i.EXTI_StructInit), (16 bytes).
    Removing port.o(i.vPortEndScheduler), (2 bytes).
    Removing heap_4.o(i.vPortInitialiseBlocks), (2 bytes).
    Removing heap_4.o(i.xPortGetFreeHeapSize), (12 bytes).
    Removing heap_4.o(i.xPortGetMinimumEverFreeHeapSize), (12 bytes).
    Removing event_groups.o(i.prvTestWaitCondition), (30 bytes).
    Removing event_groups.o(i.vEventGroupClearBitsCallback), (16 bytes).
    Removing event_groups.o(i.vEventGroupDelete), (46 bytes).
    Removing event_groups.o(i.vEventGroupSetBitsCallback), (16 bytes).
    Removing event_groups.o(i.xEventGroupClearBits), (32 bytes).
    Removing event_groups.o(i.xEventGroupCreate), (30 bytes).
    Removing event_groups.o(i.xEventGroupCreateStatic), (26 bytes).
    Removing event_groups.o(i.xEventGroupGetBitsFromISR), (44 bytes).
    Removing event_groups.o(i.xEventGroupSetBits), (146 bytes).
    Removing event_groups.o(i.xEventGroupSync), (164 bytes).
    Removing event_groups.o(i.xEventGroupWaitBits), (200 bytes).
    Removing queue.o(i.prvInitialiseMutex), (28 bytes).
    Removing queue.o(i.uxQueueMessagesWaiting), (18 bytes).
    Removing queue.o(i.uxQueueMessagesWaitingFromISR), (6 bytes).
    Removing queue.o(i.uxQueueSpacesAvailable), (24 bytes).
    Removing queue.o(i.vQueueDelete), (20 bytes).
    Removing queue.o(i.xQueueCreateCountingSemaphore), (26 bytes).
    Removing queue.o(i.xQueueCreateCountingSemaphoreStatic), (34 bytes).
    Removing queue.o(i.xQueueCreateMutex), (34 bytes).
    Removing queue.o(i.xQueueCreateMutexStatic), (42 bytes).
    Removing queue.o(i.xQueueGenericCreateStatic), (46 bytes).
    Removing queue.o(i.xQueueGiveFromISR), (120 bytes).
    Removing queue.o(i.xQueueIsQueueEmptyFromISR), (14 bytes).
    Removing queue.o(i.xQueueIsQueueFullFromISR), (18 bytes).
    Removing queue.o(i.xQueuePeekFromISR), (74 bytes).
    Removing queue.o(i.xQueueReceiveFromISR), (130 bytes).
    Removing tasks.o(i.pcTaskGetName), (24 bytes).
    Removing tasks.o(i.prvTaskIsTaskSuspended), (64 bytes).
    Removing tasks.o(i.ulTaskNotifyTake), (116 bytes).
    Removing tasks.o(i.uxTaskGetNumberOfTasks), (12 bytes).
    Removing tasks.o(i.uxTaskPriorityGet), (36 bytes).
    Removing tasks.o(i.uxTaskPriorityGetFromISR), (56 bytes).
    Removing tasks.o(i.uxTaskResetEventItemValue), (28 bytes).
    Removing tasks.o(i.vTaskDelayUntil), (116 bytes).
    Removing tasks.o(i.vTaskDelete), (204 bytes).
    Removing tasks.o(i.vTaskEndScheduler), (36 bytes).
    Removing tasks.o(i.vTaskNotifyGiveFromISR), (180 bytes).
    Removing tasks.o(i.vTaskPlaceOnUnorderedEventList), (44 bytes).
    Removing tasks.o(i.vTaskPrioritySet), (244 bytes).
    Removing tasks.o(i.vTaskResume), (120 bytes).
    Removing tasks.o(i.vTaskSuspend), (188 bytes).
    Removing tasks.o(i.xTaskGenericNotify), (196 bytes).
    Removing tasks.o(i.xTaskGenericNotifyFromISR), (252 bytes).
    Removing tasks.o(i.xTaskGetCurrentTaskHandle), (12 bytes).
    Removing tasks.o(i.xTaskGetTickCount), (12 bytes).
    Removing tasks.o(i.xTaskGetTickCountFromISR), (12 bytes).
    Removing tasks.o(i.xTaskNotifyStateClear), (52 bytes).
    Removing tasks.o(i.xTaskNotifyWait), (160 bytes).
    Removing tasks.o(i.xTaskRemoveFromUnorderedEventList), (112 bytes).
    Removing tasks.o(i.xTaskResumeFromISR), (152 bytes).
    Removing tea.o(i.decrypt), (72 bytes).
    Removing tea.o(i.encrypt), (108 bytes).
    Removing tea.o(i.tea_decrypt), (104 bytes).
    Removing tea.o(i.tea_encrypt), (96 bytes).
    Removing zigbee.o(i.Zigbee_Close_Net), (116 bytes).

260 unused section(s) (total 11262 bytes) removed from the image.

==============================================================================

Image Symbol Table

    Local Symbols

    Symbol Name                              Value     Ov Type        Size  Object(Section)

    ../clib/microlib/init/entry.s            0x00000000   Number         0  entry2.o ABSOLUTE
    ../clib/microlib/init/entry.s            0x00000000   Number         0  entry7b.o ABSOLUTE
    ../clib/microlib/init/entry.s            0x00000000   Number         0  entry8a.o ABSOLUTE
    ../clib/microlib/init/entry.s            0x00000000   Number         0  entry8b.o ABSOLUTE
    ../clib/microlib/init/entry.s            0x00000000   Number         0  entry9a.o ABSOLUTE
    ../clib/microlib/init/entry.s            0x00000000   Number         0  entry11a.o ABSOLUTE
    ../clib/microlib/init/entry.s            0x00000000   Number         0  entry7a.o ABSOLUTE
    ../clib/microlib/init/entry.s            0x00000000   Number         0  entry9b.o ABSOLUTE
    ../clib/microlib/init/entry.s            0x00000000   Number         0  entry5.o ABSOLUTE
    ../clib/microlib/init/entry.s            0x00000000   Number         0  entry10b.o ABSOLUTE
    ../clib/microlib/init/entry.s            0x00000000   Number         0  entry.o ABSOLUTE
    ../clib/microlib/init/entry.s            0x00000000   Number         0  entry11b.o ABSOLUTE
    ../clib/microlib/init/entry.s            0x00000000   Number         0  entry12b.o ABSOLUTE
    ../clib/microlib/init/entry.s            0x00000000   Number         0  entry10a.o ABSOLUTE
    ../clib/microlib/init/entry.s            0x00000000   Number         0  entry12a.o ABSOLUTE
    ../clib/microlib/malloc/malloc.c         0x00000000   Number         0  malloca.o ABSOLUTE
    ../clib/microlib/malloc/malloc.c         0x00000000   Number         0  mallocra.o ABSOLUTE
    ../clib/microlib/malloc/malloc.c         0x00000000   Number         0  mallocr.o ABSOLUTE
    ../clib/microlib/malloc/malloc.c         0x00000000   Number         0  malloc.o ABSOLUTE
    ../clib/microlib/malloc/mvars.c          0x00000000   Number         0  mvars.o ABSOLUTE
    ../clib/microlib/string/memcpy.c         0x00000000   Number         0  memcpya.o ABSOLUTE
    ../clib/microlib/string/memcpy.c         0x00000000   Number         0  memcpyb.o ABSOLUTE
    ../clib/microlib/stubs.s                 0x00000000   Number         0  useno.o ABSOLUTE
    ..\CORE\core_cm3.c                       0x00000000   Number         0  core_cm3.o ABSOLUTE
    ..\CORE\startup_stm32f10x_md.s           0x00000000   Number         0  startup_stm32f10x_md.o ABSOLUTE
    ..\FreeRTOS\port\MemMang\heap_4.c        0x00000000   Number         0  heap_4.o ABSOLUTE
    ..\FreeRTOS\port\RVDS\ARM_CM3\port.c     0x00000000   Number         0  port.o ABSOLUTE
    ..\FreeRTOS\src\croutine.c               0x00000000   Number         0  croutine.o ABSOLUTE
    ..\FreeRTOS\src\event_groups.c           0x00000000   Number         0  event_groups.o ABSOLUTE
    ..\FreeRTOS\src\list.c                   0x00000000   Number         0  list.o ABSOLUTE
    ..\FreeRTOS\src\queue.c                  0x00000000   Number         0  queue.o ABSOLUTE
    ..\FreeRTOS\src\tasks.c                  0x00000000   Number         0  tasks.o ABSOLUTE
    ..\FreeRTOS\src\timers.c                 0x00000000   Number         0  timers.o ABSOLUTE
    ..\STM32F10x_FWLib\src\misc.c            0x00000000   Number         0  misc.o ABSOLUTE
    ..\STM32F10x_FWLib\src\stm32f10x_dbgmcu.c 0x00000000   Number         0  stm32f10x_dbgmcu.o ABSOLUTE
    ..\STM32F10x_FWLib\src\stm32f10x_exti.c  0x00000000   Number         0  stm32f10x_exti.o ABSOLUTE
    ..\STM32F10x_FWLib\src\stm32f10x_gpio.c  0x00000000   Number         0  stm32f10x_gpio.o ABSOLUTE
    ..\STM32F10x_FWLib\src\stm32f10x_i2c.c   0x00000000   Number         0  stm32f10x_i2c.o ABSOLUTE
    ..\STM32F10x_FWLib\src\stm32f10x_iwdg.c  0x00000000   Number         0  stm32f10x_iwdg.o ABSOLUTE
    ..\STM32F10x_FWLib\src\stm32f10x_rcc.c   0x00000000   Number         0  stm32f10x_rcc.o ABSOLUTE
    ..\STM32F10x_FWLib\src\stm32f10x_tim.c   0x00000000   Number         0  stm32f10x_tim.o ABSOLUTE
    ..\STM32F10x_FWLib\src\stm32f10x_usart.c 0x00000000   Number         0  stm32f10x_usart.o ABSOLUTE
    ..\SYSTEM\delay\delay.c                  0x00000000   Number         0  delay.o ABSOLUTE
    ..\SYSTEM\timer\timer.c                  0x00000000   Number         0  timer.o ABSOLUTE
    ..\SYSTEM\usart\usart.c                  0x00000000   Number         0  usart.o ABSOLUTE
    ..\\CORE\\core_cm3.c                     0x00000000   Number         0  core_cm3.o ABSOLUTE
    ..\\FreeRTOS\\port\\RVDS\\ARM_CM3\\port.c 0x00000000   Number         0  port.o ABSOLUTE
    ..\components\DHT11\DHT11.c              0x00000000   Number         0  dht11.o ABSOLUTE
    ..\components\KEY\key.c                  0x00000000   Number         0  key.o ABSOLUTE
    ..\components\LED\led.c                  0x00000000   Number         0  led.o ABSOLUTE
    ..\components\TEA\tea.c                  0x00000000   Number         0  tea.o ABSOLUTE
    ..\components\Zigbee\Zigbee.c            0x00000000   Number         0  zigbee.o ABSOLUTE
    dc.s                                     0x00000000   Number         0  dc.o ABSOLUTE
    handlers.s                               0x00000000   Number         0  handlers.o ABSOLUTE
    init.s                                   0x00000000   Number         0  init.o ABSOLUTE
    main.c                                   0x00000000   Number         0  main.o ABSOLUTE
    stm32f10x_it.c                           0x00000000   Number         0  stm32f10x_it.o ABSOLUTE
    system_stm32f10x.c                       0x00000000   Number         0  system_stm32f10x.o ABSOLUTE
    RESET                                    0x08000000   Section      236  startup_stm32f10x_md.o(RESET)
    .ARM.Collect$$$$00000000                 0x080000ec   Section        0  entry.o(.ARM.Collect$$$$00000000)
    .ARM.Collect$$$$00000001                 0x080000ec   Section        4  entry2.o(.ARM.Collect$$$$00000001)
    .ARM.Collect$$$$00000004                 0x080000f0   Section        4  entry5.o(.ARM.Collect$$$$00000004)
    .ARM.Collect$$$$00000008                 0x080000f4   Section        0  entry7b.o(.ARM.Collect$$$$00000008)
    .ARM.Collect$$$$0000000A                 0x080000f4   Section        0  entry8b.o(.ARM.Collect$$$$0000000A)
    .ARM.Collect$$$$0000000B                 0x080000f4   Section        8  entry9a.o(.ARM.Collect$$$$0000000B)
    .ARM.Collect$$$$0000000E                 0x080000fc   Section        4  entry12b.o(.ARM.Collect$$$$0000000E)
    .ARM.Collect$$$$0000000F                 0x08000100   Section        0  entry10a.o(.ARM.Collect$$$$0000000F)
    .ARM.Collect$$$$00000011                 0x08000100   Section        0  entry11a.o(.ARM.Collect$$$$00000011)
    .ARM.Collect$$$$00002712                 0x08000100   Section        4  entry2.o(.ARM.Collect$$$$00002712)
    __lit__00000000                          0x08000100   Data           4  entry2.o(.ARM.Collect$$$$00002712)
    .emb_text                                0x08000104   Section      150  port.o(.emb_text)
    .text                                    0x0800019c   Section       36  startup_stm32f10x_md.o(.text)
    .text                                    0x080001c0   Section        0  memcpya.o(.text)
    .text                                    0x080001e4   Section       36  init.o(.text)
    i.AnalyseCommand_Task                    0x08000208   Section        0  main.o(i.AnalyseCommand_Task)
    AnalyseCommand_Task                      0x08000209   Thumb Code   154  main.o(i.AnalyseCommand_Task)
    i.BusFault_Handler                       0x080002ac   Section        0  stm32f10x_it.o(i.BusFault_Handler)
    i.DHT11_Check                            0x080002b0   Section        0  dht11.o(i.DHT11_Check)
    i.DHT11_IO_IN                            0x0800030c   Section        0  dht11.o(i.DHT11_IO_IN)
    i.DHT11_IO_OUT                           0x0800033c   Section        0  dht11.o(i.DHT11_IO_OUT)
    i.DHT11_Init                             0x08000360   Section        0  dht11.o(i.DHT11_Init)
    i.DHT11_Read_Bit                         0x0800036c   Section        0  dht11.o(i.DHT11_Read_Bit)
    i.DHT11_Read_Byte                        0x080003cc   Section        0  dht11.o(i.DHT11_Read_Byte)
    i.DHT11_Rst                              0x080003ec   Section        0  dht11.o(i.DHT11_Rst)
    i.DHT11_Update_Data                      0x08000418   Section        0  dht11.o(i.DHT11_Update_Data)
    i.DebugMon_Handler                       0x08000480   Section        0  stm32f10x_it.o(i.DebugMon_Handler)
    i.GPIO_Init                              0x08000482   Section        0  stm32f10x_gpio.o(i.GPIO_Init)
    i.GPIO_ReadInputDataBit                  0x08000598   Section        0  stm32f10x_gpio.o(i.GPIO_ReadInputDataBit)
    i.GPIO_ResetBits                         0x080005aa   Section        0  stm32f10x_gpio.o(i.GPIO_ResetBits)
    i.GPIO_SetBits                           0x080005ae   Section        0  stm32f10x_gpio.o(i.GPIO_SetBits)
    i.HardFault_Handler                      0x080005b2   Section        0  stm32f10x_it.o(i.HardFault_Handler)
    i.Key_Task                               0x080005b8   Section        0  main.o(i.Key_Task)
    Key_Task                                 0x080005b9   Thumb Code    76  main.o(i.Key_Task)
    i.LED1_Init                              0x08000614   Section        0  led.o(i.LED1_Init)
    i.LED2_Init                              0x0800064c   Section        0  led.o(i.LED2_Init)
    i.LED_Init                               0x08000684   Section        0  led.o(i.LED_Init)
    i.MemManage_Handler                      0x08000690   Section        0  stm32f10x_it.o(i.MemManage_Handler)
    i.NMI_Handler                            0x08000694   Section        0  stm32f10x_it.o(i.NMI_Handler)
    i.NVIC_Init                              0x08000698   Section        0  misc.o(i.NVIC_Init)
    i.NVIC_PriorityGroupConfig               0x08000708   Section        0  misc.o(i.NVIC_PriorityGroupConfig)
    i.PWM_Curtain_Set                        0x0800071c   Section        0  timer.o(i.PWM_Curtain_Set)
    i.RCC_APB1PeriphClockCmd                 0x0800079c   Section        0  stm32f10x_rcc.o(i.RCC_APB1PeriphClockCmd)
    i.RCC_APB2PeriphClockCmd                 0x080007bc   Section        0  stm32f10x_rcc.o(i.RCC_APB2PeriphClockCmd)
    i.RCC_GetClocksFreq                      0x080007dc   Section        0  stm32f10x_rcc.o(i.RCC_GetClocksFreq)
    i.SendHBPack_Task                        0x080008b0   Section        0  main.o(i.SendHBPack_Task)
    SendHBPack_Task                          0x080008b1   Thumb Code   290  main.o(i.SendHBPack_Task)
    i.SetSysClock                            0x080009e4   Section        0  system_stm32f10x.o(i.SetSysClock)
    SetSysClock                              0x080009e5   Thumb Code     8  system_stm32f10x.o(i.SetSysClock)
    i.SetSysClockTo72                        0x080009ec   Section        0  system_stm32f10x.o(i.SetSysClockTo72)
    SetSysClockTo72                          0x080009ed   Thumb Code   214  system_stm32f10x.o(i.SetSysClockTo72)
    i.SysTick_Handler                        0x08000acc   Section        0  stm32f10x_it.o(i.SysTick_Handler)
    i.SystemInit                             0x08000ad4   Section        0  system_stm32f10x.o(i.SystemInit)
    i.TIM2_IRQHandler                        0x08000b34   Section        0  main.o(i.TIM2_IRQHandler)
    i.TIM2_Int_Init                          0x08000c40   Section        0  timer.o(i.TIM2_Int_Init)
    i.TIM3_PWM_Init                          0x08000c98   Section        0  timer.o(i.TIM3_PWM_Init)
    i.TIM_ARRPreloadConfig                   0x08000d58   Section        0  stm32f10x_tim.o(i.TIM_ARRPreloadConfig)
    i.TIM_ClearITPendingBit                  0x08000d70   Section        0  stm32f10x_tim.o(i.TIM_ClearITPendingBit)
    i.TIM_Cmd                                0x08000d76   Section        0  stm32f10x_tim.o(i.TIM_Cmd)
    i.TIM_GetITStatus                        0x08000d8e   Section        0  stm32f10x_tim.o(i.TIM_GetITStatus)
    i.TIM_ITConfig                           0x08000db0   Section        0  stm32f10x_tim.o(i.TIM_ITConfig)
    i.TIM_OC1Init                            0x08000dc4   Section        0  stm32f10x_tim.o(i.TIM_OC1Init)
    i.TIM_OC1PreloadConfig                   0x08000e5c   Section        0  stm32f10x_tim.o(i.TIM_OC1PreloadConfig)
    i.TIM_OC2Init                            0x08000e70   Section        0  stm32f10x_tim.o(i.TIM_OC2Init)
    i.TIM_OC2PreloadConfig                   0x08000f14   Section        0  stm32f10x_tim.o(i.TIM_OC2PreloadConfig)
    i.TIM_SetCompare1                        0x08000f2e   Section        0  stm32f10x_tim.o(i.TIM_SetCompare1)
    i.TIM_SetCompare2                        0x08000f32   Section        0  stm32f10x_tim.o(i.TIM_SetCompare2)
    i.TIM_TimeBaseInit                       0x08000f38   Section        0  stm32f10x_tim.o(i.TIM_TimeBaseInit)
    i.Try_To_Link                            0x08000fdc   Section        0  main.o(i.Try_To_Link)
    i.USART1_IRQHandler                      0x08001110   Section        0  main.o(i.USART1_IRQHandler)
    i.USART_ClearFlag                        0x08001160   Section        0  stm32f10x_usart.o(i.USART_ClearFlag)
    i.USART_Cmd                              0x08001172   Section        0  stm32f10x_usart.o(i.USART_Cmd)
    i.USART_GetFlagStatus                    0x0800118a   Section        0  stm32f10x_usart.o(i.USART_GetFlagStatus)
    i.USART_GetITStatus                      0x080011a4   Section        0  stm32f10x_usart.o(i.USART_GetITStatus)
    i.USART_ITConfig                         0x080011f8   Section        0  stm32f10x_usart.o(i.USART_ITConfig)
    i.USART_Init                             0x08001244   Section        0  stm32f10x_usart.o(i.USART_Init)
    i.USART_ReceiveData                      0x0800131c   Section        0  stm32f10x_usart.o(i.USART_ReceiveData)
    i.USART_SendData                         0x08001326   Section        0  stm32f10x_usart.o(i.USART_SendData)
    i.UsageFault_Handler                     0x0800132e   Section        0  stm32f10x_it.o(i.UsageFault_Handler)
    i.Zigbee_Analyse_Command_Data            0x08001334   Section        0  zigbee.o(i.Zigbee_Analyse_Command_Data)
    i.Zigbee_Change_Mode                     0x080014cc   Section        0  zigbee.o(i.Zigbee_Change_Mode)
    i.Zigbee_Get_State                       0x08001564   Section        0  zigbee.o(i.Zigbee_Get_State)
    i.Zigbee_Open_Net                        0x080015b4   Section        0  zigbee.o(i.Zigbee_Open_Net)
    i.Zigbee_Restart                         0x08001604   Section        0  zigbee.o(i.Zigbee_Restart)
    i.Zigbee_Restore_Factory_Setting         0x08001678   Section        0  zigbee.o(i.Zigbee_Restore_Factory_Setting)
    i.Zigbee_Set_Send_Target                 0x080016fc   Section        0  zigbee.o(i.Zigbee_Set_Send_Target)
    i.Zigbee_Set_Type_To_Active_Terminal     0x08001798   Section        0  zigbee.o(i.Zigbee_Set_Type_To_Active_Terminal)
    i.Zigbee_Update_TerminalOnlineFlag       0x080017e8   Section        0  zigbee.o(i.Zigbee_Update_TerminalOnlineFlag)
    i.__scatterload_copy                     0x080018ac   Section       14  handlers.o(i.__scatterload_copy)
    i.__scatterload_null                     0x080018ba   Section        2  handlers.o(i.__scatterload_null)
    i.__scatterload_zeroinit                 0x080018bc   Section       14  handlers.o(i.__scatterload_zeroinit)
    i.delay_ms                               0x080018ca   Section        0  delay.o(i.delay_ms)
    i.delay_us                               0x080018d8   Section        0  delay.o(i.delay_us)
    i.free                                   0x0800194c   Section        0  malloc.o(i.free)
    i.key_init                               0x0800199c   Section        0  key.o(i.key_init)
    i.key_scan                               0x080019a4   Section        0  key.o(i.key_scan)
    i.main                                   0x080019d0   Section        0  main.o(i.main)
    i.malloc                                 0x08001a80   Section        0  malloc.o(i.malloc)
    i.net_key_init                           0x08001aec   Section        0  key.o(i.net_key_init)
    i.prvAddCurrentTaskToDelayedList         0x08001b14   Section        0  tasks.o(i.prvAddCurrentTaskToDelayedList)
    prvAddCurrentTaskToDelayedList           0x08001b15   Thumb Code   124  tasks.o(i.prvAddCurrentTaskToDelayedList)
    i.prvAddNewTaskToReadyList               0x08001bac   Section        0  tasks.o(i.prvAddNewTaskToReadyList)
    prvAddNewTaskToReadyList                 0x08001bad   Thumb Code   150  tasks.o(i.prvAddNewTaskToReadyList)
    i.prvCheckTasksWaitingTermination        0x08001c60   Section        0  tasks.o(i.prvCheckTasksWaitingTermination)
    prvCheckTasksWaitingTermination          0x08001c61   Thumb Code    86  tasks.o(i.prvCheckTasksWaitingTermination)
    i.prvCopyDataFromQueue                   0x08001cc4   Section        0  queue.o(i.prvCopyDataFromQueue)
    prvCopyDataFromQueue                     0x08001cc5   Thumb Code    42  queue.o(i.prvCopyDataFromQueue)
    i.prvCopyDataToQueue                     0x08001cee   Section        0  queue.o(i.prvCopyDataToQueue)
    prvCopyDataToQueue                       0x08001cef   Thumb Code   124  queue.o(i.prvCopyDataToQueue)
    i.prvDeleteTCB                           0x08001d6a   Section        0  tasks.o(i.prvDeleteTCB)
    prvDeleteTCB                             0x08001d6b   Thumb Code    40  tasks.o(i.prvDeleteTCB)
    i.prvHeapInit                            0x08001d94   Section        0  heap_4.o(i.prvHeapInit)
    prvHeapInit                              0x08001d95   Thumb Code    98  heap_4.o(i.prvHeapInit)
    i.prvIdleTask                            0x08001e10   Section        0  tasks.o(i.prvIdleTask)
    prvIdleTask                              0x08001e11   Thumb Code    32  tasks.o(i.prvIdleTask)
    i.prvInitialiseNewQueue                  0x08001e38   Section        0  queue.o(i.prvInitialiseNewQueue)
    prvInitialiseNewQueue                    0x08001e39   Thumb Code    38  queue.o(i.prvInitialiseNewQueue)
    i.prvInitialiseNewTask                   0x08001e5e   Section        0  tasks.o(i.prvInitialiseNewTask)
    prvInitialiseNewTask                     0x08001e5f   Thumb Code   134  tasks.o(i.prvInitialiseNewTask)
    i.prvInitialiseTaskLists                 0x08001ee4   Section        0  tasks.o(i.prvInitialiseTaskLists)
    prvInitialiseTaskLists                   0x08001ee5   Thumb Code    70  tasks.o(i.prvInitialiseTaskLists)
    i.prvInsertBlockIntoFreeList             0x08001f4c   Section        0  heap_4.o(i.prvInsertBlockIntoFreeList)
    prvInsertBlockIntoFreeList               0x08001f4d   Thumb Code    96  heap_4.o(i.prvInsertBlockIntoFreeList)
    i.prvIsQueueEmpty                        0x08001fb4   Section        0  queue.o(i.prvIsQueueEmpty)
    prvIsQueueEmpty                          0x08001fb5   Thumb Code    26  queue.o(i.prvIsQueueEmpty)
    i.prvIsQueueFull                         0x08001fce   Section        0  queue.o(i.prvIsQueueFull)
    prvIsQueueFull                           0x08001fcf   Thumb Code    30  queue.o(i.prvIsQueueFull)
    i.prvResetNextTaskUnblockTime            0x08001fec   Section        0  tasks.o(i.prvResetNextTaskUnblockTime)
    prvResetNextTaskUnblockTime              0x08001fed   Thumb Code    42  tasks.o(i.prvResetNextTaskUnblockTime)
    i.prvTaskExitError                       0x08002020   Section        0  port.o(i.prvTaskExitError)
    prvTaskExitError                         0x08002021   Thumb Code    22  port.o(i.prvTaskExitError)
    i.prvUnlockQueue                         0x08002036   Section        0  queue.o(i.prvUnlockQueue)
    prvUnlockQueue                           0x08002037   Thumb Code   126  queue.o(i.prvUnlockQueue)
    i.pvPortMalloc                           0x080020b4   Section        0  heap_4.o(i.pvPortMalloc)
    i.pvTaskIncrementMutexHeldCount          0x08002184   Section        0  tasks.o(i.pvTaskIncrementMutexHeldCount)
    i.pxPortInitialiseStack                  0x080021a4   Section        0  port.o(i.pxPortInitialiseStack)
    i.send_customFrame                       0x080021c8   Section        0  usart.o(i.send_customFrame)
    i.setup                                  0x080022b4   Section        0  main.o(i.setup)
    setup                                    0x080022b5   Thumb Code    58  main.o(i.setup)
    i.usart1_init                            0x080022f4   Section        0  usart.o(i.usart1_init)
    i.uxListRemove                           0x080023a0   Section        0  list.o(i.uxListRemove)
    i.vApplicationGetIdleTaskMemory          0x080023c8   Section        0  main.o(i.vApplicationGetIdleTaskMemory)
    i.vListInitialise                        0x080023e0   Section        0  list.o(i.vListInitialise)
    i.vListInitialiseItem                    0x080023fa   Section        0  list.o(i.vListInitialiseItem)
    i.vListInsert                            0x08002400   Section        0  list.o(i.vListInsert)
    i.vListInsertEnd                         0x08002434   Section        0  list.o(i.vListInsertEnd)
    i.vPortEnterCritical                     0x0800244c   Section        0  port.o(i.vPortEnterCritical)
    i.vPortExitCritical                      0x08002470   Section        0  port.o(i.vPortExitCritical)
    i.vPortFree                              0x08002490   Section        0  heap_4.o(i.vPortFree)
    i.vPortSetupTimerInterrupt               0x080024d8   Section        0  port.o(i.vPortSetupTimerInterrupt)
    i.vTaskDelay                             0x080024ec   Section        0  tasks.o(i.vTaskDelay)
    i.vTaskMissedYield                       0x08002520   Section        0  tasks.o(i.vTaskMissedYield)
    i.vTaskPlaceOnEventList                  0x0800252c   Section        0  tasks.o(i.vTaskPlaceOnEventList)
    i.vTaskPriorityInherit                   0x0800254c   Section        0  tasks.o(i.vTaskPriorityInherit)
    i.vTaskSetTimeOutState                   0x080025fc   Section        0  tasks.o(i.vTaskSetTimeOutState)
    i.vTaskStartScheduler                    0x08002614   Section        0  tasks.o(i.vTaskStartScheduler)
    i.vTaskSuspendAll                        0x080026a0   Section        0  tasks.o(i.vTaskSuspendAll)
    i.vTaskSwitchContext                     0x080026b0   Section        0  tasks.o(i.vTaskSwitchContext)
    i.xPortStartScheduler                    0x08002710   Section        0  port.o(i.xPortStartScheduler)
    i.xPortSysTickHandler                    0x08002744   Section        0  port.o(i.xPortSysTickHandler)
    i.xQueueGenericCreate                    0x08002778   Section        0  queue.o(i.xQueueGenericCreate)
    i.xQueueGenericReceive                   0x080027b8   Section        0  queue.o(i.xQueueGenericReceive)
    i.xQueueGenericReset                     0x08002914   Section        0  queue.o(i.xQueueGenericReset)
    i.xQueueGenericSend                      0x08002994   Section        0  queue.o(i.xQueueGenericSend)
    i.xQueueGenericSendFromISR               0x08002aac   Section        0  queue.o(i.xQueueGenericSendFromISR)
    i.xTaskCheckForTimeOut                   0x08002b34   Section        0  tasks.o(i.xTaskCheckForTimeOut)
    i.xTaskCreate                            0x08002b90   Section        0  tasks.o(i.xTaskCreate)
    i.xTaskCreateStatic                      0x08002bf4   Section        0  tasks.o(i.xTaskCreateStatic)
    i.xTaskIncrementTick                     0x08002c44   Section        0  tasks.o(i.xTaskIncrementTick)
    i.xTaskPriorityDisinherit                0x08002d60   Section        0  tasks.o(i.xTaskPriorityDisinherit)
    i.xTaskRemoveFromEventList               0x08002de4   Section        0  tasks.o(i.xTaskRemoveFromEventList)
    i.xTaskResumeAll                         0x08002e64   Section        0  tasks.o(i.xTaskResumeAll)
    .data                                    0x20000000   Section       48  main.o(.data)
    cFrame_queue                             0x20000018   Data           4  main.o(.data)
    infoFlag_semaphore                       0x2000001c   Data           4  main.o(.data)
    millisecond                              0x20000024   Data           4  main.o(.data)
    command                                  0x20000028   Data           8  main.o(.data)
    .data                                    0x20000030   Section       20  system_stm32f10x.o(.data)
    .data                                    0x20000044   Section        7  usart.o(.data)
    .data                                    0x2000004c   Section       12  timer.o(.data)
    .data                                    0x20000058   Section       20  stm32f10x_rcc.o(.data)
    APBAHBPrescTable                         0x20000058   Data          16  stm32f10x_rcc.o(.data)
    ADCPrescTable                            0x20000068   Data           4  stm32f10x_rcc.o(.data)
    .data                                    0x2000006c   Section        4  port.o(.data)
    uxCriticalNesting                        0x2000006c   Data           4  port.o(.data)
    .data                                    0x20000070   Section       24  heap_4.o(.data)
    xStart                                   0x20000070   Data           8  heap_4.o(.data)
    pxEnd                                    0x20000078   Data           4  heap_4.o(.data)
    xFreeBytesRemaining                      0x2000007c   Data           4  heap_4.o(.data)
    xMinimumEverFreeBytesRemaining           0x20000080   Data           4  heap_4.o(.data)
    xBlockAllocatedBit                       0x20000084   Data           4  heap_4.o(.data)
    .data                                    0x20000088   Section       60  tasks.o(.data)
    pxDelayedTaskList                        0x2000008c   Data           4  tasks.o(.data)
    pxOverflowDelayedTaskList                0x20000090   Data           4  tasks.o(.data)
    uxDeletedTasksWaitingCleanUp             0x20000094   Data           4  tasks.o(.data)
    uxCurrentNumberOfTasks                   0x20000098   Data           4  tasks.o(.data)
    xTickCount                               0x2000009c   Data           4  tasks.o(.data)
    uxTopReadyPriority                       0x200000a0   Data           4  tasks.o(.data)
    xSchedulerRunning                        0x200000a4   Data           4  tasks.o(.data)
    uxPendedTicks                            0x200000a8   Data           4  tasks.o(.data)
    xYieldPending                            0x200000ac   Data           4  tasks.o(.data)
    xNumOfOverflows                          0x200000b0   Data           4  tasks.o(.data)
    uxTaskNumber                             0x200000b4   Data           4  tasks.o(.data)
    xNextTaskUnblockTime                     0x200000b8   Data           4  tasks.o(.data)
    xIdleTaskHandle                          0x200000bc   Data           4  tasks.o(.data)
    uxSchedulerSuspended                     0x200000c0   Data           4  tasks.o(.data)
    .data                                    0x200000c4   Section        2  key.o(.data)
    .data                                    0x200000c6   Section        1  led.o(.data)
    .data                                    0x200000c7   Section        4  dht11.o(.data)
    .data                                    0x200000cc   Section        4  mvars.o(.data)
    .data                                    0x200000d0   Section        4  mvars.o(.data)
    .bss                                     0x200000d4   Section     1192  main.o(.bss)
    Idle_Task_Stack                          0x200000d4   Data         512  main.o(.bss)
    Idle_Task_TCB                            0x200002d4   Data          84  main.o(.bss)
    Timer_Task_Stack                         0x20000328   Data         512  main.o(.bss)
    Timer_Task_TCB                           0x20000528   Data          84  main.o(.bss)
    .bss                                     0x2000057c   Section      200  usart.o(.bss)
    .bss                                     0x20000644   Section    10240  heap_4.o(.bss)
    ucHeap                                   0x20000644   Data       10240  heap_4.o(.bss)
    .bss                                     0x20002e44   Section      200  tasks.o(.bss)
    pxReadyTasksLists                        0x20002e44   Data         100  tasks.o(.bss)
    xDelayedTaskList1                        0x20002ea8   Data          20  tasks.o(.bss)
    xDelayedTaskList2                        0x20002ebc   Data          20  tasks.o(.bss)
    xPendingReadyList                        0x20002ed0   Data          20  tasks.o(.bss)
    xTasksWaitingTermination                 0x20002ee4   Data          20  tasks.o(.bss)
    xSuspendedTaskList                       0x20002ef8   Data          20  tasks.o(.bss)
    HEAP                                     0x20002f10   Section      512  startup_stm32f10x_md.o(HEAP)
    STACK                                    0x20003110   Section     1024  startup_stm32f10x_md.o(STACK)

    Global Symbols

    Symbol Name                              Value     Ov Type        Size  Object(Section)

    BuildAttributes$$THM_ISAv4$P$D$K$B$S$PE$A:L22UL41UL21$X:L11$S22US41US21$IEEE1$IW$USESV6$~STKCKD$USESV7$~SHL$OSPACE$EBA8$MICROLIB$REQ8$PRES8$EABIv2 0x00000000   Number         0  anon$$obj.o ABSOLUTE
    __ARM_use_no_argv                        0x00000000   Number         0  main.o ABSOLUTE
    __use_no_errno                           0x00000000   Number         0  useno.o ABSOLUTE
    __use_no_exception_handling              0x00000000   Number         0  useno.o ABSOLUTE
    __use_no_fp                              0x00000000   Number         0  useno.o ABSOLUTE
    __use_no_heap                            0x00000000   Number         0  useno.o ABSOLUTE
    __use_no_heap_region                     0x00000000   Number         0  useno.o ABSOLUTE
    __use_no_semihosting                     0x00000000   Number         0  useno.o ABSOLUTE
    __use_no_semihosting_swi                 0x00000000   Number         0  useno.o ABSOLUTE
    __use_no_signal_handling                 0x00000000   Number         0  useno.o ABSOLUTE
    __arm_fini_                               - Undefined Weak Reference
    __cpp_initialize__aeabi_                  - Undefined Weak Reference
    __cxa_finalize                            - Undefined Weak Reference
    __decompress                              - Undefined Weak Reference
    _clock_init                               - Undefined Weak Reference
    _microlib_exit                            - Undefined Weak Reference
    __Vectors_Size                           0x000000ec   Number         0  startup_stm32f10x_md.o ABSOLUTE
    __Vectors                                0x08000000   Data           4  startup_stm32f10x_md.o(RESET)
    __Vectors_End                            0x080000ec   Data           0  startup_stm32f10x_md.o(RESET)
    __main                                   0x080000ed   Thumb Code     0  entry.o(.ARM.Collect$$$$00000000)
    _main_stk                                0x080000ed   Thumb Code     0  entry2.o(.ARM.Collect$$$$00000001)
    _main_scatterload                        0x080000f1   Thumb Code     0  entry5.o(.ARM.Collect$$$$00000004)
    __main_after_scatterload                 0x080000f5   Thumb Code     0  entry5.o(.ARM.Collect$$$$00000004)
    _main_clock                              0x080000f5   Thumb Code     0  entry7b.o(.ARM.Collect$$$$00000008)
    _main_cpp_init                           0x080000f5   Thumb Code     0  entry8b.o(.ARM.Collect$$$$0000000A)
    _main_init                               0x080000f5   Thumb Code     0  entry9a.o(.ARM.Collect$$$$0000000B)
    __rt_lib_shutdown_fini                   0x080000fd   Thumb Code     0  entry12b.o(.ARM.Collect$$$$0000000E)
    __rt_final_cpp                           0x08000101   Thumb Code     0  entry10a.o(.ARM.Collect$$$$0000000F)
    __rt_final_exit                          0x08000101   Thumb Code     0  entry11a.o(.ARM.Collect$$$$00000011)
    SVC_Handler                              0x08000105   Thumb Code    32  port.o(.emb_text)
    __asm___6_port_c_39a90d8d__prvStartFirstTask 0x08000129   Thumb Code    28  port.o(.emb_text)
    PendSV_Handler                           0x08000149   Thumb Code    72  port.o(.emb_text)
    vPortGetIPSR                             0x08000195   Thumb Code     6  port.o(.emb_text)
    Reset_Handler                            0x0800019d   Thumb Code     8  startup_stm32f10x_md.o(.text)
    ADC1_2_IRQHandler                        0x080001b7   Thumb Code     0  startup_stm32f10x_md.o(.text)
    CAN1_RX1_IRQHandler                      0x080001b7   Thumb Code     0  startup_stm32f10x_md.o(.text)
    CAN1_SCE_IRQHandler                      0x080001b7   Thumb Code     0  startup_stm32f10x_md.o(.text)
    DMA1_Channel1_IRQHandler                 0x080001b7   Thumb Code     0  startup_stm32f10x_md.o(.text)
    DMA1_Channel2_IRQHandler                 0x080001b7   Thumb Code     0  startup_stm32f10x_md.o(.text)
    DMA1_Channel3_IRQHandler                 0x080001b7   Thumb Code     0  startup_stm32f10x_md.o(.text)
    DMA1_Channel4_IRQHandler                 0x080001b7   Thumb Code     0  startup_stm32f10x_md.o(.text)
    DMA1_Channel5_IRQHandler                 0x080001b7   Thumb Code     0  startup_stm32f10x_md.o(.text)
    DMA1_Channel6_IRQHandler                 0x080001b7   Thumb Code     0  startup_stm32f10x_md.o(.text)
    DMA1_Channel7_IRQHandler                 0x080001b7   Thumb Code     0  startup_stm32f10x_md.o(.text)
    EXTI0_IRQHandler                         0x080001b7   Thumb Code     0  startup_stm32f10x_md.o(.text)
    EXTI15_10_IRQHandler                     0x080001b7   Thumb Code     0  startup_stm32f10x_md.o(.text)
    EXTI1_IRQHandler                         0x080001b7   Thumb Code     0  startup_stm32f10x_md.o(.text)
    EXTI2_IRQHandler                         0x080001b7   Thumb Code     0  startup_stm32f10x_md.o(.text)
    EXTI3_IRQHandler                         0x080001b7   Thumb Code     0  startup_stm32f10x_md.o(.text)
    EXTI4_IRQHandler                         0x080001b7   Thumb Code     0  startup_stm32f10x_md.o(.text)
    EXTI9_5_IRQHandler                       0x080001b7   Thumb Code     0  startup_stm32f10x_md.o(.text)
    FLASH_IRQHandler                         0x080001b7   Thumb Code     0  startup_stm32f10x_md.o(.text)
    I2C1_ER_IRQHandler                       0x080001b7   Thumb Code     0  startup_stm32f10x_md.o(.text)
    I2C1_EV_IRQHandler                       0x080001b7   Thumb Code     0  startup_stm32f10x_md.o(.text)
    I2C2_ER_IRQHandler                       0x080001b7   Thumb Code     0  startup_stm32f10x_md.o(.text)
    I2C2_EV_IRQHandler                       0x080001b7   Thumb Code     0  startup_stm32f10x_md.o(.text)
    PVD_IRQHandler                           0x080001b7   Thumb Code     0  startup_stm32f10x_md.o(.text)
    RCC_IRQHandler                           0x080001b7   Thumb Code     0  startup_stm32f10x_md.o(.text)
    RTCAlarm_IRQHandler                      0x080001b7   Thumb Code     0  startup_stm32f10x_md.o(.text)
    RTC_IRQHandler                           0x080001b7   Thumb Code     0  startup_stm32f10x_md.o(.text)
    SPI1_IRQHandler                          0x080001b7   Thumb Code     0  startup_stm32f10x_md.o(.text)
    SPI2_IRQHandler                          0x080001b7   Thumb Code     0  startup_stm32f10x_md.o(.text)
    TAMPER_IRQHandler                        0x080001b7   Thumb Code     0  startup_stm32f10x_md.o(.text)
    TIM1_BRK_IRQHandler                      0x080001b7   Thumb Code     0  startup_stm32f10x_md.o(.text)
    TIM1_CC_IRQHandler                       0x080001b7   Thumb Code     0  startup_stm32f10x_md.o(.text)
    TIM1_TRG_COM_IRQHandler                  0x080001b7   Thumb Code     0  startup_stm32f10x_md.o(.text)
    TIM1_UP_IRQHandler                       0x080001b7   Thumb Code     0  startup_stm32f10x_md.o(.text)
    TIM3_IRQHandler                          0x080001b7   Thumb Code     0  startup_stm32f10x_md.o(.text)
    TIM4_IRQHandler                          0x080001b7   Thumb Code     0  startup_stm32f10x_md.o(.text)
    USART2_IRQHandler                        0x080001b7   Thumb Code     0  startup_stm32f10x_md.o(.text)
    USART3_IRQHandler                        0x080001b7   Thumb Code     0  startup_stm32f10x_md.o(.text)
    USBWakeUp_IRQHandler                     0x080001b7   Thumb Code     0  startup_stm32f10x_md.o(.text)
    USB_HP_CAN1_TX_IRQHandler                0x080001b7   Thumb Code     0  startup_stm32f10x_md.o(.text)
    USB_LP_CAN1_RX0_IRQHandler               0x080001b7   Thumb Code     0  startup_stm32f10x_md.o(.text)
    WWDG_IRQHandler                          0x080001b7   Thumb Code     0  startup_stm32f10x_md.o(.text)
    __aeabi_memcpy                           0x080001c1   Thumb Code    36  memcpya.o(.text)
    __aeabi_memcpy4                          0x080001c1   Thumb Code     0  memcpya.o(.text)
    __aeabi_memcpy8                          0x080001c1   Thumb Code     0  memcpya.o(.text)
    __scatterload                            0x080001e5   Thumb Code    28  init.o(.text)
    __scatterload_rt2                        0x080001e5   Thumb Code     0  init.o(.text)
    BusFault_Handler                         0x080002ad   Thumb Code     4  stm32f10x_it.o(i.BusFault_Handler)
    DHT11_Check                              0x080002b1   Thumb Code    88  dht11.o(i.DHT11_Check)
    DHT11_IO_IN                              0x0800030d   Thumb Code    42  dht11.o(i.DHT11_IO_IN)
    DHT11_IO_OUT                             0x0800033d   Thumb Code    32  dht11.o(i.DHT11_IO_OUT)
    DHT11_Init                               0x08000361   Thumb Code    12  dht11.o(i.DHT11_Init)
    DHT11_Read_Bit                           0x0800036d   Thumb Code    90  dht11.o(i.DHT11_Read_Bit)
    DHT11_Read_Byte                          0x080003cd   Thumb Code    30  dht11.o(i.DHT11_Read_Byte)
    DHT11_Rst                                0x080003ed   Thumb Code    40  dht11.o(i.DHT11_Rst)
    DHT11_Update_Data                        0x08000419   Thumb Code    98  dht11.o(i.DHT11_Update_Data)
    DebugMon_Handler                         0x08000481   Thumb Code     2  stm32f10x_it.o(i.DebugMon_Handler)
    GPIO_Init                                0x08000483   Thumb Code   278  stm32f10x_gpio.o(i.GPIO_Init)
    GPIO_ReadInputDataBit                    0x08000599   Thumb Code    18  stm32f10x_gpio.o(i.GPIO_ReadInputDataBit)
    GPIO_ResetBits                           0x080005ab   Thumb Code     4  stm32f10x_gpio.o(i.GPIO_ResetBits)
    GPIO_SetBits                             0x080005af   Thumb Code     4  stm32f10x_gpio.o(i.GPIO_SetBits)
    HardFault_Handler                        0x080005b3   Thumb Code     4  stm32f10x_it.o(i.HardFault_Handler)
    LED1_Init                                0x08000615   Thumb Code    50  led.o(i.LED1_Init)
    LED2_Init                                0x0800064d   Thumb Code    50  led.o(i.LED2_Init)
    LED_Init                                 0x08000685   Thumb Code    12  led.o(i.LED_Init)
    MemManage_Handler                        0x08000691   Thumb Code     4  stm32f10x_it.o(i.MemManage_Handler)
    NMI_Handler                              0x08000695   Thumb Code     2  stm32f10x_it.o(i.NMI_Handler)
    NVIC_Init                                0x08000699   Thumb Code   100  misc.o(i.NVIC_Init)
    NVIC_PriorityGroupConfig                 0x08000709   Thumb Code    10  misc.o(i.NVIC_PriorityGroupConfig)
    PWM_Curtain_Set                          0x0800071d   Thumb Code   114  timer.o(i.PWM_Curtain_Set)
    RCC_APB1PeriphClockCmd                   0x0800079d   Thumb Code    26  stm32f10x_rcc.o(i.RCC_APB1PeriphClockCmd)
    RCC_APB2PeriphClockCmd                   0x080007bd   Thumb Code    26  stm32f10x_rcc.o(i.RCC_APB2PeriphClockCmd)
    RCC_GetClocksFreq                        0x080007dd   Thumb Code   192  stm32f10x_rcc.o(i.RCC_GetClocksFreq)
    SysTick_Handler                          0x08000acd   Thumb Code     8  stm32f10x_it.o(i.SysTick_Handler)
    SystemInit                               0x08000ad5   Thumb Code    78  system_stm32f10x.o(i.SystemInit)
    TIM2_IRQHandler                          0x08000b35   Thumb Code   228  main.o(i.TIM2_IRQHandler)
    TIM2_Int_Init                            0x08000c41   Thumb Code    88  timer.o(i.TIM2_Int_Init)
    TIM3_PWM_Init                            0x08000c99   Thumb Code   184  timer.o(i.TIM3_PWM_Init)
    TIM_ARRPreloadConfig                     0x08000d59   Thumb Code    24  stm32f10x_tim.o(i.TIM_ARRPreloadConfig)
    TIM_ClearITPendingBit                    0x08000d71   Thumb Code     6  stm32f10x_tim.o(i.TIM_ClearITPendingBit)
    TIM_Cmd                                  0x08000d77   Thumb Code    24  stm32f10x_tim.o(i.TIM_Cmd)
    TIM_GetITStatus                          0x08000d8f   Thumb Code    34  stm32f10x_tim.o(i.TIM_GetITStatus)
    TIM_ITConfig                             0x08000db1   Thumb Code    18  stm32f10x_tim.o(i.TIM_ITConfig)
    TIM_OC1Init                              0x08000dc5   Thumb Code   132  stm32f10x_tim.o(i.TIM_OC1Init)
    TIM_OC1PreloadConfig                     0x08000e5d   Thumb Code    18  stm32f10x_tim.o(i.TIM_OC1PreloadConfig)
    TIM_OC2Init                              0x08000e71   Thumb Code   154  stm32f10x_tim.o(i.TIM_OC2Init)
    TIM_OC2PreloadConfig                     0x08000f15   Thumb Code    26  stm32f10x_tim.o(i.TIM_OC2PreloadConfig)
    TIM_SetCompare1                          0x08000f2f   Thumb Code     4  stm32f10x_tim.o(i.TIM_SetCompare1)
    TIM_SetCompare2                          0x08000f33   Thumb Code     4  stm32f10x_tim.o(i.TIM_SetCompare2)
    TIM_TimeBaseInit                         0x08000f39   Thumb Code   122  stm32f10x_tim.o(i.TIM_TimeBaseInit)
    Try_To_Link                              0x08000fdd   Thumb Code   292  main.o(i.Try_To_Link)
    USART1_IRQHandler                        0x08001111   Thumb Code    62  main.o(i.USART1_IRQHandler)
    USART_ClearFlag                          0x08001161   Thumb Code    18  stm32f10x_usart.o(i.USART_ClearFlag)
    USART_Cmd                                0x08001173   Thumb Code    24  stm32f10x_usart.o(i.USART_Cmd)
    USART_GetFlagStatus                      0x0800118b   Thumb Code    26  stm32f10x_usart.o(i.USART_GetFlagStatus)
    USART_GetITStatus                        0x080011a5   Thumb Code    84  stm32f10x_usart.o(i.USART_GetITStatus)
    USART_ITConfig                           0x080011f9   Thumb Code    74  stm32f10x_usart.o(i.USART_ITConfig)
    USART_Init                               0x08001245   Thumb Code   210  stm32f10x_usart.o(i.USART_Init)
    USART_ReceiveData                        0x0800131d   Thumb Code    10  stm32f10x_usart.o(i.USART_ReceiveData)
    USART_SendData                           0x08001327   Thumb Code     8  stm32f10x_usart.o(i.USART_SendData)
    UsageFault_Handler                       0x0800132f   Thumb Code     4  stm32f10x_it.o(i.UsageFault_Handler)
    Zigbee_Analyse_Command_Data              0x08001335   Thumb Code   402  zigbee.o(i.Zigbee_Analyse_Command_Data)
    Zigbee_Change_Mode                       0x080014cd   Thumb Code   130  zigbee.o(i.Zigbee_Change_Mode)
    Zigbee_Get_State                         0x08001565   Thumb Code    68  zigbee.o(i.Zigbee_Get_State)
    Zigbee_Open_Net                          0x080015b5   Thumb Code    68  zigbee.o(i.Zigbee_Open_Net)
    Zigbee_Restart                           0x08001605   Thumb Code    98  zigbee.o(i.Zigbee_Restart)
    Zigbee_Restore_Factory_Setting           0x08001679   Thumb Code   114  zigbee.o(i.Zigbee_Restore_Factory_Setting)
    Zigbee_Set_Send_Target                   0x080016fd   Thumb Code   130  zigbee.o(i.Zigbee_Set_Send_Target)
    Zigbee_Set_Type_To_Active_Terminal       0x08001799   Thumb Code    68  zigbee.o(i.Zigbee_Set_Type_To_Active_Terminal)
    Zigbee_Update_TerminalOnlineFlag         0x080017e9   Thumb Code   182  zigbee.o(i.Zigbee_Update_TerminalOnlineFlag)
    __scatterload_copy                       0x080018ad   Thumb Code    14  handlers.o(i.__scatterload_copy)
    __scatterload_null                       0x080018bb   Thumb Code     2  handlers.o(i.__scatterload_null)
    __scatterload_zeroinit                   0x080018bd   Thumb Code    14  handlers.o(i.__scatterload_zeroinit)
    delay_ms                                 0x080018cb   Thumb Code    12  delay.o(i.delay_ms)
    delay_us                                 0x080018d9   Thumb Code   106  delay.o(i.delay_us)
    free                                     0x0800194d   Thumb Code    76  malloc.o(i.free)
    key_init                                 0x0800199d   Thumb Code     8  key.o(i.key_init)
    key_scan                                 0x080019a5   Thumb Code    34  key.o(i.key_scan)
    main                                     0x080019d1   Thumb Code   102  main.o(i.main)
    malloc                                   0x08001a81   Thumb Code    92  malloc.o(i.malloc)
    net_key_init                             0x08001aed   Thumb Code    34  key.o(i.net_key_init)
    pvPortMalloc                             0x080020b5   Thumb Code   188  heap_4.o(i.pvPortMalloc)
    pvTaskIncrementMutexHeldCount            0x08002185   Thumb Code    26  tasks.o(i.pvTaskIncrementMutexHeldCount)
    pxPortInitialiseStack                    0x080021a5   Thumb Code    30  port.o(i.pxPortInitialiseStack)
    send_customFrame                         0x080021c9   Thumb Code   230  usart.o(i.send_customFrame)
    usart1_init                              0x080022f5   Thumb Code   162  usart.o(i.usart1_init)
    uxListRemove                             0x080023a1   Thumb Code    40  list.o(i.uxListRemove)
    vApplicationGetIdleTaskMemory            0x080023c9   Thumb Code    14  main.o(i.vApplicationGetIdleTaskMemory)
    vListInitialise                          0x080023e1   Thumb Code    26  list.o(i.vListInitialise)
    vListInitialiseItem                      0x080023fb   Thumb Code     6  list.o(i.vListInitialiseItem)
    vListInsert                              0x08002401   Thumb Code    52  list.o(i.vListInsert)
    vListInsertEnd                           0x08002435   Thumb Code    24  list.o(i.vListInsertEnd)
    vPortEnterCritical                       0x0800244d   Thumb Code    30  port.o(i.vPortEnterCritical)
    vPortExitCritical                        0x08002471   Thumb Code    28  port.o(i.vPortExitCritical)
    vPortFree                                0x08002491   Thumb Code    64  heap_4.o(i.vPortFree)
    vPortSetupTimerInterrupt                 0x080024d9   Thumb Code    14  port.o(i.vPortSetupTimerInterrupt)
    vTaskDelay                               0x080024ed   Thumb Code    46  tasks.o(i.vTaskDelay)
    vTaskMissedYield                         0x08002521   Thumb Code     8  tasks.o(i.vTaskMissedYield)
    vTaskPlaceOnEventList                    0x0800252d   Thumb Code    28  tasks.o(i.vTaskPlaceOnEventList)
    vTaskPriorityInherit                     0x0800254d   Thumb Code   164  tasks.o(i.vTaskPriorityInherit)
    vTaskSetTimeOutState                     0x080025fd   Thumb Code    14  tasks.o(i.vTaskSetTimeOutState)
    vTaskStartScheduler                      0x08002615   Thumb Code   110  tasks.o(i.vTaskStartScheduler)
    vTaskSuspendAll                          0x080026a1   Thumb Code    12  tasks.o(i.vTaskSuspendAll)
    vTaskSwitchContext                       0x080026b1   Thumb Code    76  tasks.o(i.vTaskSwitchContext)
    xPortStartScheduler                      0x08002711   Thumb Code    42  port.o(i.xPortStartScheduler)
    xPortSysTickHandler                      0x08002745   Thumb Code    46  port.o(i.xPortSysTickHandler)
    xQueueGenericCreate                      0x08002779   Thumb Code    62  queue.o(i.xQueueGenericCreate)
    xQueueGenericReceive                     0x080027b9   Thumb Code   342  queue.o(i.xQueueGenericReceive)
    xQueueGenericReset                       0x08002915   Thumb Code   122  queue.o(i.xQueueGenericReset)
    xQueueGenericSend                        0x08002995   Thumb Code   276  queue.o(i.xQueueGenericSend)
    xQueueGenericSendFromISR                 0x08002aad   Thumb Code   134  queue.o(i.xQueueGenericSendFromISR)
    xTaskCheckForTimeOut                     0x08002b35   Thumb Code    84  tasks.o(i.xTaskCheckForTimeOut)
    xTaskCreate                              0x08002b91   Thumb Code   100  tasks.o(i.xTaskCreate)
    xTaskCreateStatic                        0x08002bf5   Thumb Code    78  tasks.o(i.xTaskCreateStatic)
    xTaskIncrementTick                       0x08002c45   Thumb Code   238  tasks.o(i.xTaskIncrementTick)
    xTaskPriorityDisinherit                  0x08002d61   Thumb Code   122  tasks.o(i.xTaskPriorityDisinherit)
    xTaskRemoveFromEventList                 0x08002de5   Thumb Code   104  tasks.o(i.xTaskRemoveFromEventList)
    xTaskResumeAll                           0x08002e65   Thumb Code   196  tasks.o(i.xTaskResumeAll)
    Region$$Table$$Base                      0x08002f4c   Number         0  anon$$obj.o(Region$$Table)
    Region$$Table$$Limit                     0x08002f6c   Number         0  anon$$obj.o(Region$$Table)
    zigbee                                   0x20000000   Data          22  main.o(.data)
    APPJudgeFlag                             0x20000020   Data           1  main.o(.data)
    SystemCoreClock                          0x20000030   Data           4  system_stm32f10x.o(.data)
    AHBPrescTable                            0x20000034   Data          16  system_stm32f10x.o(.data)
    __stdout                                 0x20000044   Data           4  usart.o(.data)
    usart1_rx_len                            0x20000048   Data           2  usart.o(.data)
    usart1RXTime                             0x2000004a   Data           1  usart.o(.data)
    PWMval                                   0x2000004c   Data           4  timer.o(.data)
    TIM_SetCompare                           0x20000050   Data           8  timer.o(.data)
    pxCurrentTCB                             0x20000088   Data           4  tasks.o(.data)
    net_KeyCD                                0x200000c4   Data           1  key.o(.data)
    net_key_time                             0x200000c5   Data           1  key.o(.data)
    LED1FlashTime                            0x200000c6   Data           1  led.o(.data)
    dht11_data                               0x200000c7   Data           4  dht11.o(.data)
    __microlib_freelist                      0x200000cc   Data           4  mvars.o(.data)
    __microlib_freelist_initialised          0x200000d0   Data           4  mvars.o(.data)
    usart1_rx_buffer                         0x2000057c   Data         200  usart.o(.bss)
    __heap_base                              0x20002f10   Data           0  startup_stm32f10x_md.o(HEAP)
    __heap_limit                             0x20003110   Data           0  startup_stm32f10x_md.o(HEAP)
    __initial_sp                             0x20003510   Data           0  startup_stm32f10x_md.o(STACK)



==============================================================================

Memory Map of the image

  Image Entry point : 0x0800019d

  Load Region LR_1 (Base: 0x08000000, Size: 0x00003040, Max: 0xffffffff, ABSOLUTE)

    Execution Region ER_RO (Exec base: 0x08000000, Load base: 0x08000000, Size: 0x00002f6c, Max: 0xffffffff, ABSOLUTE)

    Exec Addr    Load Addr    Size         Type   Attr      Idx    E Section Name        Object

    0x08000000   0x08000000   0x000000ec   Data   RO          440    RESET               startup_stm32f10x_md.o
    0x080000ec   0x080000ec   0x00000000   Code   RO         2795  * .ARM.Collect$$$$00000000  mc_w.l(entry.o)
    0x080000ec   0x080000ec   0x00000004   Code   RO         2830    .ARM.Collect$$$$00000001  mc_w.l(entry2.o)
    0x080000f0   0x080000f0   0x00000004   Code   RO         2833    .ARM.Collect$$$$00000004  mc_w.l(entry5.o)
    0x080000f4   0x080000f4   0x00000000   Code   RO         2835    .ARM.Collect$$$$00000008  mc_w.l(entry7b.o)
    0x080000f4   0x080000f4   0x00000000   Code   RO         2837    .ARM.Collect$$$$0000000A  mc_w.l(entry8b.o)
    0x080000f4   0x080000f4   0x00000008   Code   RO         2838    .ARM.Collect$$$$0000000B  mc_w.l(entry9a.o)
    0x080000fc   0x080000fc   0x00000004   Code   RO         2845    .ARM.Collect$$$$0000000E  mc_w.l(entry12b.o)
    0x08000100   0x08000100   0x00000000   Code   RO         2840    .ARM.Collect$$$$0000000F  mc_w.l(entry10a.o)
    0x08000100   0x08000100   0x00000000   Code   RO         2842    .ARM.Collect$$$$00000011  mc_w.l(entry11a.o)
    0x08000100   0x08000100   0x00000004   Code   RO         2831    .ARM.Collect$$$$00002712  mc_w.l(entry2.o)
    0x08000104   0x08000104   0x00000096   Code   RO         1847    .emb_text           port.o
    0x0800019a   0x0800019a   0x00000002   PAD
    0x0800019c   0x0800019c   0x00000024   Code   RO          441  * .text               startup_stm32f10x_md.o
    0x080001c0   0x080001c0   0x00000024   Code   RO         2798    .text               mc_w.l(memcpya.o)
    0x080001e4   0x080001e4   0x00000024   Code   RO         2848    .text               mc_w.l(init.o)
    0x08000208   0x08000208   0x000000a4   Code   RO            1    i.AnalyseCommand_Task  main.o
    0x080002ac   0x080002ac   0x00000004   Code   RO          220    i.BusFault_Handler  stm32f10x_it.o
    0x080002b0   0x080002b0   0x0000005c   Code   RO         2735    i.DHT11_Check       dht11.o
    0x0800030c   0x0800030c   0x00000030   Code   RO         2736    i.DHT11_IO_IN       dht11.o
    0x0800033c   0x0800033c   0x00000024   Code   RO         2737    i.DHT11_IO_OUT      dht11.o
    0x08000360   0x08000360   0x0000000c   Code   RO         2738    i.DHT11_Init        dht11.o
    0x0800036c   0x0800036c   0x00000060   Code   RO         2739    i.DHT11_Read_Bit    dht11.o
    0x080003cc   0x080003cc   0x0000001e   Code   RO         2740    i.DHT11_Read_Byte   dht11.o
    0x080003ea   0x080003ea   0x00000002   PAD
    0x080003ec   0x080003ec   0x0000002c   Code   RO         2741    i.DHT11_Rst         dht11.o
    0x08000418   0x08000418   0x00000068   Code   RO         2742    i.DHT11_Update_Data  dht11.o
    0x08000480   0x08000480   0x00000002   Code   RO          221    i.DebugMon_Handler  stm32f10x_it.o
    0x08000482   0x08000482   0x00000116   Code   RO          487    i.GPIO_Init         stm32f10x_gpio.o
    0x08000598   0x08000598   0x00000012   Code   RO          491    i.GPIO_ReadInputDataBit  stm32f10x_gpio.o
    0x080005aa   0x080005aa   0x00000004   Code   RO          494    i.GPIO_ResetBits    stm32f10x_gpio.o
    0x080005ae   0x080005ae   0x00000004   Code   RO          495    i.GPIO_SetBits      stm32f10x_gpio.o
    0x080005b2   0x080005b2   0x00000004   Code   RO          222    i.HardFault_Handler  stm32f10x_it.o
    0x080005b6   0x080005b6   0x00000002   PAD
    0x080005b8   0x080005b8   0x0000005c   Code   RO            2    i.Key_Task          main.o
    0x08000614   0x08000614   0x00000038   Code   RO         2605    i.LED1_Init         led.o
    0x0800064c   0x0800064c   0x00000038   Code   RO         2606    i.LED2_Init         led.o
    0x08000684   0x08000684   0x0000000c   Code   RO         2607    i.LED_Init          led.o
    0x08000690   0x08000690   0x00000004   Code   RO          223    i.MemManage_Handler  stm32f10x_it.o
    0x08000694   0x08000694   0x00000002   Code   RO          224    i.NMI_Handler       stm32f10x_it.o
    0x08000696   0x08000696   0x00000002   PAD
    0x08000698   0x08000698   0x00000070   Code   RO          445    i.NVIC_Init         misc.o
    0x08000708   0x08000708   0x00000014   Code   RO          446    i.NVIC_PriorityGroupConfig  misc.o
    0x0800071c   0x0800071c   0x00000080   Code   RO          396    i.PWM_Curtain_Set   timer.o
    0x0800079c   0x0800079c   0x00000020   Code   RO          621    i.RCC_APB1PeriphClockCmd  stm32f10x_rcc.o
    0x080007bc   0x080007bc   0x00000020   Code   RO          623    i.RCC_APB2PeriphClockCmd  stm32f10x_rcc.o
    0x080007dc   0x080007dc   0x000000d4   Code   RO          631    i.RCC_GetClocksFreq  stm32f10x_rcc.o
    0x080008b0   0x080008b0   0x00000134   Code   RO            3    i.SendHBPack_Task   main.o
    0x080009e4   0x080009e4   0x00000008   Code   RO          297    i.SetSysClock       system_stm32f10x.o
    0x080009ec   0x080009ec   0x000000e0   Code   RO          298    i.SetSysClockTo72   system_stm32f10x.o
    0x08000acc   0x08000acc   0x00000008   Code   RO          225    i.SysTick_Handler   stm32f10x_it.o
    0x08000ad4   0x08000ad4   0x00000060   Code   RO          300    i.SystemInit        system_stm32f10x.o
    0x08000b34   0x08000b34   0x0000010c   Code   RO            4    i.TIM2_IRQHandler   main.o
    0x08000c40   0x08000c40   0x00000058   Code   RO          397    i.TIM2_Int_Init     timer.o
    0x08000c98   0x08000c98   0x000000c0   Code   RO          398    i.TIM3_PWM_Init     timer.o
    0x08000d58   0x08000d58   0x00000018   Code   RO         1045    i.TIM_ARRPreloadConfig  stm32f10x_tim.o
    0x08000d70   0x08000d70   0x00000006   Code   RO         1052    i.TIM_ClearITPendingBit  stm32f10x_tim.o
    0x08000d76   0x08000d76   0x00000018   Code   RO         1057    i.TIM_Cmd           stm32f10x_tim.o
    0x08000d8e   0x08000d8e   0x00000022   Code   RO         1078    i.TIM_GetITStatus   stm32f10x_tim.o
    0x08000db0   0x08000db0   0x00000012   Code   RO         1082    i.TIM_ITConfig      stm32f10x_tim.o
    0x08000dc2   0x08000dc2   0x00000002   PAD
    0x08000dc4   0x08000dc4   0x00000098   Code   RO         1086    i.TIM_OC1Init       stm32f10x_tim.o
    0x08000e5c   0x08000e5c   0x00000012   Code   RO         1089    i.TIM_OC1PreloadConfig  stm32f10x_tim.o
    0x08000e6e   0x08000e6e   0x00000002   PAD
    0x08000e70   0x08000e70   0x000000a4   Code   RO         1091    i.TIM_OC2Init       stm32f10x_tim.o
    0x08000f14   0x08000f14   0x0000001a   Code   RO         1094    i.TIM_OC2PreloadConfig  stm32f10x_tim.o
    0x08000f2e   0x08000f2e   0x00000004   Code   RO         1118    i.TIM_SetCompare1   stm32f10x_tim.o
    0x08000f32   0x08000f32   0x00000004   Code   RO         1119    i.TIM_SetCompare2   stm32f10x_tim.o
    0x08000f36   0x08000f36   0x00000002   PAD
    0x08000f38   0x08000f38   0x000000a4   Code   RO         1128    i.TIM_TimeBaseInit  stm32f10x_tim.o
    0x08000fdc   0x08000fdc   0x00000134   Code   RO            5    i.Try_To_Link       main.o
    0x08001110   0x08001110   0x00000050   Code   RO            6    i.USART1_IRQHandler  main.o
    0x08001160   0x08001160   0x00000012   Code   RO          819    i.USART_ClearFlag   stm32f10x_usart.o
    0x08001172   0x08001172   0x00000018   Code   RO          823    i.USART_Cmd         stm32f10x_usart.o
    0x0800118a   0x0800118a   0x0000001a   Code   RO          826    i.USART_GetFlagStatus  stm32f10x_usart.o
    0x080011a4   0x080011a4   0x00000054   Code   RO          827    i.USART_GetITStatus  stm32f10x_usart.o
    0x080011f8   0x080011f8   0x0000004a   Code   RO          829    i.USART_ITConfig    stm32f10x_usart.o
    0x08001242   0x08001242   0x00000002   PAD
    0x08001244   0x08001244   0x000000d8   Code   RO          830    i.USART_Init        stm32f10x_usart.o
    0x0800131c   0x0800131c   0x0000000a   Code   RO          837    i.USART_ReceiveData  stm32f10x_usart.o
    0x08001326   0x08001326   0x00000008   Code   RO          840    i.USART_SendData    stm32f10x_usart.o
    0x0800132e   0x0800132e   0x00000004   Code   RO          226    i.UsageFault_Handler  stm32f10x_it.o
    0x08001332   0x08001332   0x00000002   PAD
    0x08001334   0x08001334   0x00000198   Code   RO         2666    i.Zigbee_Analyse_Command_Data  zigbee.o
    0x080014cc   0x080014cc   0x00000098   Code   RO         2667    i.Zigbee_Change_Mode  zigbee.o
    0x08001564   0x08001564   0x00000050   Code   RO         2669    i.Zigbee_Get_State  zigbee.o
    0x080015b4   0x080015b4   0x00000050   Code   RO         2670    i.Zigbee_Open_Net   zigbee.o
    0x08001604   0x08001604   0x00000074   Code   RO         2671    i.Zigbee_Restart    zigbee.o
    0x08001678   0x08001678   0x00000084   Code   RO         2672    i.Zigbee_Restore_Factory_Setting  zigbee.o
    0x080016fc   0x080016fc   0x0000009c   Code   RO         2673    i.Zigbee_Set_Send_Target  zigbee.o
    0x08001798   0x08001798   0x00000050   Code   RO         2674    i.Zigbee_Set_Type_To_Active_Terminal  zigbee.o
    0x080017e8   0x080017e8   0x000000c4   Code   RO         2675    i.Zigbee_Update_TerminalOnlineFlag  zigbee.o
    0x080018ac   0x080018ac   0x0000000e   Code   RO         2852    i.__scatterload_copy  mc_w.l(handlers.o)
    0x080018ba   0x080018ba   0x00000002   Code   RO         2853    i.__scatterload_null  mc_w.l(handlers.o)
    0x080018bc   0x080018bc   0x0000000e   Code   RO         2854    i.__scatterload_zeroinit  mc_w.l(handlers.o)
    0x080018ca   0x080018ca   0x0000000c   Code   RO          331    i.delay_ms          delay.o
    0x080018d6   0x080018d6   0x00000002   PAD
    0x080018d8   0x080018d8   0x00000074   Code   RO          332    i.delay_us          delay.o
    0x0800194c   0x0800194c   0x00000050   Code   RO         2802    i.free              mc_w.l(malloc.o)
    0x0800199c   0x0800199c   0x00000008   Code   RO         2575    i.key_init          key.o
    0x080019a4   0x080019a4   0x0000002c   Code   RO         2576    i.key_scan          key.o
    0x080019d0   0x080019d0   0x000000b0   Code   RO            7    i.main              main.o
    0x08001a80   0x08001a80   0x0000006c   Code   RO         2803    i.malloc            mc_w.l(malloc.o)
    0x08001aec   0x08001aec   0x00000028   Code   RO         2577    i.net_key_init      key.o
    0x08001b14   0x08001b14   0x00000098   Code   RO         2266    i.prvAddCurrentTaskToDelayedList  tasks.o
    0x08001bac   0x08001bac   0x000000b4   Code   RO         2267    i.prvAddNewTaskToReadyList  tasks.o
    0x08001c60   0x08001c60   0x00000064   Code   RO         2268    i.prvCheckTasksWaitingTermination  tasks.o
    0x08001cc4   0x08001cc4   0x0000002a   Code   RO         2107    i.prvCopyDataFromQueue  queue.o
    0x08001cee   0x08001cee   0x0000007c   Code   RO         2108    i.prvCopyDataToQueue  queue.o
    0x08001d6a   0x08001d6a   0x00000028   Code   RO         2269    i.prvDeleteTCB      tasks.o
    0x08001d92   0x08001d92   0x00000002   PAD
    0x08001d94   0x08001d94   0x0000007c   Code   RO         1918    i.prvHeapInit       heap_4.o
    0x08001e10   0x08001e10   0x00000028   Code   RO         2270    i.prvIdleTask       tasks.o
    0x08001e38   0x08001e38   0x00000026   Code   RO         2110    i.prvInitialiseNewQueue  queue.o
    0x08001e5e   0x08001e5e   0x00000086   Code   RO         2271    i.prvInitialiseNewTask  tasks.o
    0x08001ee4   0x08001ee4   0x00000068   Code   RO         2272    i.prvInitialiseTaskLists  tasks.o
    0x08001f4c   0x08001f4c   0x00000068   Code   RO         1919    i.prvInsertBlockIntoFreeList  heap_4.o
    0x08001fb4   0x08001fb4   0x0000001a   Code   RO         2111    i.prvIsQueueEmpty   queue.o
    0x08001fce   0x08001fce   0x0000001e   Code   RO         2112    i.prvIsQueueFull    queue.o
    0x08001fec   0x08001fec   0x00000034   Code   RO         2273    i.prvResetNextTaskUnblockTime  tasks.o
    0x08002020   0x08002020   0x00000016   Code   RO         1848    i.prvTaskExitError  port.o
    0x08002036   0x08002036   0x0000007e   Code   RO         2113    i.prvUnlockQueue    queue.o
    0x080020b4   0x080020b4   0x000000d0   Code   RO         1920    i.pvPortMalloc      heap_4.o
    0x08002184   0x08002184   0x00000020   Code   RO         2275    i.pvTaskIncrementMutexHeldCount  tasks.o
    0x080021a4   0x080021a4   0x00000024   Code   RO         1849    i.pxPortInitialiseStack  port.o
    0x080021c8   0x080021c8   0x000000ec   Code   RO          351    i.send_customFrame  usart.o
    0x080022b4   0x080022b4   0x00000040   Code   RO            8    i.setup             main.o
    0x080022f4   0x080022f4   0x000000ac   Code   RO          352    i.usart1_init       usart.o
    0x080023a0   0x080023a0   0x00000028   Code   RO         2071    i.uxListRemove      list.o
    0x080023c8   0x080023c8   0x00000018   Code   RO            9    i.vApplicationGetIdleTaskMemory  main.o
    0x080023e0   0x080023e0   0x0000001a   Code   RO         2072    i.vListInitialise   list.o
    0x080023fa   0x080023fa   0x00000006   Code   RO         2073    i.vListInitialiseItem  list.o
    0x08002400   0x08002400   0x00000034   Code   RO         2074    i.vListInsert       list.o
    0x08002434   0x08002434   0x00000018   Code   RO         2075    i.vListInsertEnd    list.o
    0x0800244c   0x0800244c   0x00000024   Code   RO         1851    i.vPortEnterCritical  port.o
    0x08002470   0x08002470   0x00000020   Code   RO         1852    i.vPortExitCritical  port.o
    0x08002490   0x08002490   0x00000048   Code   RO         1921    i.vPortFree         heap_4.o
    0x080024d8   0x080024d8   0x00000014   Code   RO         1853    i.vPortSetupTimerInterrupt  port.o
    0x080024ec   0x080024ec   0x00000034   Code   RO         2281    i.vTaskDelay        tasks.o
    0x08002520   0x08002520   0x0000000c   Code   RO         2285    i.vTaskMissedYield  tasks.o
    0x0800252c   0x0800252c   0x00000020   Code   RO         2287    i.vTaskPlaceOnEventList  tasks.o
    0x0800254c   0x0800254c   0x000000b0   Code   RO         2289    i.vTaskPriorityInherit  tasks.o
    0x080025fc   0x080025fc   0x00000018   Code   RO         2292    i.vTaskSetTimeOutState  tasks.o
    0x08002614   0x08002614   0x0000008c   Code   RO         2293    i.vTaskStartScheduler  tasks.o
    0x080026a0   0x080026a0   0x00000010   Code   RO         2295    i.vTaskSuspendAll   tasks.o
    0x080026b0   0x080026b0   0x00000060   Code   RO         2296    i.vTaskSwitchContext  tasks.o
    0x08002710   0x08002710   0x00000034   Code   RO         1854    i.xPortStartScheduler  port.o
    0x08002744   0x08002744   0x00000034   Code   RO         1855    i.xPortSysTickHandler  port.o
    0x08002778   0x08002778   0x0000003e   Code   RO         2122    i.xQueueGenericCreate  queue.o
    0x080027b6   0x080027b6   0x00000002   PAD
    0x080027b8   0x080027b8   0x0000015c   Code   RO         2124    i.xQueueGenericReceive  queue.o
    0x08002914   0x08002914   0x00000080   Code   RO         2125    i.xQueueGenericReset  queue.o
    0x08002994   0x08002994   0x00000118   Code   RO         2126    i.xQueueGenericSend  queue.o
    0x08002aac   0x08002aac   0x00000086   Code   RO         2127    i.xQueueGenericSendFromISR  queue.o
    0x08002b32   0x08002b32   0x00000002   PAD
    0x08002b34   0x08002b34   0x0000005c   Code   RO         2297    i.xTaskCheckForTimeOut  tasks.o
    0x08002b90   0x08002b90   0x00000064   Code   RO         2298    i.xTaskCreate       tasks.o
    0x08002bf4   0x08002bf4   0x0000004e   Code   RO         2299    i.xTaskCreateStatic  tasks.o
    0x08002c42   0x08002c42   0x00000002   PAD
    0x08002c44   0x08002c44   0x0000011c   Code   RO         2305    i.xTaskIncrementTick  tasks.o
    0x08002d60   0x08002d60   0x00000084   Code   RO         2308    i.xTaskPriorityDisinherit  tasks.o
    0x08002de4   0x08002de4   0x00000080   Code   RO         2309    i.xTaskRemoveFromEventList  tasks.o
    0x08002e64   0x08002e64   0x000000e8   Code   RO         2311    i.xTaskResumeAll    tasks.o
    0x08002f4c   0x08002f4c   0x00000020   Data   RO         2850    Region$$Table       anon$$obj.o


    Execution Region ER_RW (Exec base: 0x20000000, Load base: 0x08002f6c, Size: 0x000000d4, Max: 0xffffffff, ABSOLUTE)

    Exec Addr    Load Addr    Size         Type   Attr      Idx    E Section Name        Object

    0x20000000   0x08002f6c   0x00000030   Data   RW           12    .data               main.o
    0x20000030   0x08002f9c   0x00000014   Data   RW          301    .data               system_stm32f10x.o
    0x20000044   0x08002fb0   0x00000007   Data   RW          354    .data               usart.o
    0x2000004b   0x08002fb7   0x00000001   PAD
    0x2000004c   0x08002fb8   0x0000000c   Data   RW          399    .data               timer.o
    0x20000058   0x08002fc4   0x00000014   Data   RW          651    .data               stm32f10x_rcc.o
    0x2000006c   0x08002fd8   0x00000004   Data   RW         1856    .data               port.o
    0x20000070   0x08002fdc   0x00000018   Data   RW         1926    .data               heap_4.o
    0x20000088   0x08002ff4   0x0000003c   Data   RW         2314    .data               tasks.o
    0x200000c4   0x08003030   0x00000002   Data   RW         2578    .data               key.o
    0x200000c6   0x08003032   0x00000001   Data   RW         2608    .data               led.o
    0x200000c7   0x08003033   0x00000004   Data   RW         2743    .data               dht11.o
    0x200000cb   0x08003037   0x00000001   PAD
    0x200000cc   0x08003038   0x00000004   Data   RW         2846    .data               mc_w.l(mvars.o)
    0x200000d0   0x0800303c   0x00000004   Data   RW         2847    .data               mc_w.l(mvars.o)


    Execution Region ER_ZI (Exec base: 0x200000d4, Load base: 0x08003040, Size: 0x0000343c, Max: 0xffffffff, ABSOLUTE)

    Exec Addr    Load Addr    Size         Type   Attr      Idx    E Section Name        Object

    0x200000d4        -       0x000004a8   Zero   RW           11    .bss                main.o
    0x2000057c        -       0x000000c8   Zero   RW          353    .bss                usart.o
    0x20000644        -       0x00002800   Zero   RW         1925    .bss                heap_4.o
    0x20002e44        -       0x000000c8   Zero   RW         2313    .bss                tasks.o
    0x20002f0c   0x08003040   0x00000004   PAD
    0x20002f10        -       0x00000200   Zero   RW          439    HEAP                startup_stm32f10x_md.o
    0x20003110        -       0x00000400   Zero   RW          438    STACK               startup_stm32f10x_md.o


==============================================================================

Image component sizes


      Code (inc. data)   RO Data    RW Data    ZI Data      Debug   Object Name

         0          0          0          0          0         32   core_cm3.o
       128         10          0          0          0       1182   delay.o
       462         30          0          4          0       5112   dht11.o
         0          0          0          0          0      15456   event_groups.o
       508         62          0         24      10240       3855   heap_4.o
        92         16          0          2          0       1774   key.o
       124         12          0          1          0       1735   led.o
       148          0          0          0          0       3182   list.o
      1484        208          0         48       1192     278429   main.o
       132         22          0          0          0       1575   misc.o
       400         50          0          4          0       9132   port.o
      1338         16          0          0          0      10545   queue.o
        36          8        236          0       1536        812   startup_stm32f10x_md.o
       304          0          0          0          0       3728   stm32f10x_gpio.o
        28          0          0          0          0       3019   stm32f10x_it.o
       276         32          0         20          0       4510   stm32f10x_rcc.o
       638         72          0          0          0       7999   stm32f10x_tim.o
       460          6          0          0          0       6847   stm32f10x_usart.o
       328         28          0         20          0       2157   system_stm32f10x.o
      2428        344          0         60        200      35262   tasks.o
       408         22          0         12          0       2726   timer.o
       408         16          0          7        200       5215   usart.o
      1400        140          0          0          0       7839   zigbee.o

    ----------------------------------------------------------------------
     11558       1094        268        204      13372     412123   Object Totals
         0          0         32          0          0          0   (incl. Generated)
        28          0          0          2          4          0   (incl. Padding)

    ----------------------------------------------------------------------

      Code (inc. data)   RO Data    RW Data    ZI Data      Debug   Library Member Name

         0          0          0          0          0          0   entry.o
         0          0          0          0          0          0   entry10a.o
         0          0          0          0          0          0   entry11a.o
         4          0          0          0          0          0   entry12b.o
         8          4          0          0          0          0   entry2.o
         4          0          0          0          0          0   entry5.o
         0          0          0          0          0          0   entry7b.o
         0          0          0          0          0          0   entry8b.o
         8          4          0          0          0          0   entry9a.o
        30          0          0          0          0          0   handlers.o
        36          8          0          0          0         68   init.o
       188         20          0          0          0        160   malloc.o
        36          0          0          0          0         68   memcpya.o
         0          0          0          8          0          0   mvars.o

    ----------------------------------------------------------------------
       314         36          0          8          0        296   Library Totals
         0          0          0          0          0          0   (incl. Padding)

    ----------------------------------------------------------------------

      Code (inc. data)   RO Data    RW Data    ZI Data      Debug   Library Name

       314         36          0          8          0        296   mc_w.l

    ----------------------------------------------------------------------
       314         36          0          8          0        296   Library Totals

    ----------------------------------------------------------------------

==============================================================================


      Code (inc. data)   RO Data    RW Data    ZI Data      Debug   

     11872       1130        268        212      13372     405915   Grand Totals
     11872       1130        268        212      13372     405915   ELF Image Totals
     11872       1130        268        212          0          0   ROM Totals

==============================================================================

    Total RO  Size (Code + RO Data)                12140 (  11.86kB)
    Total RW  Size (RW Data + ZI Data)             13584 (  13.27kB)
    Total ROM Size (Code + RO Data + RW Data)      12352 (  12.06kB)

==============================================================================

